=== [1/48] chain T=4 p=5 L=2 direct (22:10)
runs/kt1/chain_T4_p5/direct-compact-L2-D256-lr0.001-s0 | 1,650,432 params | cuda | stages [(None, 30)]
  stage None epoch 0  val 0.2895  step 391  0.0 min
  stage None epoch 1  val 0.3065  step 782  0.1 min
  stage None epoch 2  val 0.3005  step 1173  0.1 min
  stage None epoch 3  val 0.3090  step 1564  0.1 min
  stage None epoch 4  val 0.3055  step 1955  0.2 min
  stage None epoch 5  val 0.3025  step 2346  0.2 min
  stage None epoch 6  val 0.3030  step 2737  0.2 min
  stage None epoch 7  val 0.3005  step 3128  0.3 min
  stage None epoch 8  val 0.3075  step 3519  0.3 min
  stage None epoch 9  val 0.3025  step 3910  0.3 min
  stage None epoch 10  val 0.3080  step 4301  0.4 min
  stage None epoch 11  val 0.3030  step 4692  0.4 min
  stage None epoch 12  val 0.3020  step 5083  0.4 min
  stage None epoch 13  val 0.3025  step 5474  0.5 min
  stage None epoch 14  val 0.3015  step 5865  0.5 min
  stage None epoch 15  val 0.3085  step 6256  0.5 min
  stage None epoch 16  val 0.3090  step 6647  0.5 min
  stage None epoch 17  val 0.3005  step 7038  0.6 min
  stage None epoch 18  val 0.3045  step 7429  0.6 min
  stage None epoch 19  val 0.3040  step 7820  0.6 min
  stage None epoch 20  val 0.3045  step 8211  0.7 min
  stage None epoch 21  val 0.3135  step 8602  0.7 min
  stage None epoch 22  val 0.2990  step 8993  0.7 min
  stage None epoch 23  val 0.3110  step 9384  0.8 min
  stage None epoch 24  val 0.3190  step 9775  0.8 min
  stage None epoch 25  val 0.3165  step 10166  0.8 min
  stage None epoch 26  val 0.3080  step 10557  0.9 min
  stage None epoch 27  val 0.3180  step 10948  0.9 min
  stage None epoch 28  val 0.3055  step 11339  0.9 min
  stage None epoch 29  val 0.3205  step 11730  1.0 min
done runs/kt1/chain_T4_p5/direct-compact-L2-D256-lr0.001-s0: val 0.3063
=== [2/48] chain T=4 p=5 L=2 cot (22:11)
runs/kt1/chain_T4_p5/cot-compact-L2-D256-lr0.001-s0 | 1,650,432 params | cuda | stages [(None, 30)]
  stage None epoch 0  val 1.0000  step 391  0.0 min
  stage None epoch 1  val 1.0000  step 782  0.1 min
  stage None epoch 2  val 1.0000  step 1173  0.1 min
  stage None epoch 3  val 1.0000  step 1564  0.2 min
  stage None epoch 4  val 1.0000  step 1955  0.2 min
  stage None epoch 5  val 1.0000  step 2346  0.2 min
  stage None epoch 6  val 1.0000  step 2737  0.3 min
  stage None epoch 7  val 1.0000  step 3128  0.3 min
  stage None epoch 8  val 1.0000  step 3519  0.3 min
  stage None epoch 9  val 1.0000  step 3910  0.4 min
  stage None epoch 10  val 1.0000  step 4301  0.4 min
  stage None epoch 11  val 1.0000  step 4692  0.4 min
  stage None epoch 12  val 1.0000  step 5083  0.5 min
  stage None epoch 13  val 1.0000  step 5474  0.5 min
  stage None epoch 14  val 1.0000  step 5865  0.5 min
  stage None epoch 15  val 1.0000  step 6256  0.6 min
  stage None epoch 16  val 1.0000  step 6647  0.6 min
  stage None epoch 17  val 1.0000  step 7038  0.6 min
  stage None epoch 18  val 1.0000  step 7429  0.7 min
  stage None epoch 19  val 1.0000  step 7820  0.7 min
  stage None epoch 20  val 1.0000  step 8211  0.7 min
  stage None epoch 21  val 1.0000  step 8602  0.8 min
  stage None epoch 22  val 1.0000  step 8993  0.8 min
  stage None epoch 23  val 1.0000  step 9384  0.8 min
  stage None epoch 24  val 1.0000  step 9775  0.9 min
  stage None epoch 25  val 1.0000  step 10166  0.9 min
  stage None epoch 26  val 1.0000  step 10557  0.9 min
  stage None epoch 27  val 1.0000  step 10948  1.0 min
  stage None epoch 28  val 1.0000  step 11339  1.0 min
  stage None epoch 29  val 1.0000  step 11730  1.0 min
done runs/kt1/chain_T4_p5/cot-compact-L2-D256-lr0.001-s0: val 1.0000
=== [3/48] chain T=4 p=5 L=4 direct (22:12)
runs/kt1/chain_T4_p5/direct-compact-L4-D256-lr0.001-s0 | 3,229,952 params | cuda | stages [(None, 30)]
  stage None epoch 0  val 0.2785  step 391  0.1 min
  stage None epoch 1  val 0.2865  step 782  0.1 min
  stage None epoch 2  val 0.2900  step 1173  0.1 min
  stage None epoch 3  val 0.2945  step 1564  0.2 min
  stage None epoch 4  val 0.2920  step 1955  0.2 min
  stage None epoch 5  val 0.2860  step 2346  0.3 min
  stage None epoch 6  val 0.2890  step 2737  0.3 min
  stage None epoch 7  val 0.2950  step 3128  0.3 min
  stage None epoch 8  val 0.2950  step 3519  0.4 min
  stage None epoch 9  val 0.2960  step 3910  0.4 min
  stage None epoch 10  val 0.2965  step 4301  0.5 min
  stage None epoch 11  val 0.3075  step 4692  0.5 min
  stage None epoch 12  val 0.2940  step 5083  0.5 min
  stage None epoch 13  val 0.2900  step 5474  0.6 min
  stage None epoch 14  val 0.2865  step 5865  0.6 min
  stage None epoch 15  val 0.3130  step 6256  0.7 min
  stage None epoch 16  val 0.3160  step 6647  0.7 min
  stage None epoch 17  val 0.2935  step 7038  0.8 min
  stage None epoch 18  val 0.3250  step 7429  0.8 min
  stage None epoch 19  val 0.3285  step 7820  0.8 min
  stage None epoch 20  val 0.3150  step 8211  0.9 min
  stage None epoch 21  val 0.3195  step 8602  0.9 min
  stage None epoch 22  val 0.3105  step 8993  1.0 min
  stage None epoch 23  val 0.3200  step 9384  1.0 min
  stage None epoch 24  val 0.3250  step 9775  1.1 min
  stage None epoch 25  val 0.3265  step 10166  1.1 min
  stage None epoch 26  val 0.3170  step 10557  1.1 min
  stage None epoch 27  val 0.3200  step 10948  1.2 min
  stage None epoch 28  val 0.3255  step 11339  1.2 min
  stage None epoch 29  val 0.3295  step 11730  1.3 min
done runs/kt1/chain_T4_p5/direct-compact-L4-D256-lr0.001-s0: val 0.3321
=== [4/48] chain T=4 p=5 L=4 cot (22:13)
runs/kt1/chain_T4_p5/cot-compact-L4-D256-lr0.001-s0 | 3,229,952 params | cuda | stages [(None, 30)]
  stage None epoch 0  val 1.0000  step 391  0.1 min
  stage None epoch 1  val 1.0000  step 782  0.1 min
  stage None epoch 2  val 1.0000  step 1173  0.2 min
  stage None epoch 3  val 1.0000  step 1564  0.2 min
  stage None epoch 4  val 1.0000  step 1955  0.3 min
  stage None epoch 5  val 1.0000  step 2346  0.3 min
  stage None epoch 6  val 1.0000  step 2737  0.4 min
  stage None epoch 7  val 1.0000  step 3128  0.4 min
  stage None epoch 8  val 1.0000  step 3519  0.5 min
  stage None epoch 9  val 1.0000  step 3910  0.5 min
  stage None epoch 10  val 1.0000  step 4301  0.6 min
  stage None epoch 11  val 1.0000  step 4692  0.6 min
  stage None epoch 12  val 1.0000  step 5083  0.6 min
  stage None epoch 13  val 1.0000  step 5474  0.7 min
  stage None epoch 14  val 1.0000  step 5865  0.7 min
  stage None epoch 15  val 1.0000  step 6256  0.8 min
  stage None epoch 16  val 0.9830  step 6647  0.8 min
  stage None epoch 17  val 1.0000  step 7038  0.9 min
  stage None epoch 18  val 1.0000  step 7429  0.9 min
  stage None epoch 19  val 1.0000  step 7820  1.0 min
  stage None epoch 20  val 1.0000  step 8211  1.0 min
  stage None epoch 21  val 1.0000  step 8602  1.1 min
  stage None epoch 22  val 1.0000  step 8993  1.1 min
  stage None epoch 23  val 1.0000  step 9384  1.2 min
  stage None epoch 24  val 1.0000  step 9775  1.2 min
  stage None epoch 25  val 1.0000  step 10166  1.3 min
  stage None epoch 26  val 1.0000  step 10557  1.3 min
  stage None epoch 27  val 1.0000  step 10948  1.3 min
  stage None epoch 28  val 1.0000  step 11339  1.4 min
  stage None epoch 29  val 1.0000  step 11730  1.4 min
done runs/kt1/chain_T4_p5/cot-compact-L4-D256-lr0.001-s0: val 1.0000
=== [5/48] chain T=8 p=5 L=2 direct (22:14)
runs/kt1/chain_T8_p5/direct-compact-L2-D256-lr0.001-s0 | 1,650,432 params | cuda | stages [(None, 30)]
  stage None epoch 0  val 0.2720  step 391  0.0 min
  stage None epoch 1  val 0.2890  step 782  0.1 min
  stage None epoch 2  val 0.2970  step 1173  0.1 min
  stage None epoch 3  val 0.2855  step 1564  0.1 min
  stage None epoch 4  val 0.2855  step 1955  0.2 min
  stage None epoch 5  val 0.2945  step 2346  0.2 min
  stage None epoch 6  val 0.2930  step 2737  0.2 min
  stage None epoch 7  val 0.2925  step 3128  0.3 min
  stage None epoch 8  val 0.2850  step 3519  0.3 min
  stage None epoch 9  val 0.2935  step 3910  0.3 min
  stage None epoch 10  val 0.2860  step 4301  0.4 min
  stage None epoch 11  val 0.2935  step 4692  0.4 min
  stage None epoch 12  val 0.2940  step 5083  0.4 min
  stage None epoch 13  val 0.2965  step 5474  0.5 min
  stage None epoch 14  val 0.2980  step 5865  0.5 min
  stage None epoch 15  val 0.2935  step 6256  0.5 min
  stage None epoch 16  val 0.2965  step 6647  0.5 min
  stage None epoch 17  val 0.2960  step 7038  0.6 min
  stage None epoch 18  val 0.2960  step 7429  0.6 min
  stage None epoch 19  val 0.2985  step 7820  0.6 min
  stage None epoch 20  val 0.3005  step 8211  0.7 min
  stage None epoch 21  val 0.3125  step 8602  0.7 min
  stage None epoch 22  val 0.2915  step 8993  0.7 min
  stage None epoch 23  val 0.2985  step 9384  0.8 min
  stage None epoch 24  val 0.2995  step 9775  0.8 min
  stage None epoch 25  val 0.3040  step 10166  0.8 min
  stage None epoch 26  val 0.2995  step 10557  0.9 min
  stage None epoch 27  val 0.3070  step 10948  0.9 min
  stage None epoch 28  val 0.3145  step 11339  0.9 min
  stage None epoch 29  val 0.3095  step 11730  1.0 min
done runs/kt1/chain_T8_p5/direct-compact-L2-D256-lr0.001-s0: val 0.3112
=== [6/48] chain T=8 p=5 L=2 cot (22:15)
runs/kt1/chain_T8_p5/cot-compact-L2-D256-lr0.001-s0 | 1,650,432 params | cuda | stages [(None, 30)]
  stage None epoch 0  val 0.9640  step 391  0.1 min
  stage None epoch 1  val 1.0000  step 782  0.1 min
  stage None epoch 2  val 0.9960  step 1173  0.2 min
  stage None epoch 3  val 1.0000  step 1564  0.2 min
  stage None epoch 4  val 0.9230  step 1955  0.3 min
  stage None epoch 5  val 1.0000  step 2346  0.3 min
  stage None epoch 6  val 1.0000  step 2737  0.4 min
  stage None epoch 7  val 1.0000  step 3128  0.4 min
  stage None epoch 8  val 1.0000  step 3519  0.4 min
  stage None epoch 9  val 1.0000  step 3910  0.5 min
  stage None epoch 10  val 0.9820  step 4301  0.5 min
  stage None epoch 11  val 1.0000  step 4692  0.6 min
  stage None epoch 12  val 1.0000  step 5083  0.6 min
  stage None epoch 13  val 1.0000  step 5474  0.7 min
  stage None epoch 14  val 1.0000  step 5865  0.7 min
  stage None epoch 15  val 1.0000  step 6256  0.8 min
  stage None epoch 16  val 1.0000  step 6647  0.8 min
  stage None epoch 17  val 1.0000  step 7038  0.9 min
  stage None epoch 18  val 1.0000  step 7429  0.9 min
  stage None epoch 19  val 1.0000  step 7820  1.0 min
  stage None epoch 20  val 1.0000  step 8211  1.0 min
  stage None epoch 21  val 1.0000  step 8602  1.1 min
  stage None epoch 22  val 1.0000  step 8993  1.1 min
  stage None epoch 23  val 1.0000  step 9384  1.2 min
  stage None epoch 24  val 1.0000  step 9775  1.2 min
  stage None epoch 25  val 1.0000  step 10166  1.3 min
  stage None epoch 26  val 1.0000  step 10557  1.3 min
  stage None epoch 27  val 1.0000  step 10948  1.4 min
  stage None epoch 28  val 1.0000  step 11339  1.4 min
  stage None epoch 29  val 1.0000  step 11730  1.5 min
done runs/kt1/chain_T8_p5/cot-compact-L2-D256-lr0.001-s0: val 1.0000
=== [7/48] chain T=8 p=5 L=4 direct (22:17)
runs/kt1/chain_T8_p5/direct-compact-L4-D256-lr0.001-s0 | 3,229,952 params | cuda | stages [(None, 30)]
  stage None epoch 0  val 0.2700  step 391  0.1 min
  stage None epoch 1  val 0.2730  step 782  0.1 min
  stage None epoch 2  val 0.2720  step 1173  0.1 min
  stage None epoch 3  val 0.2655  step 1564  0.2 min
  stage None epoch 4  val 0.2775  step 1955  0.2 min
  stage None epoch 5  val 0.2905  step 2346  0.3 min
  stage None epoch 6  val 0.2915  step 2737  0.3 min
  stage None epoch 7  val 0.2960  step 3128  0.4 min
  stage None epoch 8  val 0.2700  step 3519  0.4 min
  stage None epoch 9  val 0.2920  step 3910  0.5 min
  stage None epoch 10  val 0.2880  step 4301  0.5 min
  stage None epoch 11  val 0.2915  step 4692  0.5 min
  stage None epoch 12  val 0.2935  step 5083  0.6 min
  stage None epoch 13  val 0.2935  step 5474  0.6 min
  stage None epoch 14  val 0.2930  step 5865  0.7 min
  stage None epoch 15  val 0.2930  step 6256  0.7 min
  stage None epoch 16  val 0.3015  step 6647  0.8 min
  stage None epoch 17  val 0.3030  step 7038  0.8 min
  stage None epoch 18  val 0.3090  step 7429  0.9 min
  stage None epoch 19  val 0.2950  step 7820  0.9 min
  stage None epoch 20  val 0.3030  step 8211  0.9 min
  stage None epoch 21  val 0.3135  step 8602  1.0 min
  stage None epoch 22  val 0.3000  step 8993  1.0 min
  stage None epoch 23  val 0.3105  step 9384  1.1 min
  stage None epoch 24  val 0.2985  step 9775  1.1 min
  stage None epoch 25  val 0.3090  step 10166  1.2 min
  stage None epoch 26  val 0.3100  step 10557  1.2 min
  stage None epoch 27  val 0.3050  step 10948  1.3 min
  stage None epoch 28  val 0.2900  step 11339  1.3 min
  stage None epoch 29  val 0.2850  step 11730  1.3 min
done runs/kt1/chain_T8_p5/direct-compact-L4-D256-lr0.001-s0: val 0.3126
=== [8/48] chain T=8 p=5 L=4 cot (22:18)
runs/kt1/chain_T8_p5/cot-compact-L4-D256-lr0.001-s0 | 3,229,952 params | cuda | stages [(None, 30)]
  stage None epoch 0  val 0.5825  step 391  0.1 min
  stage None epoch 1  val 1.0000  step 782  0.2 min
  stage None epoch 2  val 1.0000  step 1173  0.2 min
  stage None epoch 3  val 1.0000  step 1564  0.3 min
  stage None epoch 4  val 1.0000  step 1955  0.4 min
  stage None epoch 5  val 1.0000  step 2346  0.5 min
  stage None epoch 6  val 1.0000  step 2737  0.6 min
  stage None epoch 7  val 1.0000  step 3128  0.7 min
  stage None epoch 8  val 1.0000  step 3519  0.7 min
  stage None epoch 9  val 1.0000  step 3910  0.8 min
  stage None epoch 10  val 1.0000  step 4301  0.9 min
  stage None epoch 11  val 0.9870  step 4692  1.0 min
  stage None epoch 12  val 1.0000  step 5083  1.0 min
  stage None epoch 13  val 1.0000  step 5474  1.1 min
  stage None epoch 14  val 1.0000  step 5865  1.2 min
  stage None epoch 15  val 1.0000  step 6256  1.3 min
  stage None epoch 16  val 1.0000  step 6647  1.4 min
  stage None epoch 17  val 1.0000  step 7038  1.4 min
  stage None epoch 18  val 1.0000  step 7429  1.5 min
  stage None epoch 19  val 1.0000  step 7820  1.6 min
  stage None epoch 20  val 1.0000  step 8211  1.7 min
  stage None epoch 21  val 1.0000  step 8602  1.8 min
  stage None epoch 22  val 1.0000  step 8993  1.8 min
  stage None epoch 23  val 1.0000  step 9384  1.9 min
  stage None epoch 24  val 1.0000  step 9775  2.0 min
  stage None epoch 25  val 1.0000  step 10166  2.1 min
  stage None epoch 26  val 1.0000  step 10557  2.2 min
  stage None epoch 27  val 1.0000  step 10948  2.2 min
  stage None epoch 28  val 1.0000  step 11339  2.3 min
  stage None epoch 29  val 1.0000  step 11730  2.4 min
done runs/kt1/chain_T8_p5/cot-compact-L4-D256-lr0.001-s0: val 1.0000
=== [9/48] chain T=12 p=5 L=2 direct (22:21)
runs/kt1/chain_T12_p5/direct-compact-L2-D256-lr0.001-s0 | 1,650,432 params | cuda | stages [(None, 30)]
  stage None epoch 0  val 0.2635  step 391  0.0 min
  stage None epoch 1  val 0.2720  step 782  0.1 min
  stage None epoch 2  val 0.2820  step 1173  0.1 min
  stage None epoch 3  val 0.2855  step 1564  0.1 min
  stage None epoch 4  val 0.2800  step 1955  0.2 min
  stage None epoch 5  val 0.2810  step 2346  0.2 min
  stage None epoch 6  val 0.2845  step 2737  0.2 min
  stage None epoch 7  val 0.2695  step 3128  0.3 min
  stage None epoch 8  val 0.2790  step 3519  0.3 min
  stage None epoch 9  val 0.2820  step 3910  0.3 min
  stage None epoch 10  val 0.2760  step 4301  0.4 min
  stage None epoch 11  val 0.2820  step 4692  0.4 min
  stage None epoch 12  val 0.2860  step 5083  0.4 min
  stage None epoch 13  val 0.2820  step 5474  0.5 min
  stage None epoch 14  val 0.2920  step 5865  0.5 min
  stage None epoch 15  val 0.2885  step 6256  0.5 min
  stage None epoch 16  val 0.2965  step 6647  0.6 min
  stage None epoch 17  val 0.2855  step 7038  0.6 min
  stage None epoch 18  val 0.2990  step 7429  0.6 min
  stage None epoch 19  val 0.2895  step 7820  0.6 min
  stage None epoch 20  val 0.2870  step 8211  0.7 min
  stage None epoch 21  val 0.2870  step 8602  0.7 min
  stage None epoch 22  val 0.2915  step 8993  0.7 min
  stage None epoch 23  val 0.2860  step 9384  0.8 min
  stage None epoch 24  val 0.2905  step 9775  0.8 min
  stage None epoch 25  val 0.2925  step 10166  0.8 min
  stage None epoch 26  val 0.2850  step 10557  0.9 min
  stage None epoch 27  val 0.2885  step 10948  0.9 min
  stage None epoch 28  val 0.2875  step 11339  0.9 min
  stage None epoch 29  val 0.2865  step 11730  1.0 min
done runs/kt1/chain_T12_p5/direct-compact-L2-D256-lr0.001-s0: val 0.2970
=== [10/48] chain T=12 p=5 L=2 cot (22:22)
runs/kt1/chain_T12_p5/cot-compact-L2-D256-lr0.001-s0 | 1,650,432 params | cuda | stages [(None, 30)]
  stage None epoch 0  val 1.0000  step 391  0.1 min
  stage None epoch 1  val 1.0000  step 782  0.2 min
  stage None epoch 2  val 1.0000  step 1173  0.3 min
  stage None epoch 3  val 1.0000  step 1564  0.3 min
  stage None epoch 4  val 1.0000  step 1955  0.4 min
  stage None epoch 5  val 0.9930  step 2346  0.5 min
  stage None epoch 6  val 1.0000  step 2737  0.6 min
  stage None epoch 7  val 1.0000  step 3128  0.7 min
  stage None epoch 8  val 1.0000  step 3519  0.7 min
  stage None epoch 9  val 1.0000  step 3910  0.8 min
  stage None epoch 10  val 1.0000  step 4301  0.9 min
  stage None epoch 11  val 1.0000  step 4692  1.0 min
  stage None epoch 12  val 1.0000  step 5083  1.1 min
  stage None epoch 13  val 1.0000  step 5474  1.1 min
  stage None epoch 14  val 1.0000  step 5865  1.2 min
  stage None epoch 15  val 1.0000  step 6256  1.3 min
  stage None epoch 16  val 0.9995  step 6647  1.4 min
  stage None epoch 17  val 1.0000  step 7038  1.5 min
  stage None epoch 18  val 1.0000  step 7429  1.6 min
  stage None epoch 19  val 1.0000  step 7820  1.6 min
  stage None epoch 20  val 1.0000  step 8211  1.7 min
  stage None epoch 21  val 1.0000  step 8602  1.8 min
  stage None epoch 22  val 1.0000  step 8993  1.9 min
  stage None epoch 23  val 1.0000  step 9384  2.0 min
  stage None epoch 24  val 1.0000  step 9775  2.0 min
  stage None epoch 25  val 1.0000  step 10166  2.1 min
  stage None epoch 26  val 1.0000  step 10557  2.2 min
  stage None epoch 27  val 1.0000  step 10948  2.3 min
  stage None epoch 28  val 1.0000  step 11339  2.4 min
  stage None epoch 29  val 1.0000  step 11730  2.4 min
done runs/kt1/chain_T12_p5/cot-compact-L2-D256-lr0.001-s0: val 1.0000
=== [11/48] chain T=12 p=5 L=4 direct (22:24)
runs/kt1/chain_T12_p5/direct-compact-L4-D256-lr0.001-s0 | 3,229,952 params | cuda | stages [(None, 30)]
  stage None epoch 0  val 0.2865  step 391  0.1 min
  stage None epoch 1  val 0.2725  step 782  0.1 min
  stage None epoch 2  val 0.2805  step 1173  0.2 min
  stage None epoch 3  val 0.2845  step 1564  0.2 min
  stage None epoch 4  val 0.2785  step 1955  0.3 min
  stage None epoch 5  val 0.2805  step 2346  0.3 min
  stage None epoch 6  val 0.2745  step 2737  0.4 min
  stage None epoch 7  val 0.2760  step 3128  0.4 min
  stage None epoch 8  val 0.2805  step 3519  0.5 min
  stage None epoch 9  val 0.2830  step 3910  0.5 min
  stage None epoch 10  val 0.2800  step 4301  0.6 min
  stage None epoch 11  val 0.2765  step 4692  0.6 min
  stage None epoch 12  val 0.2870  step 5083  0.7 min
  stage None epoch 13  val 0.2890  step 5474  0.7 min
  stage None epoch 14  val 0.2770  step 5865  0.8 min
  stage None epoch 15  val 0.2850  step 6256  0.8 min
  stage None epoch 16  val 0.2940  step 6647  0.9 min
  stage None epoch 17  val 0.2790  step 7038  0.9 min
  stage None epoch 18  val 0.2840  step 7429  1.0 min
  stage None epoch 19  val 0.2840  step 7820  1.0 min
  stage None epoch 20  val 0.2870  step 8211  1.1 min
  stage None epoch 21  val 0.2890  step 8602  1.1 min
  stage None epoch 22  val 0.2815  step 8993  1.2 min
  stage None epoch 23  val 0.2865  step 9384  1.2 min
  stage None epoch 24  val 0.2820  step 9775  1.3 min
  stage None epoch 25  val 0.2845  step 10166  1.3 min
  stage None epoch 26  val 0.3020  step 10557  1.4 min
  stage None epoch 27  val 0.3005  step 10948  1.4 min
  stage None epoch 28  val 0.2865  step 11339  1.5 min
  stage None epoch 29  val 0.2940  step 11730  1.5 min
done runs/kt1/chain_T12_p5/direct-compact-L4-D256-lr0.001-s0: val 0.3002
=== [12/48] chain T=12 p=5 L=4 cot (22:26)
runs/kt1/chain_T12_p5/cot-compact-L4-D256-lr0.001-s0 | 3,229,952 params | cuda | stages [(None, 30)]
  stage None epoch 0  val 0.9485  step 391  0.2 min
  stage None epoch 1  val 1.0000  step 782  0.3 min
  stage None epoch 2  val 1.0000  step 1173  0.5 min
  stage None epoch 3  val 1.0000  step 1564  0.6 min
  stage None epoch 4  val 1.0000  step 1955  0.8 min
  stage None epoch 5  val 0.9975  step 2346  0.9 min
  stage None epoch 6  val 1.0000  step 2737  1.1 min
  stage None epoch 7  val 1.0000  step 3128  1.2 min
  stage None epoch 8  val 1.0000  step 3519  1.4 min
  stage None epoch 9  val 0.9985  step 3910  1.5 min
  stage None epoch 10  val 1.0000  step 4301  1.6 min
  stage None epoch 11  val 1.0000  step 4692  1.8 min
  stage None epoch 12  val 1.0000  step 5083  1.9 min
  stage None epoch 13  val 1.0000  step 5474  2.1 min
  stage None epoch 14  val 0.9905  step 5865  2.2 min
  stage None epoch 15  val 1.0000  step 6256  2.4 min
  stage None epoch 16  val 1.0000  step 6647  2.5 min
  stage None epoch 17  val 1.0000  step 7038  2.7 min
  stage None epoch 18  val 1.0000  step 7429  2.8 min
  stage None epoch 19  val 1.0000  step 7820  3.0 min
  stage None epoch 20  val 1.0000  step 8211  3.1 min
  stage None epoch 21  val 1.0000  step 8602  3.3 min
  stage None epoch 22  val 1.0000  step 8993  3.4 min
  stage None epoch 23  val 1.0000  step 9384  3.6 min
  stage None epoch 24  val 1.0000  step 9775  3.7 min
  stage None epoch 25  val 1.0000  step 10166  3.9 min
  stage None epoch 26  val 1.0000  step 10557  4.0 min
  stage None epoch 27  val 1.0000  step 10948  4.2 min
  stage None epoch 28  val 1.0000  step 11339  4.3 min
  stage None epoch 29  val 1.0000  step 11730  4.5 min
done runs/kt1/chain_T12_p5/cot-compact-L4-D256-lr0.001-s0: val 1.0000
=== [13/48] balanced T=3 p=5 L=2 direct (22:31)
runs/kt1/balanced_T3_p5/direct-compact-L2-D256-lr0.001-s0 | 1,650,432 params | cuda | stages [(None, 30)]
  stage None epoch 0  val 0.2509  step 391  0.0 min
  stage None epoch 1  val 0.2613  step 782  0.1 min
  stage None epoch 2  val 0.2768  step 1173  0.1 min
  stage None epoch 3  val 0.2797  step 1564  0.1 min
  stage None epoch 4  val 0.2635  step 1955  0.2 min
  stage None epoch 5  val 0.2590  step 2346  0.2 min
  stage None epoch 6  val 0.2768  step 2737  0.2 min
  stage None epoch 7  val 0.2627  step 3128  0.3 min
  stage None epoch 8  val 0.2539  step 3519  0.3 min
  stage None epoch 9  val 0.2620  step 3910  0.4 min
  stage None epoch 10  val 0.2620  step 4301  0.4 min
  stage None epoch 11  val 0.2738  step 4692  0.4 min
  stage None epoch 12  val 0.2568  step 5083  0.5 min
  stage None epoch 13  val 0.2731  step 5474  0.5 min
  stage None epoch 14  val 0.2775  step 5865  0.5 min
  stage None epoch 15  val 0.2804  step 6256  0.5 min
  stage None epoch 16  val 0.2686  step 6647  0.6 min
  stage None epoch 17  val 0.2701  step 7038  0.6 min
  stage None epoch 18  val 0.2745  step 7429  0.6 min
  stage None epoch 19  val 0.2849  step 7820  0.7 min
  stage None epoch 20  val 0.2967  step 8211  0.7 min
  stage None epoch 21  val 0.3041  step 8602  0.7 min
  stage None epoch 22  val 0.3085  step 8993  0.8 min
  stage None epoch 23  val 0.3055  step 9384  0.8 min
  stage None epoch 24  val 0.2937  step 9775  0.8 min
  stage None epoch 25  val 0.3048  step 10166  0.9 min
  stage None epoch 26  val 0.3114  step 10557  0.9 min
  stage None epoch 27  val 0.3100  step 10948  0.9 min
  stage None epoch 28  val 0.3122  step 11339  1.0 min
  stage None epoch 29  val 0.3055  step 11730  1.0 min
done runs/kt1/balanced_T3_p5/direct-compact-L2-D256-lr0.001-s0: val 0.3122
=== [14/48] balanced T=3 p=5 L=2 cot (22:32)
runs/kt1/balanced_T3_p5/cot-compact-L2-D256-lr0.001-s0 | 1,650,432 params | cuda | stages [(None, 30)]
  stage None epoch 0  val 0.9993  step 391  0.0 min
  stage None epoch 1  val 1.0000  step 782  0.1 min
  stage None epoch 2  val 1.0000  step 1173  0.1 min
  stage None epoch 3  val 1.0000  step 1564  0.1 min
  stage None epoch 4  val 1.0000  step 1955  0.2 min
  stage None epoch 5  val 1.0000  step 2346  0.2 min
  stage None epoch 6  val 1.0000  step 2737  0.2 min
  stage None epoch 7  val 1.0000  step 3128  0.3 min
  stage None epoch 8  val 1.0000  step 3519  0.3 min
  stage None epoch 9  val 0.9963  step 3910  0.3 min
  stage None epoch 10  val 1.0000  step 4301  0.4 min
  stage None epoch 11  val 0.9697  step 4692  0.4 min
  stage None epoch 12  val 1.0000  step 5083  0.4 min
  stage None epoch 13  val 1.0000  step 5474  0.5 min
  stage None epoch 14  val 1.0000  step 5865  0.5 min
  stage None epoch 15  val 1.0000  step 6256  0.5 min
  stage None epoch 16  val 1.0000  step 6647  0.5 min
  stage None epoch 17  val 1.0000  step 7038  0.6 min
  stage None epoch 18  val 1.0000  step 7429  0.6 min
  stage None epoch 19  val 1.0000  step 7820  0.6 min
  stage None epoch 20  val 1.0000  step 8211  0.7 min
  stage None epoch 21  val 1.0000  step 8602  0.7 min
  stage None epoch 22  val 1.0000  step 8993  0.7 min
  stage None epoch 23  val 1.0000  step 9384  0.8 min
  stage None epoch 24  val 1.0000  step 9775  0.8 min
  stage None epoch 25  val 1.0000  step 10166  0.8 min
  stage None epoch 26  val 1.0000  step 10557  0.9 min
  stage None epoch 27  val 1.0000  step 10948  0.9 min
  stage None epoch 28  val 1.0000  step 11339  0.9 min
  stage None epoch 29  val 1.0000  step 11730  1.0 min
done runs/kt1/balanced_T3_p5/cot-compact-L2-D256-lr0.001-s0: val 1.0000
=== [15/48] balanced T=3 p=5 L=4 direct (22:33)
runs/kt1/balanced_T3_p5/direct-compact-L4-D256-lr0.001-s0 | 3,229,952 params | cuda | stages [(None, 30)]
  stage None epoch 0  val 0.2369  step 391  0.1 min
  stage None epoch 1  val 0.2561  step 782  0.1 min
  stage None epoch 2  val 0.2554  step 1173  0.1 min
  stage None epoch 3  val 0.2679  step 1564  0.2 min
  stage None epoch 4  val 0.2517  step 1955  0.2 min
  stage None epoch 5  val 0.2694  step 2346  0.3 min
  stage None epoch 6  val 0.2458  step 2737  0.3 min
  stage None epoch 7  val 0.2760  step 3128  0.3 min
  stage None epoch 8  val 0.2708  step 3519  0.4 min
  stage None epoch 9  val 0.2760  step 3910  0.4 min
  stage None epoch 10  val 0.2804  step 4301  0.5 min
  stage None epoch 11  val 0.2856  step 4692  0.5 min
  stage None epoch 12  val 0.2723  step 5083  0.6 min
  stage None epoch 13  val 0.2708  step 5474  0.6 min
  stage None epoch 14  val 0.2753  step 5865  0.6 min
  stage None epoch 15  val 0.2701  step 6256  0.7 min
  stage None epoch 16  val 0.2672  step 6647  0.7 min
  stage None epoch 17  val 0.2708  step 7038  0.8 min
  stage None epoch 18  val 0.2768  step 7429  0.8 min
  stage None epoch 19  val 0.2723  step 7820  0.8 min
  stage None epoch 20  val 0.2657  step 8211  0.9 min
  stage None epoch 21  val 0.2664  step 8602  0.9 min
  stage None epoch 22  val 0.2649  step 8993  1.0 min
  stage None epoch 23  val 0.2686  step 9384  1.0 min
  stage None epoch 24  val 0.2878  step 9775  1.1 min
  stage None epoch 25  val 0.2841  step 10166  1.1 min
  stage None epoch 26  val 0.2841  step 10557  1.1 min
  stage None epoch 27  val 0.2996  step 10948  1.2 min
  stage None epoch 28  val 0.2908  step 11339  1.2 min
  stage None epoch 29  val 0.2989  step 11730  1.3 min
done runs/kt1/balanced_T3_p5/direct-compact-L4-D256-lr0.001-s0: val 0.2996
=== [16/48] balanced T=3 p=5 L=4 cot (22:34)
runs/kt1/balanced_T3_p5/cot-compact-L4-D256-lr0.001-s0 | 3,229,952 params | cuda | stages [(None, 30)]
  stage None epoch 0  val 1.0000  step 391  0.1 min
  stage None epoch 1  val 1.0000  step 782  0.1 min
  stage None epoch 2  val 1.0000  step 1173  0.2 min
  stage None epoch 3  val 1.0000  step 1564  0.2 min
  stage None epoch 4  val 1.0000  step 1955  0.2 min
  stage None epoch 5  val 1.0000  step 2346  0.3 min
  stage None epoch 6  val 1.0000  step 2737  0.3 min
  stage None epoch 7  val 1.0000  step 3128  0.4 min
  stage None epoch 8  val 1.0000  step 3519  0.4 min
  stage None epoch 9  val 1.0000  step 3910  0.5 min
  stage None epoch 10  val 1.0000  step 4301  0.5 min
  stage None epoch 11  val 1.0000  step 4692  0.5 min
  stage None epoch 12  val 1.0000  step 5083  0.6 min
  stage None epoch 13  val 1.0000  step 5474  0.6 min
  stage None epoch 14  val 1.0000  step 5865  0.7 min
  stage None epoch 15  val 1.0000  step 6256  0.7 min
  stage None epoch 16  val 1.0000  step 6647  0.8 min
  stage None epoch 17  val 1.0000  step 7038  0.8 min
  stage None epoch 18  val 1.0000  step 7429  0.8 min
  stage None epoch 19  val 1.0000  step 7820  0.9 min
  stage None epoch 20  val 1.0000  step 8211  0.9 min
  stage None epoch 21  val 1.0000  step 8602  1.0 min
  stage None epoch 22  val 1.0000  step 8993  1.0 min
  stage None epoch 23  val 1.0000  step 9384  1.1 min
  stage None epoch 24  val 1.0000  step 9775  1.1 min
  stage None epoch 25  val 1.0000  step 10166  1.1 min
  stage None epoch 26  val 1.0000  step 10557  1.2 min
  stage None epoch 27  val 1.0000  step 10948  1.2 min
  stage None epoch 28  val 1.0000  step 11339  1.3 min
  stage None epoch 29  val 1.0000  step 11730  1.3 min
done runs/kt1/balanced_T3_p5/cot-compact-L4-D256-lr0.001-s0: val 1.0000
=== [17/48] balanced T=7 p=5 L=2 direct (22:35)
runs/kt1/balanced_T7_p5/direct-compact-L2-D256-lr0.001-s0 | 1,650,432 params | cuda | stages [(None, 30)]
  stage None epoch 0  val 0.2665  step 391  0.0 min
  stage None epoch 1  val 0.2675  step 782  0.1 min
  stage None epoch 2  val 0.2590  step 1173  0.1 min
  stage None epoch 3  val 0.2660  step 1564  0.1 min
  stage None epoch 4  val 0.2585  step 1955  0.2 min
  stage None epoch 5  val 0.2715  step 2346  0.2 min
  stage None epoch 6  val 0.2710  step 2737  0.2 min
  stage None epoch 7  val 0.2620  step 3128  0.3 min
  stage None epoch 8  val 0.2590  step 3519  0.3 min
  stage None epoch 9  val 0.2720  step 3910  0.3 min
  stage None epoch 10  val 0.2615  step 4301  0.3 min
  stage None epoch 11  val 0.2685  step 4692  0.4 min
  stage None epoch 12  val 0.2590  step 5083  0.4 min
  stage None epoch 13  val 0.2700  step 5474  0.4 min
  stage None epoch 14  val 0.2580  step 5865  0.5 min
  stage None epoch 15  val 0.2715  step 6256  0.5 min
  stage None epoch 16  val 0.2630  step 6647  0.5 min
  stage None epoch 17  val 0.2720  step 7038  0.6 min
  stage None epoch 18  val 0.2640  step 7429  0.6 min
  stage None epoch 19  val 0.2675  step 7820  0.6 min
  stage None epoch 20  val 0.2700  step 8211  0.7 min
  stage None epoch 21  val 0.2735  step 8602  0.7 min
  stage None epoch 22  val 0.2765  step 8993  0.7 min
  stage None epoch 23  val 0.2750  step 9384  0.8 min
  stage None epoch 24  val 0.2585  step 9775  0.8 min
  stage None epoch 25  val 0.2720  step 10166  0.8 min
  stage None epoch 26  val 0.2655  step 10557  0.8 min
  stage None epoch 27  val 0.2620  step 10948  0.9 min
  stage None epoch 28  val 0.2570  step 11339  0.9 min
  stage None epoch 29  val 0.2645  step 11730  0.9 min
done runs/kt1/balanced_T7_p5/direct-compact-L2-D256-lr0.001-s0: val 0.2704
=== [18/48] balanced T=7 p=5 L=2 cot (22:36)
runs/kt1/balanced_T7_p5/cot-compact-L2-D256-lr0.001-s0 | 1,650,432 params | cuda | stages [(None, 30)]
  stage None epoch 0  val 0.9665  step 391  0.1 min
  stage None epoch 1  val 1.0000  step 782  0.1 min
  stage None epoch 2  val 0.9990  step 1173  0.1 min
  stage None epoch 3  val 1.0000  step 1564  0.2 min
  stage None epoch 4  val 0.9815  step 1955  0.2 min
  stage None epoch 5  val 1.0000  step 2346  0.3 min
  stage None epoch 6  val 1.0000  step 2737  0.3 min
  stage None epoch 7  val 0.9260  step 3128  0.4 min
  stage None epoch 8  val 1.0000  step 3519  0.4 min
  stage None epoch 9  val 1.0000  step 3910  0.5 min
  stage None epoch 10  val 1.0000  step 4301  0.5 min
  stage None epoch 11  val 1.0000  step 4692  0.6 min
  stage None epoch 12  val 1.0000  step 5083  0.6 min
  stage None epoch 13  val 1.0000  step 5474  0.6 min
  stage None epoch 14  val 0.9890  step 5865  0.7 min
  stage None epoch 15  val 1.0000  step 6256  0.7 min
  stage None epoch 16  val 1.0000  step 6647  0.8 min
  stage None epoch 17  val 1.0000  step 7038  0.8 min
  stage None epoch 18  val 1.0000  step 7429  0.9 min
  stage None epoch 19  val 1.0000  step 7820  0.9 min
  stage None epoch 20  val 1.0000  step 8211  0.9 min
  stage None epoch 21  val 1.0000  step 8602  1.0 min
  stage None epoch 22  val 1.0000  step 8993  1.0 min
  stage None epoch 23  val 1.0000  step 9384  1.1 min
  stage None epoch 24  val 1.0000  step 9775  1.1 min
  stage None epoch 25  val 1.0000  step 10166  1.2 min
  stage None epoch 26  val 1.0000  step 10557  1.2 min
  stage None epoch 27  val 1.0000  step 10948  1.3 min
  stage None epoch 28  val 1.0000  step 11339  1.3 min
  stage None epoch 29  val 1.0000  step 11730  1.3 min
done runs/kt1/balanced_T7_p5/cot-compact-L2-D256-lr0.001-s0: val 1.0000
=== [19/48] balanced T=7 p=5 L=4 direct (22:38)
runs/kt1/balanced_T7_p5/direct-compact-L4-D256-lr0.001-s0 | 3,229,952 params | cuda | stages [(None, 30)]
  stage None epoch 0  val 0.2715  step 391  0.1 min
  stage None epoch 1  val 0.2630  step 782  0.1 min
  stage None epoch 2  val 0.2675  step 1173  0.1 min
  stage None epoch 3  val 0.2695  step 1564  0.2 min
  stage None epoch 4  val 0.2550  step 1955  0.2 min
  stage None epoch 5  val 0.2695  step 2346  0.3 min
  stage None epoch 6  val 0.2685  step 2737  0.3 min
  stage None epoch 7  val 0.2625  step 3128  0.4 min
  stage None epoch 8  val 0.2585  step 3519  0.4 min
  stage None epoch 9  val 0.2700  step 3910  0.5 min
  stage None epoch 10  val 0.2625  step 4301  0.5 min
  stage None epoch 11  val 0.2610  step 4692  0.6 min
  stage None epoch 12  val 0.2345  step 5083  0.6 min
  stage None epoch 13  val 0.2695  step 5474  0.7 min
  stage None epoch 14  val 0.2655  step 5865  0.7 min
  stage None epoch 15  val 0.2715  step 6256  0.7 min
  stage None epoch 16  val 0.2650  step 6647  0.8 min
  stage None epoch 17  val 0.2710  step 7038  0.8 min
  stage None epoch 18  val 0.2625  step 7429  0.9 min
  stage None epoch 19  val 0.2670  step 7820  0.9 min
  stage None epoch 20  val 0.2715  step 8211  1.0 min
  stage None epoch 21  val 0.2730  step 8602  1.0 min
  stage None epoch 22  val 0.2735  step 8993  1.1 min
  stage None epoch 23  val 0.2730  step 9384  1.1 min
  stage None epoch 24  val 0.2655  step 9775  1.2 min
  stage None epoch 25  val 0.2675  step 10166  1.2 min
  stage None epoch 26  val 0.2685  step 10557  1.2 min
  stage None epoch 27  val 0.2635  step 10948  1.3 min
  stage None epoch 28  val 0.2625  step 11339  1.3 min
  stage None epoch 29  val 0.2645  step 11730  1.4 min
done runs/kt1/balanced_T7_p5/direct-compact-L4-D256-lr0.001-s0: val 0.2630
=== [20/48] balanced T=7 p=5 L=4 cot (22:39)
runs/kt1/balanced_T7_p5/cot-compact-L4-D256-lr0.001-s0 | 3,229,952 params | cuda | stages [(None, 30)]
  stage None epoch 0  val 0.9755  step 391  0.1 min
  stage None epoch 1  val 1.0000  step 782  0.2 min
  stage None epoch 2  val 1.0000  step 1173  0.2 min
  stage None epoch 3  val 1.0000  step 1564  0.3 min
  stage None epoch 4  val 1.0000  step 1955  0.4 min
  stage None epoch 5  val 1.0000  step 2346  0.4 min
  stage None epoch 6  val 1.0000  step 2737  0.5 min
  stage None epoch 7  val 1.0000  step 3128  0.6 min
  stage None epoch 8  val 1.0000  step 3519  0.6 min
  stage None epoch 9  val 1.0000  step 3910  0.7 min
  stage None epoch 10  val 1.0000  step 4301  0.8 min
  stage None epoch 11  val 1.0000  step 4692  0.9 min
  stage None epoch 12  val 0.9965  step 5083  0.9 min
  stage None epoch 13  val 1.0000  step 5474  1.0 min
  stage None epoch 14  val 1.0000  step 5865  1.1 min
  stage None epoch 15  val 1.0000  step 6256  1.1 min
  stage None epoch 16  val 1.0000  step 6647  1.2 min
  stage None epoch 17  val 1.0000  step 7038  1.3 min
  stage None epoch 18  val 1.0000  step 7429  1.3 min
  stage None epoch 19  val 1.0000  step 7820  1.4 min
  stage None epoch 20  val 1.0000  step 8211  1.5 min
  stage None epoch 21  val 1.0000  step 8602  1.6 min
  stage None epoch 22  val 1.0000  step 8993  1.6 min
  stage None epoch 23  val 1.0000  step 9384  1.7 min
  stage None epoch 24  val 1.0000  step 9775  1.8 min
  stage None epoch 25  val 1.0000  step 10166  1.8 min
  stage None epoch 26  val 1.0000  step 10557  1.9 min
  stage None epoch 27  val 1.0000  step 10948  2.0 min
  stage None epoch 28  val 1.0000  step 11339  2.0 min
  stage None epoch 29  val 1.0000  step 11730  2.1 min
done runs/kt1/balanced_T7_p5/cot-compact-L4-D256-lr0.001-s0: val 1.0000
=== [21/48] balanced T=15 p=5 L=2 direct (22:41)
runs/kt1/balanced_T15_p5/direct-compact-L2-D256-lr0.001-s0 | 1,650,432 params | cuda | stages [(None, 30)]
  stage None epoch 0  val 0.2515  step 391  0.0 min
  stage None epoch 1  val 0.2465  step 782  0.1 min
  stage None epoch 2  val 0.2545  step 1173  0.1 min
  stage None epoch 3  val 0.2520  step 1564  0.2 min
  stage None epoch 4  val 0.2520  step 1955  0.2 min
  stage None epoch 5  val 0.2565  step 2346  0.2 min
  stage None epoch 6  val 0.2545  step 2737  0.3 min
  stage None epoch 7  val 0.2530  step 3128  0.3 min
  stage None epoch 8  val 0.2655  step 3519  0.3 min
  stage None epoch 9  val 0.2575  step 3910  0.4 min
  stage None epoch 10  val 0.2600  step 4301  0.4 min
  stage None epoch 11  val 0.2565  step 4692  0.4 min
  stage None epoch 12  val 0.2600  step 5083  0.5 min
  stage None epoch 13  val 0.2550  step 5474  0.5 min
  stage None epoch 14  val 0.2545  step 5865  0.5 min
  stage None epoch 15  val 0.2620  step 6256  0.6 min
  stage None epoch 16  val 0.2575  step 6647  0.6 min
  stage None epoch 17  val 0.2535  step 7038  0.6 min
  stage None epoch 18  val 0.2570  step 7429  0.7 min
  stage None epoch 19  val 0.2530  step 7820  0.7 min
  stage None epoch 20  val 0.2555  step 8211  0.7 min
  stage None epoch 21  val 0.2575  step 8602  0.8 min
  stage None epoch 22  val 0.2565  step 8993  0.8 min
  stage None epoch 23  val 0.2545  step 9384  0.8 min
  stage None epoch 24  val 0.2580  step 9775  0.9 min
  stage None epoch 25  val 0.2580  step 10166  0.9 min
  stage None epoch 26  val 0.2575  step 10557  0.9 min
  stage None epoch 27  val 0.2575  step 10948  1.0 min
  stage None epoch 28  val 0.2565  step 11339  1.0 min
  stage None epoch 29  val 0.2540  step 11730  1.0 min
done runs/kt1/balanced_T15_p5/direct-compact-L2-D256-lr0.001-s0: val 0.2672
=== [22/48] balanced T=15 p=5 L=2 cot (22:42)
runs/kt1/balanced_T15_p5/cot-compact-L2-D256-lr0.001-s0 | 1,650,432 params | cuda | stages [(None, 30)]
  stage None epoch 0  val 0.9955  step 391  0.2 min
  stage None epoch 1  val 1.0000  step 782  0.4 min
  stage None epoch 2  val 1.0000  step 1173  0.6 min
  stage None epoch 3  val 0.9995  step 1564  0.8 min
  stage None epoch 4  val 1.0000  step 1955  1.0 min
  stage None epoch 5  val 0.9410  step 2346  1.1 min
  stage None epoch 6  val 1.0000  step 2737  1.3 min
  stage None epoch 7  val 1.0000  step 3128  1.5 min
  stage None epoch 8  val 1.0000  step 3519  1.7 min
  stage None epoch 9  val 1.0000  step 3910  1.9 min
  stage None epoch 10  val 1.0000  step 4301  2.1 min
  stage None epoch 11  val 1.0000  step 4692  2.3 min
  stage None epoch 12  val 1.0000  step 5083  2.5 min
  stage None epoch 13  val 1.0000  step 5474  2.6 min
  stage None epoch 14  val 0.9995  step 5865  2.8 min
  stage None epoch 15  val 1.0000  step 6256  3.0 min
  stage None epoch 16  val 1.0000  step 6647  3.2 min
  stage None epoch 17  val 1.0000  step 7038  3.4 min
  stage None epoch 18  val 1.0000  step 7429  3.6 min
  stage None epoch 19  val 1.0000  step 7820  3.8 min
  stage None epoch 20  val 1.0000  step 8211  4.0 min
  stage None epoch 21  val 1.0000  step 8602  4.1 min
  stage None epoch 22  val 1.0000  step 8993  4.3 min
  stage None epoch 23  val 1.0000  step 9384  4.5 min
  stage None epoch 24  val 1.0000  step 9775  4.7 min
  stage None epoch 25  val 1.0000  step 10166  4.9 min
  stage None epoch 26  val 1.0000  step 10557  5.1 min
  stage None epoch 27  val 1.0000  step 10948  5.3 min
  stage None epoch 28  val 1.0000  step 11339  5.5 min
  stage None epoch 29  val 1.0000  step 11730  5.6 min
done runs/kt1/balanced_T15_p5/cot-compact-L2-D256-lr0.001-s0: val 1.0000
=== [23/48] balanced T=15 p=5 L=4 direct (22:48)
runs/kt1/balanced_T15_p5/direct-compact-L4-D256-lr0.001-s0 | 3,229,952 params | cuda | stages [(None, 30)]
  stage None epoch 0  val 0.2520  step 391  0.1 min
  stage None epoch 1  val 0.2510  step 782  0.1 min
  stage None epoch 2  val 0.2520  step 1173  0.2 min
  stage None epoch 3  val 0.2520  step 1564  0.2 min
  stage None epoch 4  val 0.2570  step 1955  0.3 min
  stage None epoch 5  val 0.2540  step 2346  0.4 min
  stage None epoch 6  val 0.2535  step 2737  0.4 min
  stage None epoch 7  val 0.2520  step 3128  0.5 min
  stage None epoch 8  val 0.2520  step 3519  0.5 min
  stage None epoch 9  val 0.2540  step 3910  0.6 min
  stage None epoch 10  val 0.2580  step 4301  0.6 min
  stage None epoch 11  val 0.2580  step 4692  0.7 min
  stage None epoch 12  val 0.2550  step 5083  0.8 min
  stage None epoch 13  val 0.2540  step 5474  0.8 min
  stage None epoch 14  val 0.2530  step 5865  0.9 min
  stage None epoch 15  val 0.2590  step 6256  0.9 min
  stage None epoch 16  val 0.2550  step 6647  1.0 min
  stage None epoch 17  val 0.2560  step 7038  1.1 min
  stage None epoch 18  val 0.2580  step 7429  1.1 min
  stage None epoch 19  val 0.2595  step 7820  1.2 min
  stage None epoch 20  val 0.2540  step 8211  1.2 min
  stage None epoch 21  val 0.2535  step 8602  1.3 min
  stage None epoch 22  val 0.2605  step 8993  1.3 min
  stage None epoch 23  val 0.2590  step 9384  1.4 min
  stage None epoch 24  val 0.2585  step 9775  1.5 min
  stage None epoch 25  val 0.2560  step 10166  1.5 min
  stage None epoch 26  val 0.2565  step 10557  1.6 min
  stage None epoch 27  val 0.2580  step 10948  1.6 min
  stage None epoch 28  val 0.2455  step 11339  1.7 min
  stage None epoch 29  val 0.2525  step 11730  1.7 min
done runs/kt1/balanced_T15_p5/direct-compact-L4-D256-lr0.001-s0: val 0.2664
=== [24/48] balanced T=15 p=5 L=4 cot (22:50)
runs/kt1/balanced_T15_p5/cot-compact-L4-D256-lr0.001-s0 | 3,229,952 params | cuda | stages [(None, 30)]
  stage None epoch 0  val 0.9745  step 391  0.4 min
  stage None epoch 1  val 0.9845  step 782  0.7 min
  stage None epoch 2  val 0.9830  step 1173  1.1 min
  stage None epoch 3  val 1.0000  step 1564  1.5 min
  stage None epoch 4  val 1.0000  step 1955  1.8 min
  stage None epoch 5  val 0.9925  step 2346  2.2 min
  stage None epoch 6  val 0.9995  step 2737  2.6 min
  stage None epoch 7  val 1.0000  step 3128  2.9 min
  stage None epoch 8  val 1.0000  step 3519  3.3 min
  stage None epoch 9  val 1.0000  step 3910  3.7 min
  stage None epoch 10  val 0.9990  step 4301  4.0 min
  stage None epoch 11  val 1.0000  step 4692  4.4 min
  stage None epoch 12  val 1.0000  step 5083  4.8 min
  stage None epoch 13  val 1.0000  step 5474  5.1 min
  stage None epoch 14  val 1.0000  step 5865  5.5 min
  stage None epoch 15  val 1.0000  step 6256  5.8 min
  stage None epoch 16  val 1.0000  step 6647  6.2 min
  stage None epoch 17  val 1.0000  step 7038  6.6 min
  stage None epoch 18  val 1.0000  step 7429  6.9 min
  stage None epoch 19  val 1.0000  step 7820  7.3 min
  stage None epoch 20  val 1.0000  step 8211  7.7 min
  stage None epoch 21  val 1.0000  step 8602  8.0 min
  stage None epoch 22  val 1.0000  step 8993  8.4 min
  stage None epoch 23  val 1.0000  step 9384  8.8 min
  stage None epoch 24  val 1.0000  step 9775  9.1 min
  stage None epoch 25  val 1.0000  step 10166  9.5 min
  stage None epoch 26  val 1.0000  step 10557  9.9 min
  stage None epoch 27  val 1.0000  step 10948  10.2 min
  stage None epoch 28  val 1.0000  step 11339  10.6 min
  stage None epoch 29  val 1.0000  step 11730  10.9 min
done runs/kt1/balanced_T15_p5/cot-compact-L4-D256-lr0.001-s0: val 1.0000
=== [25/48] chain T=4 p=7 L=2 direct (23:02)
runs/kt1/chain_T4_p7/direct-compact-L2-D256-lr0.001-s0 | 1,650,944 params | cuda | stages [(None, 30)]
  stage None epoch 0  val 0.1940  step 391  0.0 min
  stage None epoch 1  val 0.1950  step 782  0.1 min
  stage None epoch 2  val 0.1905  step 1173  0.1 min
  stage None epoch 3  val 0.1945  step 1564  0.1 min
  stage None epoch 4  val 0.1850  step 1955  0.2 min
  stage None epoch 5  val 0.1975  step 2346  0.2 min
  stage None epoch 6  val 0.1945  step 2737  0.2 min
  stage None epoch 7  val 0.2005  step 3128  0.3 min
  stage None epoch 8  val 0.1915  step 3519  0.3 min
  stage None epoch 9  val 0.1935  step 3910  0.3 min
  stage None epoch 10  val 0.2050  step 4301  0.4 min
  stage None epoch 11  val 0.1985  step 4692  0.4 min
  stage None epoch 12  val 0.2025  step 5083  0.4 min
  stage None epoch 13  val 0.2005  step 5474  0.4 min
  stage None epoch 14  val 0.2075  step 5865  0.5 min
  stage None epoch 15  val 0.2095  step 6256  0.5 min
  stage None epoch 16  val 0.2085  step 6647  0.5 min
  stage None epoch 17  val 0.2045  step 7038  0.6 min
  stage None epoch 18  val 0.2080  step 7429  0.6 min
  stage None epoch 19  val 0.2030  step 7820  0.6 min
  stage None epoch 20  val 0.2125  step 8211  0.7 min
  stage None epoch 21  val 0.2075  step 8602  0.7 min
  stage None epoch 22  val 0.2000  step 8993  0.7 min
  stage None epoch 23  val 0.2040  step 9384  0.8 min
  stage None epoch 24  val 0.2201  step 9775  0.8 min
  stage None epoch 25  val 0.2150  step 10166  0.8 min
  stage None epoch 26  val 0.2055  step 10557  0.9 min
  stage None epoch 27  val 0.2150  step 10948  0.9 min
  stage None epoch 28  val 0.2115  step 11339  0.9 min
  stage None epoch 29  val 0.2185  step 11730  0.9 min
done runs/kt1/chain_T4_p7/direct-compact-L2-D256-lr0.001-s0: val 0.2196
=== [26/48] chain T=4 p=7 L=2 cot (23:03)
runs/kt1/chain_T4_p7/cot-compact-L2-D256-lr0.001-s0 | 1,650,944 params | cuda | stages [(None, 30)]
  stage None epoch 0  val 1.0000  step 391  0.0 min
  stage None epoch 1  val 1.0000  step 782  0.1 min
  stage None epoch 2  val 1.0000  step 1173  0.1 min
  stage None epoch 3  val 1.0000  step 1564  0.2 min
  stage None epoch 4  val 1.0000  step 1955  0.2 min
  stage None epoch 5  val 1.0000  step 2346  0.2 min
  stage None epoch 6  val 1.0000  step 2737  0.3 min
  stage None epoch 7  val 1.0000  step 3128  0.3 min
  stage None epoch 8  val 1.0000  step 3519  0.3 min
  stage None epoch 9  val 1.0000  step 3910  0.4 min
  stage None epoch 10  val 1.0000  step 4301  0.4 min
  stage None epoch 11  val 1.0000  step 4692  0.4 min
  stage None epoch 12  val 1.0000  step 5083  0.5 min
  stage None epoch 13  val 0.9995  step 5474  0.5 min
  stage None epoch 14  val 1.0000  step 5865  0.5 min
  stage None epoch 15  val 1.0000  step 6256  0.6 min
  stage None epoch 16  val 1.0000  step 6647  0.6 min
  stage None epoch 17  val 1.0000  step 7038  0.6 min
  stage None epoch 18  val 1.0000  step 7429  0.7 min
  stage None epoch 19  val 1.0000  step 7820  0.7 min
  stage None epoch 20  val 1.0000  step 8211  0.7 min
  stage None epoch 21  val 1.0000  step 8602  0.8 min
  stage None epoch 22  val 1.0000  step 8993  0.8 min
  stage None epoch 23  val 1.0000  step 9384  0.8 min
  stage None epoch 24  val 1.0000  step 9775  0.9 min
  stage None epoch 25  val 1.0000  step 10166  0.9 min
  stage None epoch 26  val 1.0000  step 10557  0.9 min
  stage None epoch 27  val 1.0000  step 10948  1.0 min
  stage None epoch 28  val 1.0000  step 11339  1.0 min
  stage None epoch 29  val 1.0000  step 11730  1.0 min
done runs/kt1/chain_T4_p7/cot-compact-L2-D256-lr0.001-s0: val 1.0000
=== [27/48] chain T=4 p=7 L=4 direct (23:04)
runs/kt1/chain_T4_p7/direct-compact-L4-D256-lr0.001-s0 | 3,230,464 params | cuda | stages [(None, 30)]
  stage None epoch 0  val 0.1910  step 391  0.1 min
  stage None epoch 1  val 0.1950  step 782  0.1 min
  stage None epoch 2  val 0.1930  step 1173  0.1 min
  stage None epoch 3  val 0.1930  step 1564  0.2 min
  stage None epoch 4  val 0.1810  step 1955  0.2 min
  stage None epoch 5  val 0.1930  step 2346  0.3 min
  stage None epoch 6  val 0.2025  step 2737  0.3 min
  stage None epoch 7  val 0.2010  step 3128  0.4 min
  stage None epoch 8  val 0.1925  step 3519  0.4 min
  stage None epoch 9  val 0.1940  step 3910  0.5 min
  stage None epoch 10  val 0.1930  step 4301  0.5 min
  stage None epoch 11  val 0.1935  step 4692  0.5 min
  stage None epoch 12  val 0.1945  step 5083  0.6 min
  stage None epoch 13  val 0.1990  step 5474  0.6 min
  stage None epoch 14  val 0.1870  step 5865  0.7 min
  stage None epoch 15  val 0.2020  step 6256  0.7 min
  stage None epoch 16  val 0.2025  step 6647  0.8 min
  stage None epoch 17  val 0.2015  step 7038  0.8 min
  stage None epoch 18  val 0.1945  step 7429  0.8 min
  stage None epoch 19  val 0.1945  step 7820  0.9 min
  stage None epoch 20  val 0.2010  step 8211  0.9 min
  stage None epoch 21  val 0.1980  step 8602  1.0 min
  stage None epoch 22  val 0.1995  step 8993  1.0 min
  stage None epoch 23  val 0.1950  step 9384  1.1 min
  stage None epoch 24  val 0.1910  step 9775  1.1 min
  stage None epoch 25  val 0.1940  step 10166  1.1 min
  stage None epoch 26  val 0.2005  step 10557  1.2 min
  stage None epoch 27  val 0.2055  step 10948  1.2 min
  stage None epoch 28  val 0.2000  step 11339  1.3 min
  stage None epoch 29  val 0.2010  step 11730  1.3 min
done runs/kt1/chain_T4_p7/direct-compact-L4-D256-lr0.001-s0: val 0.2028
=== [28/48] chain T=4 p=7 L=4 cot (23:05)
runs/kt1/chain_T4_p7/cot-compact-L4-D256-lr0.001-s0 | 3,230,464 params | cuda | stages [(None, 30)]
  stage None epoch 0  val 1.0000  step 391  0.1 min
  stage None epoch 1  val 1.0000  step 782  0.1 min
  stage None epoch 2  val 1.0000  step 1173  0.2 min
  stage None epoch 3  val 0.9323  step 1564  0.2 min
  stage None epoch 4  val 1.0000  step 1955  0.3 min
  stage None epoch 5  val 1.0000  step 2346  0.3 min
  stage None epoch 6  val 1.0000  step 2737  0.4 min
  stage None epoch 7  val 1.0000  step 3128  0.4 min
  stage None epoch 8  val 1.0000  step 3519  0.5 min
  stage None epoch 9  val 1.0000  step 3910  0.5 min
  stage None epoch 10  val 1.0000  step 4301  0.5 min
  stage None epoch 11  val 1.0000  step 4692  0.6 min
  stage None epoch 12  val 1.0000  step 5083  0.6 min
  stage None epoch 13  val 1.0000  step 5474  0.7 min
  stage None epoch 14  val 1.0000  step 5865  0.7 min
  stage None epoch 15  val 1.0000  step 6256  0.8 min
  stage None epoch 16  val 1.0000  step 6647  0.8 min
  stage None epoch 17  val 1.0000  step 7038  0.9 min
  stage None epoch 18  val 1.0000  step 7429  0.9 min
  stage None epoch 19  val 0.9995  step 7820  1.0 min
  stage None epoch 20  val 1.0000  step 8211  1.0 min
  stage None epoch 21  val 1.0000  step 8602  1.1 min
  stage None epoch 22  val 1.0000  step 8993  1.1 min
  stage None epoch 23  val 1.0000  step 9384  1.2 min
  stage None epoch 24  val 1.0000  step 9775  1.2 min
  stage None epoch 25  val 1.0000  step 10166  1.3 min
  stage None epoch 26  val 1.0000  step 10557  1.3 min
  stage None epoch 27  val 1.0000  step 10948  1.4 min
  stage None epoch 28  val 1.0000  step 11339  1.4 min
  stage None epoch 29  val 1.0000  step 11730  1.5 min
done runs/kt1/chain_T4_p7/cot-compact-L4-D256-lr0.001-s0: val 1.0000
=== [29/48] chain T=8 p=7 L=2 direct (23:06)
runs/kt1/chain_T8_p7/direct-compact-L2-D256-lr0.001-s0 | 1,650,944 params | cuda | stages [(None, 30)]
  stage None epoch 0  val 0.1935  step 391  0.0 min
  stage None epoch 1  val 0.1930  step 782  0.1 min
  stage None epoch 2  val 0.2005  step 1173  0.1 min
  stage None epoch 3  val 0.2140  step 1564  0.1 min
  stage None epoch 4  val 0.2110  step 1955  0.2 min
  stage None epoch 5  val 0.2120  step 2346  0.2 min
  stage None epoch 6  val 0.2195  step 2737  0.2 min
  stage None epoch 7  val 0.2256  step 3128  0.3 min
  stage None epoch 8  val 0.2140  step 3519  0.3 min
  stage None epoch 9  val 0.2296  step 3910  0.3 min
  stage None epoch 10  val 0.2326  step 4301  0.4 min
  stage None epoch 11  val 0.2281  step 4692  0.4 min
  stage None epoch 12  val 0.2311  step 5083  0.4 min
  stage None epoch 13  val 0.2361  step 5474  0.5 min
  stage None epoch 14  val 0.2426  step 5865  0.5 min
  stage None epoch 15  val 0.2351  step 6256  0.5 min
  stage None epoch 16  val 0.2246  step 6647  0.6 min
  stage None epoch 17  val 0.2311  step 7038  0.6 min
  stage None epoch 18  val 0.2366  step 7429  0.6 min
  stage None epoch 19  val 0.2321  step 7820  0.6 min
  stage None epoch 20  val 0.2326  step 8211  0.7 min
  stage None epoch 21  val 0.2326  step 8602  0.7 min
  stage None epoch 22  val 0.2296  step 8993  0.7 min
  stage None epoch 23  val 0.2351  step 9384  0.8 min
  stage None epoch 24  val 0.2336  step 9775  0.8 min
  stage None epoch 25  val 0.2401  step 10166  0.8 min
  stage None epoch 26  val 0.2316  step 10557  0.9 min
  stage None epoch 27  val 0.2381  step 10948  0.9 min
  stage None epoch 28  val 0.2331  step 11339  0.9 min
  stage None epoch 29  val 0.2316  step 11730  1.0 min
done runs/kt1/chain_T8_p7/direct-compact-L2-D256-lr0.001-s0: val 0.2380
=== [30/48] chain T=8 p=7 L=2 cot (23:07)
runs/kt1/chain_T8_p7/cot-compact-L2-D256-lr0.001-s0 | 1,650,944 params | cuda | stages [(None, 30)]
  stage None epoch 0  val 0.9474  step 391  0.1 min
  stage None epoch 1  val 0.9985  step 782  0.1 min
  stage None epoch 2  val 1.0000  step 1173  0.2 min
  stage None epoch 3  val 1.0000  step 1564  0.2 min
  stage None epoch 4  val 0.9178  step 1955  0.3 min
  stage None epoch 5  val 1.0000  step 2346  0.3 min
  stage None epoch 6  val 1.0000  step 2737  0.4 min
  stage None epoch 7  val 1.0000  step 3128  0.4 min
  stage None epoch 8  val 1.0000  step 3519  0.5 min
  stage None epoch 9  val 1.0000  step 3910  0.5 min
  stage None epoch 10  val 1.0000  step 4301  0.5 min
  stage None epoch 11  val 1.0000  step 4692  0.6 min
  stage None epoch 12  val 1.0000  step 5083  0.6 min
  stage None epoch 13  val 1.0000  step 5474  0.7 min
  stage None epoch 14  val 1.0000  step 5865  0.7 min
  stage None epoch 15  val 1.0000  step 6256  0.8 min
  stage None epoch 16  val 1.0000  step 6647  0.8 min
  stage None epoch 17  val 1.0000  step 7038  0.9 min
  stage None epoch 18  val 1.0000  step 7429  0.9 min
  stage None epoch 19  val 1.0000  step 7820  1.0 min
  stage None epoch 20  val 1.0000  step 8211  1.0 min
  stage None epoch 21  val 1.0000  step 8602  1.1 min
  stage None epoch 22  val 1.0000  step 8993  1.1 min
  stage None epoch 23  val 1.0000  step 9384  1.2 min
  stage None epoch 24  val 1.0000  step 9775  1.2 min
  stage None epoch 25  val 1.0000  step 10166  1.3 min
  stage None epoch 26  val 1.0000  step 10557  1.3 min
  stage None epoch 27  val 1.0000  step 10948  1.4 min
  stage None epoch 28  val 1.0000  step 11339  1.4 min
  stage None epoch 29  val 1.0000  step 11730  1.5 min
done runs/kt1/chain_T8_p7/cot-compact-L2-D256-lr0.001-s0: val 1.0000
=== [31/48] chain T=8 p=7 L=4 direct (23:09)
runs/kt1/chain_T8_p7/direct-compact-L4-D256-lr0.001-s0 | 3,230,464 params | cuda | stages [(None, 30)]
  stage None epoch 0  val 0.2005  step 391  0.1 min
  stage None epoch 1  val 0.1950  step 782  0.1 min
  stage None epoch 2  val 0.1930  step 1173  0.2 min
  stage None epoch 3  val 0.1960  step 1564  0.2 min
  stage None epoch 4  val 0.1890  step 1955  0.2 min
  stage None epoch 5  val 0.1925  step 2346  0.3 min
  stage None epoch 6  val 0.1925  step 2737  0.3 min
  stage None epoch 7  val 0.1910  step 3128  0.4 min
  stage None epoch 8  val 0.2005  step 3519  0.4 min
  stage None epoch 9  val 0.2080  step 3910  0.5 min
  stage None epoch 10  val 0.2005  step 4301  0.5 min
  stage None epoch 11  val 0.2035  step 4692  0.6 min
  stage None epoch 12  val 0.1970  step 5083  0.6 min
  stage None epoch 13  val 0.2095  step 5474  0.7 min
  stage None epoch 14  val 0.2025  step 5865  0.7 min
  stage None epoch 15  val 0.1995  step 6256  0.7 min
  stage None epoch 16  val 0.2170  step 6647  0.8 min
  stage None epoch 17  val 0.2075  step 7038  0.8 min
  stage None epoch 18  val 0.2110  step 7429  0.9 min
  stage None epoch 19  val 0.2090  step 7820  0.9 min
  stage None epoch 20  val 0.2155  step 8211  1.0 min
  stage None epoch 21  val 0.2145  step 8602  1.0 min
  stage None epoch 22  val 0.2105  step 8993  1.1 min
  stage None epoch 23  val 0.2085  step 9384  1.1 min
  stage None epoch 24  val 0.2060  step 9775  1.2 min
  stage None epoch 25  val 0.2085  step 10166  1.2 min
  stage None epoch 26  val 0.2115  step 10557  1.3 min
  stage None epoch 27  val 0.2170  step 10948  1.3 min
  stage None epoch 28  val 0.2045  step 11339  1.3 min
  stage None epoch 29  val 0.2135  step 11730  1.4 min
done runs/kt1/chain_T8_p7/direct-compact-L4-D256-lr0.001-s0: val 0.2140
=== [32/48] chain T=8 p=7 L=4 cot (23:10)
runs/kt1/chain_T8_p7/cot-compact-L4-D256-lr0.001-s0 | 3,230,464 params | cuda | stages [(None, 30)]
  stage None epoch 0  val 0.9915  step 391  0.1 min
  stage None epoch 1  val 0.9815  step 782  0.2 min
  stage None epoch 2  val 1.0000  step 1173  0.2 min
  stage None epoch 3  val 0.9609  step 1564  0.3 min
  stage None epoch 4  val 1.0000  step 1955  0.4 min
  stage None epoch 5  val 0.9815  step 2346  0.5 min
  stage None epoch 6  val 1.0000  step 2737  0.6 min
  stage None epoch 7  val 1.0000  step 3128  0.6 min
  stage None epoch 8  val 1.0000  step 3519  0.7 min
  stage None epoch 9  val 1.0000  step 3910  0.8 min
  stage None epoch 10  val 1.0000  step 4301  0.9 min
  stage None epoch 11  val 1.0000  step 4692  1.0 min
  stage None epoch 12  val 1.0000  step 5083  1.0 min
  stage None epoch 13  val 1.0000  step 5474  1.1 min
  stage None epoch 14  val 1.0000  step 5865  1.2 min
  stage None epoch 15  val 1.0000  step 6256  1.3 min
  stage None epoch 16  val 1.0000  step 6647  1.4 min
  stage None epoch 17  val 1.0000  step 7038  1.4 min
  stage None epoch 18  val 1.0000  step 7429  1.5 min
  stage None epoch 19  val 1.0000  step 7820  1.6 min
  stage None epoch 20  val 1.0000  step 8211  1.7 min
  stage None epoch 21  val 0.9995  step 8602  1.8 min
  stage None epoch 22  val 1.0000  step 8993  1.8 min
  stage None epoch 23  val 1.0000  step 9384  1.9 min
  stage None epoch 24  val 1.0000  step 9775  2.0 min
  stage None epoch 25  val 1.0000  step 10166  2.1 min
  stage None epoch 26  val 1.0000  step 10557  2.1 min
  stage None epoch 27  val 1.0000  step 10948  2.2 min
  stage None epoch 28  val 1.0000  step 11339  2.3 min
  stage None epoch 29  val 1.0000  step 11730  2.4 min
done runs/kt1/chain_T8_p7/cot-compact-L4-D256-lr0.001-s0: val 1.0000
=== [33/48] chain T=12 p=7 L=2 direct (23:13)
runs/kt1/chain_T12_p7/direct-compact-L2-D256-lr0.001-s0 | 1,650,944 params | cuda | stages [(None, 30)]
  stage None epoch 0  val 0.1779  step 391  0.0 min
  stage None epoch 1  val 0.1880  step 782  0.1 min
  stage None epoch 2  val 0.1930  step 1173  0.1 min
  stage None epoch 3  val 0.2005  step 1564  0.1 min
  stage None epoch 4  val 0.1890  step 1955  0.2 min
  stage None epoch 5  val 0.2035  step 2346  0.2 min
  stage None epoch 6  val 0.2135  step 2737  0.2 min
  stage None epoch 7  val 0.2000  step 3128  0.3 min
  stage None epoch 8  val 0.2030  step 3519  0.3 min
  stage None epoch 9  val 0.2020  step 3910  0.3 min
  stage None epoch 10  val 0.2060  step 4301  0.4 min
  stage None epoch 11  val 0.2160  step 4692  0.4 min
  stage None epoch 12  val 0.2140  step 5083  0.4 min
  stage None epoch 13  val 0.2025  step 5474  0.5 min
  stage None epoch 14  val 0.2090  step 5865  0.5 min
  stage None epoch 15  val 0.2140  step 6256  0.5 min
  stage None epoch 16  val 0.2150  step 6647  0.6 min
  stage None epoch 17  val 0.2150  step 7038  0.6 min
  stage None epoch 18  val 0.2195  step 7429  0.6 min
  stage None epoch 19  val 0.2060  step 7820  0.7 min
  stage None epoch 20  val 0.2100  step 8211  0.7 min
  stage None epoch 21  val 0.2110  step 8602  0.7 min
  stage None epoch 22  val 0.2251  step 8993  0.7 min
  stage None epoch 23  val 0.2226  step 9384  0.8 min
  stage None epoch 24  val 0.2155  step 9775  0.8 min
  stage None epoch 25  val 0.2100  step 10166  0.8 min
  stage None epoch 26  val 0.2155  step 10557  0.9 min
  stage None epoch 27  val 0.2201  step 10948  0.9 min
  stage None epoch 28  val 0.2190  step 11339  0.9 min
  stage None epoch 29  val 0.2206  step 11730  1.0 min
done runs/kt1/chain_T12_p7/direct-compact-L2-D256-lr0.001-s0: val 0.2254
=== [34/48] chain T=12 p=7 L=2 cot (23:14)
runs/kt1/chain_T12_p7/cot-compact-L2-D256-lr0.001-s0 | 1,650,944 params | cuda | stages [(None, 30)]
  stage None epoch 0  val 1.0000  step 391  0.1 min
  stage None epoch 1  val 1.0000  step 782  0.2 min
  stage None epoch 2  val 1.0000  step 1173  0.2 min
  stage None epoch 3  val 1.0000  step 1564  0.3 min
  stage None epoch 4  val 1.0000  step 1955  0.4 min
  stage None epoch 5  val 1.0000  step 2346  0.5 min
  stage None epoch 6  val 1.0000  step 2737  0.6 min
  stage None epoch 7  val 1.0000  step 3128  0.6 min
  stage None epoch 8  val 1.0000  step 3519  0.7 min
  stage None epoch 9  val 1.0000  step 3910  0.8 min
  stage None epoch 10  val 1.0000  step 4301  0.9 min
  stage None epoch 11  val 1.0000  step 4692  1.0 min
  stage None epoch 12  val 1.0000  step 5083  1.0 min
  stage None epoch 13  val 1.0000  step 5474  1.1 min
  stage None epoch 14  val 1.0000  step 5865  1.2 min
  stage None epoch 15  val 1.0000  step 6256  1.3 min
  stage None epoch 16  val 1.0000  step 6647  1.3 min
  stage None epoch 17  val 1.0000  step 7038  1.4 min
  stage None epoch 18  val 1.0000  step 7429  1.5 min
  stage None epoch 19  val 1.0000  step 7820  1.6 min
  stage None epoch 20  val 1.0000  step 8211  1.7 min
  stage None epoch 21  val 1.0000  step 8602  1.7 min
  stage None epoch 22  val 1.0000  step 8993  1.8 min
  stage None epoch 23  val 1.0000  step 9384  1.9 min
  stage None epoch 24  val 1.0000  step 9775  2.0 min
  stage None epoch 25  val 1.0000  step 10166  2.0 min
  stage None epoch 26  val 1.0000  step 10557  2.1 min
  stage None epoch 27  val 1.0000  step 10948  2.2 min
  stage None epoch 28  val 1.0000  step 11339  2.3 min
  stage None epoch 29  val 1.0000  step 11730  2.4 min
done runs/kt1/chain_T12_p7/cot-compact-L2-D256-lr0.001-s0: val 1.0000
=== [35/48] chain T=12 p=7 L=4 direct (23:16)
runs/kt1/chain_T12_p7/direct-compact-L4-D256-lr0.001-s0 | 3,230,464 params | cuda | stages [(None, 30)]
  stage None epoch 0  val 0.1955  step 391  0.1 min
  stage None epoch 1  val 0.1915  step 782  0.1 min
  stage None epoch 2  val 0.1955  step 1173  0.2 min
  stage None epoch 3  val 0.1805  step 1564  0.2 min
  stage None epoch 4  val 0.1905  step 1955  0.3 min
  stage None epoch 5  val 0.1895  step 2346  0.3 min
  stage None epoch 6  val 0.2000  step 2737  0.4 min
  stage None epoch 7  val 0.1930  step 3128  0.4 min
  stage None epoch 8  val 0.2020  step 3519  0.5 min
  stage None epoch 9  val 0.1925  step 3910  0.5 min
  stage None epoch 10  val 0.1930  step 4301  0.6 min
  stage None epoch 11  val 0.1960  step 4692  0.6 min
  stage None epoch 12  val 0.2020  step 5083  0.7 min
  stage None epoch 13  val 0.1990  step 5474  0.7 min
  stage None epoch 14  val 0.1955  step 5865  0.8 min
  stage None epoch 15  val 0.1960  step 6256  0.8 min
  stage None epoch 16  val 0.1970  step 6647  0.9 min
  stage None epoch 17  val 0.1925  step 7038  0.9 min
  stage None epoch 18  val 0.1950  step 7429  1.0 min
  stage None epoch 19  val 0.1900  step 7820  1.0 min
  stage None epoch 20  val 0.1990  step 8211  1.1 min
  stage None epoch 21  val 0.2100  step 8602  1.1 min
  stage None epoch 22  val 0.2160  step 8993  1.2 min
  stage None epoch 23  val 0.2170  step 9384  1.2 min
  stage None epoch 24  val 0.2201  step 9775  1.3 min
  stage None epoch 25  val 0.2095  step 10166  1.3 min
  stage None epoch 26  val 0.2175  step 10557  1.4 min
  stage None epoch 27  val 0.2160  step 10948  1.4 min
  stage None epoch 28  val 0.2145  step 11339  1.5 min
  stage None epoch 29  val 0.2160  step 11730  1.5 min
done runs/kt1/chain_T12_p7/direct-compact-L4-D256-lr0.001-s0: val 0.2198
=== [36/48] chain T=12 p=7 L=4 cot (23:18)
runs/kt1/chain_T12_p7/cot-compact-L4-D256-lr0.001-s0 | 3,230,464 params | cuda | stages [(None, 30)]
  stage None epoch 0  val 0.9915  step 391  0.2 min
  stage None epoch 1  val 1.0000  step 782  0.3 min
  stage None epoch 2  val 0.9990  step 1173  0.5 min
  stage None epoch 3  val 0.9830  step 1564  0.6 min
  stage None epoch 4  val 1.0000  step 1955  0.7 min
  stage None epoch 5  val 1.0000  step 2346  0.9 min
  stage None epoch 6  val 1.0000  step 2737  1.0 min
  stage None epoch 7  val 1.0000  step 3128  1.2 min
  stage None epoch 8  val 1.0000  step 3519  1.3 min
  stage None epoch 9  val 1.0000  step 3910  1.5 min
  stage None epoch 10  val 1.0000  step 4301  1.6 min
  stage None epoch 11  val 1.0000  step 4692  1.8 min
  stage None epoch 12  val 1.0000  step 5083  1.9 min
  stage None epoch 13  val 1.0000  step 5474  2.1 min
  stage None epoch 14  val 0.9769  step 5865  2.2 min
  stage None epoch 15  val 1.0000  step 6256  2.4 min
  stage None epoch 16  val 1.0000  step 6647  2.5 min
  stage None epoch 17  val 0.9985  step 7038  2.6 min
  stage None epoch 18  val 1.0000  step 7429  2.8 min
  stage None epoch 19  val 1.0000  step 7820  2.9 min
  stage None epoch 20  val 1.0000  step 8211  3.1 min
  stage None epoch 21  val 1.0000  step 8602  3.2 min
  stage None epoch 22  val 1.0000  step 8993  3.4 min
  stage None epoch 23  val 1.0000  step 9384  3.5 min
  stage None epoch 24  val 1.0000  step 9775  3.7 min
  stage None epoch 25  val 1.0000  step 10166  3.8 min
  stage None epoch 26  val 1.0000  step 10557  4.0 min
  stage None epoch 27  val 1.0000  step 10948  4.1 min
  stage None epoch 28  val 1.0000  step 11339  4.3 min
  stage None epoch 29  val 1.0000  step 11730  4.4 min
done runs/kt1/chain_T12_p7/cot-compact-L4-D256-lr0.001-s0: val 1.0000
=== [37/48] balanced T=3 p=7 L=2 direct (23:22)
runs/kt1/balanced_T3_p7/direct-compact-L2-D256-lr0.001-s0 | 1,650,944 params | cuda | stages [(None, 30)]
  stage None epoch 0  val 0.1820  step 391  0.0 min
  stage None epoch 1  val 0.1815  step 782  0.1 min
  stage None epoch 2  val 0.1945  step 1173  0.1 min
  stage None epoch 3  val 0.1975  step 1564  0.1 min
  stage None epoch 4  val 0.1850  step 1955  0.2 min
  stage None epoch 5  val 0.1990  step 2346  0.2 min
  stage None epoch 6  val 0.2045  step 2737  0.2 min
  stage None epoch 7  val 0.2005  step 3128  0.3 min
  stage None epoch 8  val 0.2090  step 3519  0.3 min
  stage None epoch 9  val 0.2140  step 3910  0.3 min
  stage None epoch 10  val 0.2206  step 4301  0.4 min
  stage None epoch 11  val 0.2160  step 4692  0.4 min
  stage None epoch 12  val 0.2266  step 5083  0.4 min
  stage None epoch 13  val 0.2261  step 5474  0.5 min
  stage None epoch 14  val 0.2406  step 5865  0.5 min
  stage None epoch 15  val 0.2461  step 6256  0.5 min
  stage None epoch 16  val 0.2561  step 6647  0.5 min
  stage None epoch 17  val 0.2491  step 7038  0.6 min
  stage None epoch 18  val 0.2506  step 7429  0.6 min
  stage None epoch 19  val 0.2576  step 7820  0.6 min
  stage None epoch 20  val 0.2546  step 8211  0.7 min
  stage None epoch 21  val 0.2687  step 8602  0.7 min
  stage None epoch 22  val 0.2797  step 8993  0.7 min
  stage None epoch 23  val 0.2797  step 9384  0.8 min
  stage None epoch 24  val 0.2772  step 9775  0.8 min
  stage None epoch 25  val 0.2732  step 10166  0.8 min
  stage None epoch 26  val 0.2812  step 10557  0.9 min
  stage None epoch 27  val 0.2897  step 10948  0.9 min
  stage None epoch 28  val 0.2782  step 11339  0.9 min
  stage None epoch 29  val 0.2847  step 11730  0.9 min
done runs/kt1/balanced_T3_p7/direct-compact-L2-D256-lr0.001-s0: val 0.2808
=== [38/48] balanced T=3 p=7 L=2 cot (23:23)
runs/kt1/balanced_T3_p7/cot-compact-L2-D256-lr0.001-s0 | 1,650,944 params | cuda | stages [(None, 30)]
  stage None epoch 0  val 0.9729  step 391  0.0 min
  stage None epoch 1  val 0.9313  step 782  0.1 min
  stage None epoch 2  val 1.0000  step 1173  0.1 min
  stage None epoch 3  val 1.0000  step 1564  0.1 min
  stage None epoch 4  val 1.0000  step 1955  0.2 min
  stage None epoch 5  val 1.0000  step 2346  0.2 min
  stage None epoch 6  val 1.0000  step 2737  0.2 min
  stage None epoch 7  val 1.0000  step 3128  0.3 min
  stage None epoch 8  val 0.9995  step 3519  0.3 min
  stage None epoch 9  val 1.0000  step 3910  0.3 min
  stage None epoch 10  val 1.0000  step 4301  0.4 min
  stage None epoch 11  val 1.0000  step 4692  0.4 min
  stage None epoch 12  val 1.0000  step 5083  0.4 min
  stage None epoch 13  val 0.9985  step 5474  0.5 min
  stage None epoch 14  val 1.0000  step 5865  0.5 min
  stage None epoch 15  val 0.9965  step 6256  0.5 min
  stage None epoch 16  val 1.0000  step 6647  0.6 min
  stage None epoch 17  val 1.0000  step 7038  0.6 min
  stage None epoch 18  val 1.0000  step 7429  0.6 min
  stage None epoch 19  val 1.0000  step 7820  0.7 min
  stage None epoch 20  val 1.0000  step 8211  0.7 min
  stage None epoch 21  val 1.0000  step 8602  0.7 min
  stage None epoch 22  val 1.0000  step 8993  0.7 min
  stage None epoch 23  val 1.0000  step 9384  0.8 min
  stage None epoch 24  val 1.0000  step 9775  0.8 min
  stage None epoch 25  val 1.0000  step 10166  0.8 min
  stage None epoch 26  val 1.0000  step 10557  0.9 min
  stage None epoch 27  val 1.0000  step 10948  0.9 min
  stage None epoch 28  val 1.0000  step 11339  0.9 min
  stage None epoch 29  val 1.0000  step 11730  1.0 min
done runs/kt1/balanced_T3_p7/cot-compact-L2-D256-lr0.001-s0: val 1.0000
=== [39/48] balanced T=3 p=7 L=4 direct (23:24)
runs/kt1/balanced_T3_p7/direct-compact-L4-D256-lr0.001-s0 | 3,230,464 params | cuda | stages [(None, 30)]
  stage None epoch 0  val 0.1880  step 391  0.1 min
  stage None epoch 1  val 0.1845  step 782  0.1 min
  stage None epoch 2  val 0.1920  step 1173  0.1 min
  stage None epoch 3  val 0.1875  step 1564  0.2 min
  stage None epoch 4  val 0.1940  step 1955  0.2 min
  stage None epoch 5  val 0.1990  step 2346  0.3 min
  stage None epoch 6  val 0.1930  step 2737  0.3 min
  stage None epoch 7  val 0.1900  step 3128  0.4 min
  stage None epoch 8  val 0.1985  step 3519  0.4 min
  stage None epoch 9  val 0.1945  step 3910  0.5 min
  stage None epoch 10  val 0.2000  step 4301  0.5 min
  stage None epoch 11  val 0.1925  step 4692  0.5 min
  stage None epoch 12  val 0.1950  step 5083  0.6 min
  stage None epoch 13  val 0.1975  step 5474  0.6 min
  stage None epoch 14  val 0.2010  step 5865  0.7 min
  stage None epoch 15  val 0.1920  step 6256  0.7 min
  stage None epoch 16  val 0.2030  step 6647  0.8 min
  stage None epoch 17  val 0.1985  step 7038  0.8 min
  stage None epoch 18  val 0.2035  step 7429  0.9 min
  stage None epoch 19  val 0.2050  step 7820  0.9 min
  stage None epoch 20  val 0.1915  step 8211  0.9 min
  stage None epoch 21  val 0.1985  step 8602  1.0 min
  stage None epoch 22  val 0.1965  step 8993  1.0 min
  stage None epoch 23  val 0.1960  step 9384  1.1 min
  stage None epoch 24  val 0.2005  step 9775  1.1 min
  stage None epoch 25  val 0.1935  step 10166  1.1 min
  stage None epoch 26  val 0.1980  step 10557  1.2 min
  stage None epoch 27  val 0.1975  step 10948  1.2 min
  stage None epoch 28  val 0.2005  step 11339  1.3 min
  stage None epoch 29  val 0.1940  step 11730  1.3 min
done runs/kt1/balanced_T3_p7/direct-compact-L4-D256-lr0.001-s0: val 0.1964
=== [40/48] balanced T=3 p=7 L=4 cot (23:26)
runs/kt1/balanced_T3_p7/cot-compact-L4-D256-lr0.001-s0 | 3,230,464 params | cuda | stages [(None, 30)]
  stage None epoch 0  val 0.8521  step 391  0.1 min
  stage None epoch 1  val 0.9870  step 782  0.1 min
  stage None epoch 2  val 1.0000  step 1173  0.1 min
  stage None epoch 3  val 1.0000  step 1564  0.2 min
  stage None epoch 4  val 0.9890  step 1955  0.2 min
  stage None epoch 5  val 1.0000  step 2346  0.3 min
  stage None epoch 6  val 0.9960  step 2737  0.3 min
  stage None epoch 7  val 1.0000  step 3128  0.4 min
  stage None epoch 8  val 1.0000  step 3519  0.4 min
  stage None epoch 9  val 0.9935  step 3910  0.5 min
  stage None epoch 10  val 1.0000  step 4301  0.5 min
  stage None epoch 11  val 0.9865  step 4692  0.6 min
  stage None epoch 12  val 1.0000  step 5083  0.6 min
  stage None epoch 13  val 1.0000  step 5474  0.6 min
  stage None epoch 14  val 1.0000  step 5865  0.7 min
  stage None epoch 15  val 1.0000  step 6256  0.7 min
  stage None epoch 16  val 1.0000  step 6647  0.8 min
  stage None epoch 17  val 0.9880  step 7038  0.8 min
  stage None epoch 18  val 1.0000  step 7429  0.9 min
  stage None epoch 19  val 1.0000  step 7820  0.9 min
  stage None epoch 20  val 1.0000  step 8211  1.0 min
  stage None epoch 21  val 1.0000  step 8602  1.0 min
  stage None epoch 22  val 1.0000  step 8993  1.1 min
  stage None epoch 23  val 1.0000  step 9384  1.1 min
  stage None epoch 24  val 1.0000  step 9775  1.1 min
  stage None epoch 25  val 1.0000  step 10166  1.2 min
  stage None epoch 26  val 1.0000  step 10557  1.2 min
  stage None epoch 27  val 1.0000  step 10948  1.3 min
  stage None epoch 28  val 1.0000  step 11339  1.3 min
  stage None epoch 29  val 1.0000  step 11730  1.4 min
done runs/kt1/balanced_T3_p7/cot-compact-L4-D256-lr0.001-s0: val 1.0000
=== [41/48] balanced T=7 p=7 L=2 direct (23:27)
runs/kt1/balanced_T7_p7/direct-compact-L2-D256-lr0.001-s0 | 1,650,944 params | cuda | stages [(None, 30)]
  stage None epoch 0  val 0.1845  step 391  0.0 min
  stage None epoch 1  val 0.1855  step 782  0.1 min
  stage None epoch 2  val 0.1840  step 1173  0.1 min
  stage None epoch 3  val 0.1799  step 1564  0.1 min
  stage None epoch 4  val 0.1905  step 1955  0.2 min
  stage None epoch 5  val 0.1845  step 2346  0.2 min
  stage None epoch 6  val 0.1840  step 2737  0.2 min
  stage None epoch 7  val 0.1830  step 3128  0.3 min
  stage None epoch 8  val 0.1880  step 3519  0.3 min
  stage None epoch 9  val 0.1850  step 3910  0.3 min
  stage None epoch 10  val 0.1850  step 4301  0.4 min
  stage None epoch 11  val 0.1850  step 4692  0.4 min
  stage None epoch 12  val 0.1850  step 5083  0.4 min
  stage None epoch 13  val 0.1830  step 5474  0.5 min
  stage None epoch 14  val 0.1815  step 5865  0.5 min
  stage None epoch 15  val 0.1875  step 6256  0.5 min
  stage None epoch 16  val 0.1850  step 6647  0.6 min
  stage None epoch 17  val 0.1810  step 7038  0.6 min
  stage None epoch 18  val 0.1875  step 7429  0.6 min
  stage None epoch 19  val 0.1840  step 7820  0.6 min
  stage None epoch 20  val 0.1890  step 8211  0.7 min
  stage None epoch 21  val 0.1850  step 8602  0.7 min
  stage None epoch 22  val 0.1825  step 8993  0.7 min
  stage None epoch 23  val 0.1900  step 9384  0.8 min
  stage None epoch 24  val 0.1820  step 9775  0.8 min
  stage None epoch 25  val 0.1925  step 10166  0.8 min
  stage None epoch 26  val 0.1925  step 10557  0.9 min
  stage None epoch 27  val 0.1885  step 10948  0.9 min
  stage None epoch 28  val 0.1855  step 11339  0.9 min
  stage None epoch 29  val 0.1890  step 11730  1.0 min
done runs/kt1/balanced_T7_p7/direct-compact-L2-D256-lr0.001-s0: val 0.1902
=== [42/48] balanced T=7 p=7 L=2 cot (23:28)
runs/kt1/balanced_T7_p7/cot-compact-L2-D256-lr0.001-s0 | 1,650,944 params | cuda | stages [(None, 30)]
  stage None epoch 0  val 0.9619  step 391  0.1 min
  stage None epoch 1  val 1.0000  step 782  0.1 min
  stage None epoch 2  val 1.0000  step 1173  0.1 min
  stage None epoch 3  val 1.0000  step 1564  0.2 min
  stage None epoch 4  val 1.0000  step 1955  0.2 min
  stage None epoch 5  val 1.0000  step 2346  0.3 min
  stage None epoch 6  val 1.0000  step 2737  0.3 min
  stage None epoch 7  val 1.0000  step 3128  0.4 min
  stage None epoch 8  val 1.0000  step 3519  0.4 min
  stage None epoch 9  val 1.0000  step 3910  0.5 min
  stage None epoch 10  val 1.0000  step 4301  0.5 min
  stage None epoch 11  val 1.0000  step 4692  0.5 min
  stage None epoch 12  val 1.0000  step 5083  0.6 min
  stage None epoch 13  val 1.0000  step 5474  0.6 min
  stage None epoch 14  val 1.0000  step 5865  0.7 min
  stage None epoch 15  val 1.0000  step 6256  0.7 min
  stage None epoch 16  val 1.0000  step 6647  0.8 min
  stage None epoch 17  val 1.0000  step 7038  0.8 min
  stage None epoch 18  val 1.0000  step 7429  0.8 min
  stage None epoch 19  val 1.0000  step 7820  0.9 min
  stage None epoch 20  val 1.0000  step 8211  0.9 min
  stage None epoch 21  val 1.0000  step 8602  1.0 min
  stage None epoch 22  val 1.0000  step 8993  1.0 min
  stage None epoch 23  val 0.9985  step 9384  1.1 min
  stage None epoch 24  val 1.0000  step 9775  1.1 min
  stage None epoch 25  val 1.0000  step 10166  1.1 min
  stage None epoch 26  val 1.0000  step 10557  1.2 min
  stage None epoch 27  val 1.0000  step 10948  1.2 min
  stage None epoch 28  val 1.0000  step 11339  1.3 min
  stage None epoch 29  val 1.0000  step 11730  1.3 min
done runs/kt1/balanced_T7_p7/cot-compact-L2-D256-lr0.001-s0: val 1.0000
=== [43/48] balanced T=7 p=7 L=4 direct (23:29)
runs/kt1/balanced_T7_p7/direct-compact-L4-D256-lr0.001-s0 | 3,230,464 params | cuda | stages [(None, 30)]
  stage None epoch 0  val 0.1840  step 391  0.1 min
  stage None epoch 1  val 0.1850  step 782  0.1 min
  stage None epoch 2  val 0.1840  step 1173  0.1 min
  stage None epoch 3  val 0.1794  step 1564  0.2 min
  stage None epoch 4  val 0.1870  step 1955  0.2 min
  stage None epoch 5  val 0.1870  step 2346  0.3 min
  stage None epoch 6  val 0.1845  step 2737  0.3 min
  stage None epoch 7  val 0.1860  step 3128  0.4 min
  stage None epoch 8  val 0.1930  step 3519  0.4 min
  stage None epoch 9  val 0.1840  step 3910  0.5 min
  stage None epoch 10  val 0.1875  step 4301  0.5 min
  stage None epoch 11  val 0.1850  step 4692  0.6 min
  stage None epoch 12  val 0.1925  step 5083  0.6 min
  stage None epoch 13  val 0.1835  step 5474  0.6 min
  stage None epoch 14  val 0.1845  step 5865  0.7 min
  stage None epoch 15  val 0.1855  step 6256  0.7 min
  stage None epoch 16  val 0.1850  step 6647  0.8 min
  stage None epoch 17  val 0.1779  step 7038  0.8 min
  stage None epoch 18  val 0.1870  step 7429  0.9 min
  stage None epoch 19  val 0.1830  step 7820  0.9 min
  stage None epoch 20  val 0.1820  step 8211  1.0 min
  stage None epoch 21  val 0.1855  step 8602  1.0 min
  stage None epoch 22  val 0.1850  step 8993  1.1 min
  stage None epoch 23  val 0.1840  step 9384  1.1 min
  stage None epoch 24  val 0.1835  step 9775  1.2 min
  stage None epoch 25  val 0.1850  step 10166  1.2 min
  stage None epoch 26  val 0.1870  step 10557  1.3 min
  stage None epoch 27  val 0.1845  step 10948  1.3 min
  stage None epoch 28  val 0.1815  step 11339  1.3 min
  stage None epoch 29  val 0.1779  step 11730  1.4 min
done runs/kt1/balanced_T7_p7/direct-compact-L4-D256-lr0.001-s0: val 0.1916
=== [44/48] balanced T=7 p=7 L=4 cot (23:31)
runs/kt1/balanced_T7_p7/cot-compact-L4-D256-lr0.001-s0 | 3,230,464 params | cuda | stages [(None, 30)]
  stage None epoch 0  val 0.1885  step 391  0.1 min
  stage None epoch 1  val 0.9659  step 782  0.2 min
  stage None epoch 2  val 0.9995  step 1173  0.2 min
  stage None epoch 3  val 1.0000  step 1564  0.3 min
  stage None epoch 4  val 1.0000  step 1955  0.4 min
  stage None epoch 5  val 1.0000  step 2346  0.4 min
  stage None epoch 6  val 0.9985  step 2737  0.5 min
  stage None epoch 7  val 1.0000  step 3128  0.6 min
  stage None epoch 8  val 0.9980  step 3519  0.6 min
  stage None epoch 9  val 1.0000  step 3910  0.7 min
  stage None epoch 10  val 1.0000  step 4301  0.8 min
  stage None epoch 11  val 1.0000  step 4692  0.9 min
  stage None epoch 12  val 1.0000  step 5083  0.9 min
  stage None epoch 13  val 1.0000  step 5474  1.0 min
  stage None epoch 14  val 1.0000  step 5865  1.1 min
  stage None epoch 15  val 1.0000  step 6256  1.1 min
  stage None epoch 16  val 1.0000  step 6647  1.2 min
  stage None epoch 17  val 1.0000  step 7038  1.3 min
  stage None epoch 18  val 1.0000  step 7429  1.4 min
  stage None epoch 19  val 1.0000  step 7820  1.4 min
  stage None epoch 20  val 1.0000  step 8211  1.5 min
  stage None epoch 21  val 1.0000  step 8602  1.6 min
  stage None epoch 22  val 1.0000  step 8993  1.6 min
  stage None epoch 23  val 1.0000  step 9384  1.7 min
  stage None epoch 24  val 1.0000  step 9775  1.8 min
  stage None epoch 25  val 1.0000  step 10166  1.8 min
  stage None epoch 26  val 1.0000  step 10557  1.9 min
  stage None epoch 27  val 1.0000  step 10948  2.0 min
  stage None epoch 28  val 1.0000  step 11339  2.0 min
  stage None epoch 29  val 1.0000  step 11730  2.1 min
done runs/kt1/balanced_T7_p7/cot-compact-L4-D256-lr0.001-s0: val 1.0000
=== [45/48] balanced T=15 p=7 L=2 direct (23:33)
runs/kt1/balanced_T15_p7/direct-compact-L2-D256-lr0.001-s0 | 1,650,944 params | cuda | stages [(None, 30)]
  stage None epoch 0  val 0.1980  step 391  0.0 min
  stage None epoch 1  val 0.1910  step 782  0.1 min
  stage None epoch 2  val 0.1945  step 1173  0.1 min
  stage None epoch 3  val 0.1835  step 1564  0.2 min
  stage None epoch 4  val 0.1985  step 1955  0.2 min
  stage None epoch 5  val 0.1875  step 2346  0.2 min
  stage None epoch 6  val 0.1925  step 2737  0.3 min
  stage None epoch 7  val 0.1935  step 3128  0.3 min
  stage None epoch 8  val 0.1925  step 3519  0.3 min
  stage None epoch 9  val 0.1975  step 3910  0.4 min
  stage None epoch 10  val 0.1985  step 4301  0.4 min
  stage None epoch 11  val 0.1940  step 4692  0.4 min
  stage None epoch 12  val 0.1890  step 5083  0.5 min
  stage None epoch 13  val 0.1960  step 5474  0.5 min
  stage None epoch 14  val 0.1965  step 5865  0.5 min
  stage None epoch 15  val 0.2005  step 6256  0.6 min
  stage None epoch 16  val 0.2005  step 6647  0.6 min
  stage None epoch 17  val 0.1955  step 7038  0.7 min
  stage None epoch 18  val 0.2000  step 7429  0.7 min
  stage None epoch 19  val 0.1945  step 7820  0.7 min
  stage None epoch 20  val 0.1965  step 8211  0.8 min
  stage None epoch 21  val 0.1990  step 8602  0.8 min
  stage None epoch 22  val 0.1955  step 8993  0.8 min
  stage None epoch 23  val 0.1995  step 9384  0.9 min
  stage None epoch 24  val 0.1995  step 9775  0.9 min
  stage None epoch 25  val 0.1965  step 10166  0.9 min
  stage None epoch 26  val 0.1860  step 10557  1.0 min
  stage None epoch 27  val 0.2010  step 10948  1.0 min
  stage None epoch 28  val 0.1995  step 11339  1.0 min
  stage None epoch 29  val 0.2050  step 11730  1.1 min
done runs/kt1/balanced_T15_p7/direct-compact-L2-D256-lr0.001-s0: val 0.1918
=== [46/48] balanced T=15 p=7 L=2 cot (23:34)
runs/kt1/balanced_T15_p7/cot-compact-L2-D256-lr0.001-s0 | 1,650,944 params | cuda | stages [(None, 30)]
  stage None epoch 0  val 1.0000  step 391  0.2 min
  stage None epoch 1  val 1.0000  step 782  0.4 min
  stage None epoch 2  val 1.0000  step 1173  0.6 min
  stage None epoch 3  val 1.0000  step 1564  0.8 min
  stage None epoch 4  val 1.0000  step 1955  0.9 min
  stage None epoch 5  val 1.0000  step 2346  1.1 min
  stage None epoch 6  val 1.0000  step 2737  1.3 min
  stage None epoch 7  val 1.0000  step 3128  1.5 min
  stage None epoch 8  val 1.0000  step 3519  1.7 min
  stage None epoch 9  val 0.9799  step 3910  1.9 min
  stage None epoch 10  val 1.0000  step 4301  2.1 min
  stage None epoch 11  val 1.0000  step 4692  2.3 min
  stage None epoch 12  val 1.0000  step 5083  2.4 min
  stage None epoch 13  val 1.0000  step 5474  2.6 min
  stage None epoch 14  val 1.0000  step 5865  2.8 min
  stage None epoch 15  val 1.0000  step 6256  3.0 min
  stage None epoch 16  val 1.0000  step 6647  3.2 min
  stage None epoch 17  val 1.0000  step 7038  3.4 min
  stage None epoch 18  val 0.9950  step 7429  3.6 min
  stage None epoch 19  val 1.0000  step 7820  3.8 min
  stage None epoch 20  val 1.0000  step 8211  3.9 min
  stage None epoch 21  val 1.0000  step 8602  4.1 min
  stage None epoch 22  val 1.0000  step 8993  4.3 min
  stage None epoch 23  val 1.0000  step 9384  4.5 min
  stage None epoch 24  val 1.0000  step 9775  4.7 min
  stage None epoch 25  val 1.0000  step 10166  4.9 min
  stage None epoch 26  val 1.0000  step 10557  5.1 min
  stage None epoch 27  val 1.0000  step 10948  5.3 min
  stage None epoch 28  val 1.0000  step 11339  5.4 min
  stage None epoch 29  val 1.0000  step 11730  5.6 min
done runs/kt1/balanced_T15_p7/cot-compact-L2-D256-lr0.001-s0: val 1.0000
=== [47/48] balanced T=15 p=7 L=4 direct (23:40)
runs/kt1/balanced_T15_p7/direct-compact-L4-D256-lr0.001-s0 | 3,230,464 params | cuda | stages [(None, 30)]
  stage None epoch 0  val 0.2005  step 391  0.1 min
  stage None epoch 1  val 0.1870  step 782  0.1 min
  stage None epoch 2  val 0.1955  step 1173  0.2 min
  stage None epoch 3  val 0.1910  step 1564  0.2 min
  stage None epoch 4  val 0.1970  step 1955  0.3 min
  stage None epoch 5  val 0.2000  step 2346  0.4 min
  stage None epoch 6  val 0.1925  step 2737  0.4 min
  stage None epoch 7  val 0.1925  step 3128  0.5 min
  stage None epoch 8  val 0.1910  step 3519  0.5 min
  stage None epoch 9  val 0.1975  step 3910  0.6 min
  stage None epoch 10  val 0.1980  step 4301  0.6 min
  stage None epoch 11  val 0.1910  step 4692  0.7 min
  stage None epoch 12  val 0.1950  step 5083  0.8 min
  stage None epoch 13  val 0.2005  step 5474  0.8 min
  stage None epoch 14  val 0.1950  step 5865  0.9 min
  stage None epoch 15  val 0.1970  step 6256  0.9 min
  stage None epoch 16  val 0.2005  step 6647  1.0 min
  stage None epoch 17  val 0.1940  step 7038  1.0 min
  stage None epoch 18  val 0.2010  step 7429  1.1 min
  stage None epoch 19  val 0.1935  step 7820  1.2 min
  stage None epoch 20  val 0.2020  step 8211  1.2 min
  stage None epoch 21  val 0.1985  step 8602  1.3 min
  stage None epoch 22  val 0.1950  step 8993  1.3 min
  stage None epoch 23  val 0.1985  step 9384  1.4 min
  stage None epoch 24  val 0.1975  step 9775  1.5 min
  stage None epoch 25  val 0.1955  step 10166  1.5 min
  stage None epoch 26  val 0.1890  step 10557  1.6 min
  stage None epoch 27  val 0.1940  step 10948  1.6 min
  stage None epoch 28  val 0.1975  step 11339  1.7 min
  stage None epoch 29  val 0.1995  step 11730  1.7 min
done runs/kt1/balanced_T15_p7/direct-compact-L4-D256-lr0.001-s0: val 0.1886
=== [48/48] balanced T=15 p=7 L=4 cot (23:42)
runs/kt1/balanced_T15_p7/cot-compact-L4-D256-lr0.001-s0 | 3,230,464 params | cuda | stages [(None, 30)]
  stage None epoch 0  val 0.8040  step 391  0.4 min
  stage None epoch 1  val 0.9038  step 782  0.7 min
  stage None epoch 2  val 1.0000  step 1173  1.1 min
  stage None epoch 3  val 0.9890  step 1564  1.5 min
  stage None epoch 4  val 0.9980  step 1955  1.8 min
  stage None epoch 5  val 0.9990  step 2346  2.2 min
  stage None epoch 6  val 0.9995  step 2737  2.5 min
  stage None epoch 7  val 0.9980  step 3128  2.9 min
  stage None epoch 8  val 0.9975  step 3519  3.3 min
  stage None epoch 9  val 1.0000  step 3910  3.6 min
  stage None epoch 10  val 0.9995  step 4301  4.0 min
  stage None epoch 11  val 1.0000  step 4692  4.3 min
  stage None epoch 12  val 1.0000  step 5083  4.7 min
  stage None epoch 13  val 1.0000  step 5474  5.1 min
  stage None epoch 14  val 1.0000  step 5865  5.4 min
  stage None epoch 15  val 1.0000  step 6256  5.8 min
  stage None epoch 16  val 1.0000  step 6647  6.1 min
  stage None epoch 17  val 1.0000  step 7038  6.5 min
  stage None epoch 18  val 1.0000  step 7429  6.9 min
  stage None epoch 19  val 1.0000  step 7820  7.2 min
  stage None epoch 20  val 1.0000  step 8211  7.6 min
  stage None epoch 21  val 1.0000  step 8602  7.9 min
  stage None epoch 22  val 1.0000  step 8993  8.3 min
  stage None epoch 23  val 1.0000  step 9384  8.7 min
  stage None epoch 24  val 1.0000  step 9775  9.0 min
  stage None epoch 25  val 1.0000  step 10166  9.4 min
  stage None epoch 26  val 1.0000  step 10557  9.7 min
  stage None epoch 27  val 1.0000  step 10948  10.1 min
  stage None epoch 28  val 1.0000  step 11339  10.5 min
  stage None epoch 29  val 1.0000  step 11730  10.8 min
done runs/kt1/balanced_T15_p7/cot-compact-L4-D256-lr0.001-s0: val 0.9996
 p shape      T  L           direct              cot  chance+10  pass
---------------------------------------------------------------------
 5 balanced   3  2  0.312 [0.29,0.34]   1.000 [1.00,1.00]       0.300  
 5 balanced   3  4  0.300 [0.28,0.32]*  1.000 [1.00,1.00]       0.300  yes
 5 balanced   7  2  0.270 [0.26,0.28]   1.000 [1.00,1.00]       0.300  yes
 5 balanced   7  4  0.263 [0.25,0.28]   1.000 [1.00,1.00]       0.300  yes
 5 balanced  15  2  0.267 [0.26,0.28]   1.000 [1.00,1.00]       0.300  yes
 5 balanced  15  4  0.266 [0.25,0.28]   1.000 [1.00,1.00]       0.300  yes
 5 chain      4  2  0.306 [0.30,0.31]   1.000 [1.00,1.00]       0.300  
 5 chain      4  4  0.332 [0.33,0.34]   1.000 [1.00,1.00]       0.300  
 5 chain      8  2  0.311 [0.30,0.32]   1.000 [1.00,1.00]       0.300  
 5 chain      8  4  0.313 [0.30,0.33]   1.000 [1.00,1.00]       0.300  
 5 chain     12  2  0.297 [0.28,0.31]   1.000 [1.00,1.00]       0.300  yes
 5 chain     12  4  0.300 [0.29,0.31]   1.000 [1.00,1.00]       0.300  
 7 balanced   3  2  0.281 [0.27,0.29]   1.000 [1.00,1.00]       0.243  
 7 balanced   3  4  0.196 [0.19,0.21]   1.000 [1.00,1.00]       0.243  yes
 7 balanced   7  2  0.190 [0.18,0.20]   1.000 [1.00,1.00]       0.243  yes
 7 balanced   7  4  0.192 [0.18,0.20]   1.000 [1.00,1.00]       0.243  yes
 7 balanced  15  2  0.192 [0.18,0.20]   1.000 [1.00,1.00]       0.243  yes
 7 balanced  15  4  0.189 [0.18,0.20]   1.000 [1.00,1.00]       0.243  yes
 7 chain      4  2  0.220 [0.21,0.23]   1.000 [1.00,1.00]       0.243  yes
 7 chain      4  4  0.203 [0.19,0.21]   1.000 [1.00,1.00]       0.243  yes
 7 chain      8  2  0.238 [0.23,0.25]   1.000 [1.00,1.00]       0.243  yes
 7 chain      8  4  0.214 [0.20,0.23]   1.000 [1.00,1.00]       0.243  yes
 7 chain     12  2  0.225 [0.21,0.24]   1.000 [1.00,1.00]       0.243  yes
 7 chain     12  4  0.220 [0.21,0.23]   1.000 [1.00,1.00]       0.243  yes

validation accuracy with 95% Wilson intervals; test is not used for gates
* = validation accuracy still rising at the end of training (a longer run could change it)
missing runs: 0
passing chain cells: 7; passing balanced cells: 10
KILL TEST 1: PASS
