=== [1] chain T=4 seed=0 latent (16:08)
runs/kt2/chain_T4_p7/latent-compact_rf-base-aisd-L4-D256-lr0.001-s0 | 3,230,464 params | cuda | stages [(0, 3), (1, 3), (2, 3), (3, 3), (4, 6)]
  stage 0 epoch 0  val 0.9764  step 391  0.1 min
  stage 0 epoch 1  val 1.0000  step 782  0.1 min
  stage 0 epoch 2  val 1.0000  step 1173  0.2 min
  stage 1 epoch 0  val 0.7621  step 1564  0.3 min
  stage 1 epoch 1  val 1.0000  step 1955  0.4 min
  stage 1 epoch 2  val 1.0000  step 2346  0.4 min
  stage 2 epoch 0  val 0.9016  step 2737  0.5 min
  stage 2 epoch 1  val 0.9984  step 3128  0.6 min
  stage 2 epoch 2  val 1.0000  step 3519  0.7 min
  stage 3 epoch 0  val 0.9586  step 3910  0.8 min
  stage 3 epoch 1  val 0.9990  step 4301  1.0 min
  stage 3 epoch 2  val 1.0000  step 4692  1.1 min
  stage 4 epoch 0  val 0.9440  step 5083  1.2 min
  stage 4 epoch 1  val 0.9450  step 5474  1.4 min
  stage 4 epoch 2  val 0.9886  step 5865  1.5 min
  stage 4 epoch 3  val 0.9882  step 6256  1.6 min
  stage 4 epoch 4  val 0.9998  step 6647  1.8 min
  stage 4 epoch 5  val 1.0000  step 7038  1.9 min
done runs/kt2/chain_T4_p7/latent-compact_rf-base-aisd-L4-D256-lr0.001-s0: val 1.0000 zero-latent val 0.1646
=== [1] chain T=4 seed=0 pause, 18 epochs (16:10)
runs/kt2/chain_T4_p7/pause-compact_rf-L4-D256-lr0.001-s0 | 3,230,464 params | cuda | stages [(None, 18)]
  stage None epoch 0  val 0.1907  step 391  0.1 min
  stage None epoch 1  val 0.1965  step 782  0.1 min
  stage None epoch 2  val 0.2003  step 1173  0.2 min
  stage None epoch 3  val 0.1919  step 1564  0.2 min
  stage None epoch 4  val 0.1831  step 1955  0.3 min
  stage None epoch 5  val 0.1931  step 2346  0.3 min
  stage None epoch 6  val 0.2001  step 2737  0.4 min
  stage None epoch 7  val 0.2011  step 3128  0.4 min
  stage None epoch 8  val 0.2083  step 3519  0.4 min
  stage None epoch 9  val 0.2073  step 3910  0.5 min
  stage None epoch 10  val 0.2067  step 4301  0.5 min
  stage None epoch 11  val 0.2093  step 4692  0.6 min
  stage None epoch 12  val 0.2209  step 5083  0.6 min
  stage None epoch 13  val 0.2327  step 5474  0.7 min
  stage None epoch 14  val 0.2317  step 5865  0.7 min
  stage None epoch 15  val 0.2311  step 6256  0.8 min
  stage None epoch 16  val 0.2275  step 6647  0.8 min
  stage None epoch 17  val 0.2299  step 7038  0.9 min
done runs/kt2/chain_T4_p7/pause-compact_rf-L4-D256-lr0.001-s0: val 0.2328
=== [1] chain T=4 seed=0 direct (16:11)
runs/kt2/chain_T4_p7/direct-compact_rf-L4-D256-lr0.001-s0 | 3,230,464 params | cuda | stages [(None, 30)]
  stage None epoch 0  val 0.1877  step 391  0.1 min
  stage None epoch 1  val 0.1947  step 782  0.1 min
  stage None epoch 2  val 0.1923  step 1173  0.2 min
  stage None epoch 3  val 0.1901  step 1564  0.2 min
  stage None epoch 4  val 0.1831  step 1955  0.2 min
  stage None epoch 5  val 0.1925  step 2346  0.3 min
  stage None epoch 6  val 0.1983  step 2737  0.3 min
  stage None epoch 7  val 0.1979  step 3128  0.4 min
  stage None epoch 8  val 0.1927  step 3519  0.4 min
  stage None epoch 9  val 0.1975  step 3910  0.5 min
  stage None epoch 10  val 0.1915  step 4301  0.5 min
  stage None epoch 11  val 0.1945  step 4692  0.6 min
  stage None epoch 12  val 0.1957  step 5083  0.6 min
  stage None epoch 13  val 0.1963  step 5474  0.7 min
  stage None epoch 14  val 0.1905  step 5865  0.7 min
  stage None epoch 15  val 0.1959  step 6256  0.7 min
  stage None epoch 16  val 0.1975  step 6647  0.8 min
  stage None epoch 17  val 0.2001  step 7038  0.8 min
  stage None epoch 18  val 0.1943  step 7429  0.9 min
  stage None epoch 19  val 0.1955  step 7820  0.9 min
  stage None epoch 20  val 0.1979  step 8211  1.0 min
  stage None epoch 21  val 0.1939  step 8602  1.0 min
  stage None epoch 22  val 0.1941  step 8993  1.1 min
  stage None epoch 23  val 0.1961  step 9384  1.1 min
  stage None epoch 24  val 0.1939  step 9775  1.2 min
  stage None epoch 25  val 0.1953  step 10166  1.2 min
  stage None epoch 26  val 0.2003  step 10557  1.3 min
  stage None epoch 27  val 0.2027  step 10948  1.3 min
  stage None epoch 28  val 0.2003  step 11339  1.3 min
  stage None epoch 29  val 0.2045  step 11730  1.4 min
done runs/kt2/chain_T4_p7/direct-compact_rf-L4-D256-lr0.001-s0: val 0.2046
=== [2] chain T=4 seed=1 latent (16:12)
runs/kt2/chain_T4_p7/latent-compact_rf-base-aisd-L4-D256-lr0.001-s1 | 3,230,464 params | cuda | stages [(0, 3), (1, 3), (2, 3), (3, 3), (4, 6)]
  stage 0 epoch 0  val 1.0000  step 391  0.1 min
  stage 0 epoch 1  val 1.0000  step 782  0.1 min
  stage 0 epoch 2  val 1.0000  step 1173  0.2 min
  stage 1 epoch 0  val 0.9200  step 1564  0.3 min
  stage 1 epoch 1  val 1.0000  step 1955  0.3 min
  stage 1 epoch 2  val 1.0000  step 2346  0.4 min
  stage 2 epoch 0  val 0.5208  step 2737  0.5 min
  stage 2 epoch 1  val 1.0000  step 3128  0.7 min
  stage 2 epoch 2  val 1.0000  step 3519  0.8 min
  stage 3 epoch 0  val 0.1843  step 3910  0.9 min
  stage 3 epoch 1  val 0.2373  step 4301  1.0 min
  stage 3 epoch 2  val 0.8992  step 4692  1.1 min
  stage 4 epoch 0  val 0.2167  step 5083  1.3 min
  stage 4 epoch 1  val 0.2263  step 5474  1.4 min
  stage 4 epoch 2  val 0.2301  step 5865  1.6 min
  stage 4 epoch 3  val 0.2423  step 6256  1.7 min
  stage 4 epoch 4  val 0.2399  step 6647  1.8 min
  stage 4 epoch 5  val 0.2507  step 7038  2.0 min
done runs/kt2/chain_T4_p7/latent-compact_rf-base-aisd-L4-D256-lr0.001-s1: val 0.2506 zero-latent val 0.2000
=== [2] chain T=4 seed=1 pause, 18 epochs (16:14)
runs/kt2/chain_T4_p7/pause-compact_rf-L4-D256-lr0.001-s1 | 3,230,464 params | cuda | stages [(None, 18)]
  stage None epoch 0  val 0.1873  step 391  0.1 min
  stage None epoch 1  val 0.1937  step 782  0.1 min
  stage None epoch 2  val 0.1971  step 1173  0.2 min
  stage None epoch 3  val 0.1941  step 1564  0.2 min
  stage None epoch 4  val 0.1957  step 1955  0.3 min
  stage None epoch 5  val 0.1877  step 2346  0.3 min
  stage None epoch 6  val 0.1941  step 2737  0.4 min
  stage None epoch 7  val 0.1937  step 3128  0.4 min
  stage None epoch 8  val 0.1937  step 3519  0.4 min
  stage None epoch 9  val 0.1963  step 3910  0.5 min
  stage None epoch 10  val 0.1953  step 4301  0.5 min
  stage None epoch 11  val 0.1929  step 4692  0.6 min
  stage None epoch 12  val 0.1953  step 5083  0.6 min
  stage None epoch 13  val 0.1975  step 5474  0.7 min
  stage None epoch 14  val 0.1971  step 5865  0.7 min
  stage None epoch 15  val 0.1961  step 6256  0.8 min
  stage None epoch 16  val 0.1915  step 6647  0.8 min
  stage None epoch 17  val 0.1935  step 7038  0.9 min
done runs/kt2/chain_T4_p7/pause-compact_rf-L4-D256-lr0.001-s1: val 0.1976
=== [2] chain T=4 seed=1 direct (16:15)
runs/kt2/chain_T4_p7/direct-compact_rf-L4-D256-lr0.001-s1 | 3,230,464 params | cuda | stages [(None, 30)]
  stage None epoch 0  val 0.1903  step 391  0.1 min
  stage None epoch 1  val 0.1895  step 782  0.1 min
  stage None epoch 2  val 0.1951  step 1173  0.2 min
  stage None epoch 3  val 0.1931  step 1564  0.2 min
  stage None epoch 4  val 0.1835  step 1955  0.3 min
  stage None epoch 5  val 0.1945  step 2346  0.3 min
  stage None epoch 6  val 0.1973  step 2737  0.4 min
  stage None epoch 7  val 0.2005  step 3128  0.4 min
  stage None epoch 8  val 0.2005  step 3519  0.4 min
  stage None epoch 9  val 0.2087  step 3910  0.5 min
  stage None epoch 10  val 0.2097  step 4301  0.5 min
  stage None epoch 11  val 0.2135  step 4692  0.6 min
  stage None epoch 12  val 0.2187  step 5083  0.6 min
  stage None epoch 13  val 0.2107  step 5474  0.7 min
  stage None epoch 14  val 0.2161  step 5865  0.7 min
  stage None epoch 15  val 0.2155  step 6256  0.8 min
  stage None epoch 16  val 0.2137  step 6647  0.8 min
  stage None epoch 17  val 0.2183  step 7038  0.9 min
  stage None epoch 18  val 0.2207  step 7429  0.9 min
  stage None epoch 19  val 0.2153  step 7820  1.0 min
  stage None epoch 20  val 0.2135  step 8211  1.0 min
  stage None epoch 21  val 0.2145  step 8602  1.1 min
  stage None epoch 22  val 0.2135  step 8993  1.1 min
  stage None epoch 23  val 0.2193  step 9384  1.2 min
  stage None epoch 24  val 0.2223  step 9775  1.2 min
  stage None epoch 25  val 0.2289  step 10166  1.2 min
  stage None epoch 26  val 0.2217  step 10557  1.3 min
  stage None epoch 27  val 0.2223  step 10948  1.3 min
  stage None epoch 28  val 0.2271  step 11339  1.4 min
  stage None epoch 29  val 0.2291  step 11730  1.4 min
done runs/kt2/chain_T4_p7/direct-compact_rf-L4-D256-lr0.001-s1: val 0.2290
=== [3] chain T=4 seed=2 latent (16:17)
runs/kt2/chain_T4_p7/latent-compact_rf-base-aisd-L4-D256-lr0.001-s2 | 3,230,464 params | cuda | stages [(0, 3), (1, 3), (2, 3), (3, 3), (4, 6)]
  stage 0 epoch 0  val 1.0000  step 391  0.1 min
  stage 0 epoch 1  val 1.0000  step 782  0.1 min
  stage 0 epoch 2  val 1.0000  step 1173  0.2 min
  stage 1 epoch 0  val 0.9928  step 1564  0.3 min
  stage 1 epoch 1  val 1.0000  step 1955  0.3 min
  stage 1 epoch 2  val 1.0000  step 2346  0.4 min
  stage 2 epoch 0  val 0.9928  step 2737  0.5 min
  stage 2 epoch 1  val 0.9998  step 3128  0.6 min
  stage 2 epoch 2  val 1.0000  step 3519  0.7 min
  stage 3 epoch 0  val 0.1907  step 3910  0.8 min
  stage 3 epoch 1  val 0.2141  step 4301  0.9 min
  stage 3 epoch 2  val 0.2327  step 4692  1.1 min
  stage 4 epoch 0  val 0.1997  step 5083  1.2 min
  stage 4 epoch 1  val 0.2011  step 5474  1.3 min
  stage 4 epoch 2  val 0.2083  step 5865  1.5 min
  stage 4 epoch 3  val 0.2061  step 6256  1.6 min
  stage 4 epoch 4  val 0.2153  step 6647  1.8 min
  stage 4 epoch 5  val 0.2149  step 7038  1.9 min
done runs/kt2/chain_T4_p7/latent-compact_rf-base-aisd-L4-D256-lr0.001-s2: val 0.2154 zero-latent val 0.1768
=== [3] chain T=4 seed=2 pause, 18 epochs (16:19)
runs/kt2/chain_T4_p7/pause-compact_rf-L4-D256-lr0.001-s2 | 3,230,464 params | cuda | stages [(None, 18)]
  stage None epoch 0  val 0.1885  step 391  0.1 min
  stage None epoch 1  val 0.1961  step 782  0.1 min
  stage None epoch 2  val 0.1885  step 1173  0.2 min
  stage None epoch 3  val 0.1905  step 1564  0.2 min
  stage None epoch 4  val 0.1889  step 1955  0.3 min
  stage None epoch 5  val 0.1815  step 2346  0.3 min
  stage None epoch 6  val 0.1891  step 2737  0.4 min
  stage None epoch 7  val 0.1943  step 3128  0.4 min
  stage None epoch 8  val 0.1947  step 3519  0.5 min
  stage None epoch 9  val 0.1975  step 3910  0.5 min
  stage None epoch 10  val 0.1935  step 4301  0.6 min
  stage None epoch 11  val 0.1961  step 4692  0.6 min
  stage None epoch 12  val 0.1983  step 5083  0.7 min
  stage None epoch 13  val 0.1993  step 5474  0.7 min
  stage None epoch 14  val 0.1973  step 5865  0.8 min
  stage None epoch 15  val 0.2033  step 6256  0.8 min
  stage None epoch 16  val 0.1941  step 6647  0.9 min
  stage None epoch 17  val 0.1939  step 7038  0.9 min
done runs/kt2/chain_T4_p7/pause-compact_rf-L4-D256-lr0.001-s2: val 0.2032
=== [3] chain T=4 seed=2 direct (16:20)
runs/kt2/chain_T4_p7/direct-compact_rf-L4-D256-lr0.001-s2 | 3,230,464 params | cuda | stages [(None, 30)]
  stage None epoch 0  val 0.1869  step 391  0.1 min
  stage None epoch 1  val 0.1915  step 782  0.1 min
  stage None epoch 2  val 0.1875  step 1173  0.2 min
  stage None epoch 3  val 0.1945  step 1564  0.2 min
  stage None epoch 4  val 0.1681  step 1955  0.2 min
  stage None epoch 5  val 0.1941  step 2346  0.3 min
  stage None epoch 6  val 0.1899  step 2737  0.3 min
  stage None epoch 7  val 0.1917  step 3128  0.4 min
  stage None epoch 8  val 0.1919  step 3519  0.4 min
  stage None epoch 9  val 0.1967  step 3910  0.5 min
  stage None epoch 10  val 0.1933  step 4301  0.5 min
  stage None epoch 11  val 0.1929  step 4692  0.6 min
  stage None epoch 12  val 0.1921  step 5083  0.6 min
  stage None epoch 13  val 0.1915  step 5474  0.7 min
  stage None epoch 14  val 0.1961  step 5865  0.7 min
  stage None epoch 15  val 0.1941  step 6256  0.7 min
  stage None epoch 16  val 0.1973  step 6647  0.8 min
  stage None epoch 17  val 0.1933  step 7038  0.8 min
  stage None epoch 18  val 0.1963  step 7429  0.9 min
  stage None epoch 19  val 0.2019  step 7820  0.9 min
  stage None epoch 20  val 0.2053  step 8211  1.0 min
  stage None epoch 21  val 0.1961  step 8602  1.0 min
  stage None epoch 22  val 0.1985  step 8993  1.1 min
  stage None epoch 23  val 0.1907  step 9384  1.1 min
  stage None epoch 24  val 0.2023  step 9775  1.1 min
  stage None epoch 25  val 0.1991  step 10166  1.2 min
  stage None epoch 26  val 0.1993  step 10557  1.2 min
  stage None epoch 27  val 0.2023  step 10948  1.3 min
  stage None epoch 28  val 0.2033  step 11339  1.3 min
  stage None epoch 29  val 0.2005  step 11730  1.4 min
done runs/kt2/chain_T4_p7/direct-compact_rf-L4-D256-lr0.001-s2: val 0.2052
=== [4] chain T=8 seed=0 latent (16:21)
runs/kt2/chain_T8_p7/latent-compact_rf-base-aisd-L4-D256-lr0.001-s0 | 3,230,464 params | cuda | stages [(0, 3), (1, 3), (2, 3), (3, 3), (4, 3), (5, 3), (6, 3), (7, 3), (8, 6)]
  stage 0 epoch 0  val 1.0000  step 391  0.1 min
  stage 0 epoch 1  val 1.0000  step 782  0.2 min
  stage 0 epoch 2  val 1.0000  step 1173  0.3 min
  stage 1 epoch 0  val 0.4390  step 1564  0.4 min
  stage 1 epoch 1  val 0.5168  step 1955  0.6 min
  stage 1 epoch 2  val 0.7245  step 2346  0.7 min
  stage 2 epoch 0  val 0.2357  step 2737  0.8 min
  stage 2 epoch 1  val 0.3087  step 3128  1.0 min
  stage 2 epoch 2  val 0.3972  step 3519  1.1 min
  stage 3 epoch 0  val 0.2993  step 3910  1.3 min
  stage 3 epoch 1  val 0.3103  step 4301  1.4 min
  stage 3 epoch 2  val 0.3039  step 4692  1.6 min
  stage 4 epoch 0  val 0.1873  step 5083  1.8 min
  stage 4 epoch 1  val 0.1907  step 5474  2.0 min
  stage 4 epoch 2  val 0.1871  step 5865  2.2 min
  stage 5 epoch 0  val 0.1649  step 6256  2.4 min
  stage 5 epoch 1  val 0.1595  step 6647  2.6 min
  stage 5 epoch 2  val 0.1671  step 7038  2.8 min
  stage 6 epoch 0  val 0.1591  step 7429  3.0 min
  stage 6 epoch 1  val 0.1883  step 7820  3.2 min
  stage 6 epoch 2  val 0.1919  step 8211  3.5 min
  stage 7 epoch 0  val 0.1959  step 8602  3.7 min
  stage 7 epoch 1  val 0.1923  step 8993  4.0 min
  stage 7 epoch 2  val 0.1929  step 9384  4.3 min
  stage 8 epoch 0  val 0.1771  step 9775  4.6 min
  stage 8 epoch 1  val 0.1819  step 10166  4.8 min
  stage 8 epoch 2  val 0.1853  step 10557  5.1 min
  stage 8 epoch 3  val 0.1905  step 10948  5.4 min
  stage 8 epoch 4  val 0.1927  step 11339  5.7 min
  stage 8 epoch 5  val 0.1895  step 11730  6.0 min
done runs/kt2/chain_T8_p7/latent-compact_rf-base-aisd-L4-D256-lr0.001-s0: val 0.1926 zero-latent val 0.1882
=== [4] chain T=8 seed=0 pause, 30 epochs (16:27)
runs/kt2/chain_T8_p7/pause-compact_rf-L4-D256-lr0.001-s0 | 3,230,464 params | cuda | stages [(None, 30)]
  stage None epoch 0  val 0.1873  step 391  0.1 min
  stage None epoch 1  val 0.1927  step 782  0.1 min
  stage None epoch 2  val 0.1961  step 1173  0.2 min
  stage None epoch 3  val 0.1905  step 1564  0.2 min
  stage None epoch 4  val 0.1917  step 1955  0.3 min
  stage None epoch 5  val 0.2001  step 2346  0.3 min
  stage None epoch 6  val 0.2085  step 2737  0.4 min
  stage None epoch 7  val 0.2021  step 3128  0.4 min
  stage None epoch 8  val 0.2035  step 3519  0.5 min
  stage None epoch 9  val 0.2061  step 3910  0.5 min
  stage None epoch 10  val 0.2101  step 4301  0.6 min
  stage None epoch 11  val 0.2055  step 4692  0.6 min
  stage None epoch 12  val 0.2027  step 5083  0.7 min
  stage None epoch 13  val 0.2143  step 5474  0.7 min
  stage None epoch 14  val 0.2061  step 5865  0.8 min
  stage None epoch 15  val 0.2189  step 6256  0.8 min
  stage None epoch 16  val 0.2279  step 6647  0.9 min
  stage None epoch 17  val 0.2307  step 7038  0.9 min
  stage None epoch 18  val 0.2257  step 7429  1.0 min
  stage None epoch 19  val 0.2309  step 7820  1.0 min
  stage None epoch 20  val 0.2335  step 8211  1.1 min
  stage None epoch 21  val 0.2325  step 8602  1.2 min
  stage None epoch 22  val 0.2407  step 8993  1.2 min
  stage None epoch 23  val 0.2469  step 9384  1.3 min
  stage None epoch 24  val 0.2409  step 9775  1.3 min
  stage None epoch 25  val 0.2395  step 10166  1.4 min
  stage None epoch 26  val 0.2389  step 10557  1.4 min
  stage None epoch 27  val 0.2391  step 10948  1.5 min
  stage None epoch 28  val 0.2481  step 11339  1.5 min
  stage None epoch 29  val 0.2501  step 11730  1.6 min
done runs/kt2/chain_T8_p7/pause-compact_rf-L4-D256-lr0.001-s0: val 0.2502
=== [4] chain T=8 seed=0 direct (16:29)
runs/kt2/chain_T8_p7/direct-compact_rf-L4-D256-lr0.001-s0 | 3,230,464 params | cuda | stages [(None, 30)]
  stage None epoch 0  val 0.1937  step 391  0.1 min
  stage None epoch 1  val 0.1947  step 782  0.1 min
  stage None epoch 2  val 0.1929  step 1173  0.2 min
  stage None epoch 3  val 0.1957  step 1564  0.2 min
  stage None epoch 4  val 0.1879  step 1955  0.3 min
  stage None epoch 5  val 0.1915  step 2346  0.3 min
  stage None epoch 6  val 0.1929  step 2737  0.4 min
  stage None epoch 7  val 0.1947  step 3128  0.4 min
  stage None epoch 8  val 0.1995  step 3519  0.5 min
  stage None epoch 9  val 0.2043  step 3910  0.5 min
  stage None epoch 10  val 0.1977  step 4301  0.6 min
  stage None epoch 11  val 0.2017  step 4692  0.6 min
  stage None epoch 12  val 0.1991  step 5083  0.7 min
  stage None epoch 13  val 0.2091  step 5474  0.7 min
  stage None epoch 14  val 0.2019  step 5865  0.7 min
  stage None epoch 15  val 0.2013  step 6256  0.8 min
  stage None epoch 16  val 0.2139  step 6647  0.8 min
  stage None epoch 17  val 0.2075  step 7038  0.9 min
  stage None epoch 18  val 0.2139  step 7429  0.9 min
  stage None epoch 19  val 0.2145  step 7820  1.0 min
  stage None epoch 20  val 0.2175  step 8211  1.0 min
  stage None epoch 21  val 0.2109  step 8602  1.1 min
  stage None epoch 22  val 0.2137  step 8993  1.1 min
  stage None epoch 23  val 0.2043  step 9384  1.2 min
  stage None epoch 24  val 0.2133  step 9775  1.2 min
  stage None epoch 25  val 0.2089  step 10166  1.3 min
  stage None epoch 26  val 0.2089  step 10557  1.3 min
  stage None epoch 27  val 0.2129  step 10948  1.4 min
  stage None epoch 28  val 0.2101  step 11339  1.4 min
  stage None epoch 29  val 0.2141  step 11730  1.5 min
done runs/kt2/chain_T8_p7/direct-compact_rf-L4-D256-lr0.001-s0: val 0.2174
=== [5] chain T=8 seed=1 latent (16:30)
runs/kt2/chain_T8_p7/latent-compact_rf-base-aisd-L4-D256-lr0.001-s1 | 3,230,464 params | cuda | stages [(0, 3), (1, 3), (2, 3), (3, 3), (4, 3), (5, 3), (6, 3), (7, 3), (8, 6)]
  stage 0 epoch 0  val 1.0000  step 391  0.1 min
  stage 0 epoch 1  val 1.0000  step 782  0.2 min
  stage 0 epoch 2  val 1.0000  step 1173  0.3 min
  stage 1 epoch 0  val 0.9878  step 1564  0.4 min
  stage 1 epoch 1  val 1.0000  step 1955  0.6 min
  stage 1 epoch 2  val 1.0000  step 2346  0.7 min
  stage 2 epoch 0  val 0.2275  step 2737  0.8 min
  stage 2 epoch 1  val 0.2431  step 3128  1.0 min
  stage 2 epoch 2  val 0.3976  step 3519  1.1 min
  stage 3 epoch 0  val 0.2575  step 3910  1.3 min
  stage 3 epoch 1  val 0.3593  step 4301  1.5 min
  stage 3 epoch 2  val 0.3593  step 4692  1.6 min
  stage 4 epoch 0  val 0.1955  step 5083  1.8 min
  stage 4 epoch 1  val 0.2923  step 5474  2.0 min
  stage 4 epoch 2  val 0.3025  step 5865  2.2 min
  stage 5 epoch 0  val 0.1859  step 6256  2.4 min
  stage 5 epoch 1  val 0.2019  step 6647  2.6 min
  stage 5 epoch 2  val 0.2017  step 7038  2.8 min
  stage 6 epoch 0  val 0.2061  step 7429  3.1 min
  stage 6 epoch 1  val 0.2479  step 7820  3.3 min
  stage 6 epoch 2  val 0.2569  step 8211  3.5 min
  stage 7 epoch 0  val 0.1857  step 8602  3.8 min
  stage 7 epoch 1  val 0.1961  step 8993  4.1 min
  stage 7 epoch 2  val 0.2191  step 9384  4.3 min
  stage 8 epoch 0  val 0.1977  step 9775  4.6 min
  stage 8 epoch 1  val 0.2065  step 10166  4.9 min
  stage 8 epoch 2  val 0.2035  step 10557  5.2 min
  stage 8 epoch 3  val 0.2117  step 10948  5.4 min
  stage 8 epoch 4  val 0.2197  step 11339  5.7 min
  stage 8 epoch 5  val 0.2189  step 11730  6.0 min
done runs/kt2/chain_T8_p7/latent-compact_rf-base-aisd-L4-D256-lr0.001-s1: val 0.2196 zero-latent val 0.2196
=== [5] chain T=8 seed=1 pause, 30 epochs (16:36)
runs/kt2/chain_T8_p7/pause-compact_rf-L4-D256-lr0.001-s1 | 3,230,464 params | cuda | stages [(None, 30)]
  stage None epoch 0  val 0.1847  step 391  0.1 min
  stage None epoch 1  val 0.1949  step 782  0.1 min
  stage None epoch 2  val 0.1957  step 1173  0.2 min
  stage None epoch 3  val 0.1797  step 1564  0.2 min
  stage None epoch 4  val 0.1957  step 1955  0.3 min
  stage None epoch 5  val 0.1953  step 2346  0.3 min
  stage None epoch 6  val 0.1851  step 2737  0.4 min
  stage None epoch 7  val 0.1951  step 3128  0.4 min
  stage None epoch 8  val 0.1975  step 3519  0.5 min
  stage None epoch 9  val 0.1923  step 3910  0.5 min
  stage None epoch 10  val 0.2029  step 4301  0.6 min
  stage None epoch 11  val 0.1951  step 4692  0.6 min
  stage None epoch 12  val 0.1897  step 5083  0.7 min
  stage None epoch 13  val 0.1869  step 5474  0.7 min
  stage None epoch 14  val 0.1973  step 5865  0.8 min
  stage None epoch 15  val 0.1953  step 6256  0.9 min
  stage None epoch 16  val 0.1923  step 6647  0.9 min
  stage None epoch 17  val 0.1969  step 7038  1.0 min
  stage None epoch 18  val 0.1951  step 7429  1.0 min
  stage None epoch 19  val 0.1987  step 7820  1.1 min
  stage None epoch 20  val 0.1945  step 8211  1.1 min
  stage None epoch 21  val 0.1937  step 8602  1.2 min
  stage None epoch 22  val 0.1975  step 8993  1.2 min
  stage None epoch 23  val 0.1957  step 9384  1.3 min
  stage None epoch 24  val 0.1923  step 9775  1.3 min
  stage None epoch 25  val 0.2017  step 10166  1.4 min
  stage None epoch 26  val 0.2063  step 10557  1.4 min
  stage None epoch 27  val 0.2005  step 10948  1.5 min
  stage None epoch 28  val 0.2005  step 11339  1.5 min
  stage None epoch 29  val 0.2041  step 11730  1.6 min
done runs/kt2/chain_T8_p7/pause-compact_rf-L4-D256-lr0.001-s1: val 0.2062
=== [5] chain T=8 seed=1 direct (16:38)
runs/kt2/chain_T8_p7/direct-compact_rf-L4-D256-lr0.001-s1 | 3,230,464 params | cuda | stages [(None, 30)]
  stage None epoch 0  val 0.1851  step 391  0.1 min
  stage None epoch 1  val 0.1933  step 782  0.1 min
  stage None epoch 2  val 0.1947  step 1173  0.2 min
  stage None epoch 3  val 0.1937  step 1564  0.2 min
  stage None epoch 4  val 0.2099  step 1955  0.3 min
  stage None epoch 5  val 0.2113  step 2346  0.3 min
  stage None epoch 6  val 0.2125  step 2737  0.4 min
  stage None epoch 7  val 0.2097  step 3128  0.4 min
  stage None epoch 8  val 0.2091  step 3519  0.5 min
  stage None epoch 9  val 0.2153  step 3910  0.5 min
  stage None epoch 10  val 0.2025  step 4301  0.6 min
  stage None epoch 11  val 0.2109  step 4692  0.6 min
  stage None epoch 12  val 0.2053  step 5083  0.6 min
  stage None epoch 13  val 0.2065  step 5474  0.7 min
  stage None epoch 14  val 0.2137  step 5865  0.7 min
  stage None epoch 15  val 0.2137  step 6256  0.8 min
  stage None epoch 16  val 0.2045  step 6647  0.8 min
  stage None epoch 17  val 0.2115  step 7038  0.9 min
  stage None epoch 18  val 0.2117  step 7429  0.9 min
  stage None epoch 19  val 0.2175  step 7820  1.0 min
  stage None epoch 20  val 0.2007  step 8211  1.0 min
  stage None epoch 21  val 0.2185  step 8602  1.1 min
  stage None epoch 22  val 0.2261  step 8993  1.1 min
  stage None epoch 23  val 0.2177  step 9384  1.2 min
  stage None epoch 24  val 0.2115  step 9775  1.2 min
  stage None epoch 25  val 0.2191  step 10166  1.3 min
  stage None epoch 26  val 0.2175  step 10557  1.3 min
  stage None epoch 27  val 0.2109  step 10948  1.4 min
  stage None epoch 28  val 0.2171  step 11339  1.4 min
  stage None epoch 29  val 0.2279  step 11730  1.5 min
done runs/kt2/chain_T8_p7/direct-compact_rf-L4-D256-lr0.001-s1: val 0.2278
=== [6] chain T=8 seed=2 latent (16:39)
runs/kt2/chain_T8_p7/latent-compact_rf-base-aisd-L4-D256-lr0.001-s2 | 3,230,464 params | cuda | stages [(0, 3), (1, 3), (2, 3), (3, 3), (4, 3), (5, 3), (6, 3), (7, 3), (8, 6)]
  stage 0 epoch 0  val 1.0000  step 391  0.1 min
  stage 0 epoch 1  val 1.0000  step 782  0.2 min
  stage 0 epoch 2  val 1.0000  step 1173  0.3 min
  stage 1 epoch 0  val 1.0000  step 1564  0.4 min
  stage 1 epoch 1  val 1.0000  step 1955  0.6 min
  stage 1 epoch 2  val 1.0000  step 2346  0.7 min
  stage 2 epoch 0  val 0.1663  step 2737  0.8 min
  stage 2 epoch 1  val 0.5802  step 3128  1.0 min
  stage 2 epoch 2  val 1.0000  step 3519  1.1 min
  stage 3 epoch 0  val 0.1553  step 3910  1.3 min
  stage 3 epoch 1  val 0.1595  step 4301  1.4 min
  stage 3 epoch 2  val 0.1605  step 4692  1.6 min
  stage 4 epoch 0  val 0.1863  step 5083  1.8 min
  stage 4 epoch 1  val 0.1881  step 5474  2.0 min
  stage 4 epoch 2  val 0.1851  step 5865  2.2 min
  stage 5 epoch 0  val 0.1939  step 6256  2.4 min
  stage 5 epoch 1  val 0.1997  step 6647  2.6 min
  stage 5 epoch 2  val 0.2047  step 7038  2.8 min
  stage 6 epoch 0  val 0.1613  step 7429  3.0 min
  stage 6 epoch 1  val 0.2195  step 7820  3.2 min
  stage 6 epoch 2  val 0.2323  step 8211  3.5 min
  stage 7 epoch 0  val 0.1999  step 8602  3.7 min
  stage 7 epoch 1  val 0.2049  step 8993  4.0 min
  stage 7 epoch 2  val 0.2187  step 9384  4.3 min
  stage 8 epoch 0  val 0.1811  step 9775  4.6 min
  stage 8 epoch 1  val 0.1857  step 10166  4.8 min
  stage 8 epoch 2  val 0.2031  step 10557  5.1 min
  stage 8 epoch 3  val 0.1969  step 10948  5.4 min
  stage 8 epoch 4  val 0.2141  step 11339  5.7 min
  stage 8 epoch 5  val 0.2079  step 11730  6.0 min
done runs/kt2/chain_T8_p7/latent-compact_rf-base-aisd-L4-D256-lr0.001-s2: val 0.2140 zero-latent val 0.2070
=== [6] chain T=8 seed=2 pause, 30 epochs (16:45)
runs/kt2/chain_T8_p7/pause-compact_rf-L4-D256-lr0.001-s2 | 3,230,464 params | cuda | stages [(None, 30)]
  stage None epoch 0  val 0.1919  step 391  0.1 min
  stage None epoch 1  val 0.1907  step 782  0.1 min
  stage None epoch 2  val 0.1941  step 1173  0.2 min
  stage None epoch 3  val 0.1865  step 1564  0.2 min
  stage None epoch 4  val 0.1891  step 1955  0.3 min
  stage None epoch 5  val 0.1981  step 2346  0.3 min
  stage None epoch 6  val 0.2007  step 2737  0.4 min
  stage None epoch 7  val 0.1937  step 3128  0.4 min
  stage None epoch 8  val 0.1965  step 3519  0.5 min
  stage None epoch 9  val 0.1947  step 3910  0.5 min
  stage None epoch 10  val 0.1949  step 4301  0.6 min
  stage None epoch 11  val 0.1913  step 4692  0.6 min
  stage None epoch 12  val 0.1969  step 5083  0.7 min
  stage None epoch 13  val 0.1957  step 5474  0.7 min
  stage None epoch 14  val 0.2003  step 5865  0.8 min
  stage None epoch 15  val 0.1957  step 6256  0.8 min
  stage None epoch 16  val 0.1949  step 6647  0.9 min
  stage None epoch 17  val 0.2039  step 7038  0.9 min
  stage None epoch 18  val 0.2009  step 7429  1.0 min
  stage None epoch 19  val 0.1969  step 7820  1.0 min
  stage None epoch 20  val 0.1983  step 8211  1.1 min
  stage None epoch 21  val 0.2017  step 8602  1.1 min
  stage None epoch 22  val 0.2009  step 8993  1.2 min
  stage None epoch 23  val 0.2055  step 9384  1.2 min
  stage None epoch 24  val 0.2071  step 9775  1.3 min
  stage None epoch 25  val 0.2081  step 10166  1.3 min
  stage None epoch 26  val 0.2069  step 10557  1.4 min
  stage None epoch 27  val 0.2087  step 10948  1.4 min
  stage None epoch 28  val 0.2135  step 11339  1.5 min
  stage None epoch 29  val 0.2117  step 11730  1.5 min
done runs/kt2/chain_T8_p7/pause-compact_rf-L4-D256-lr0.001-s2: val 0.2134
=== [6] chain T=8 seed=2 direct (16:47)
runs/kt2/chain_T8_p7/direct-compact_rf-L4-D256-lr0.001-s2 | 3,230,464 params | cuda | stages [(None, 30)]
  stage None epoch 0  val 0.1841  step 391  0.1 min
  stage None epoch 1  val 0.1895  step 782  0.1 min
  stage None epoch 2  val 0.1869  step 1173  0.2 min
  stage None epoch 3  val 0.1941  step 1564  0.2 min
  stage None epoch 4  val 0.1917  step 1955  0.3 min
  stage None epoch 5  val 0.1957  step 2346  0.3 min
  stage None epoch 6  val 0.1917  step 2737  0.4 min
  stage None epoch 7  val 0.1839  step 3128  0.4 min
  stage None epoch 8  val 0.1917  step 3519  0.5 min
  stage None epoch 9  val 0.1931  step 3910  0.5 min
  stage None epoch 10  val 0.1933  step 4301  0.6 min
  stage None epoch 11  val 0.1923  step 4692  0.6 min
  stage None epoch 12  val 0.1905  step 5083  0.6 min
  stage None epoch 13  val 0.1915  step 5474  0.7 min
  stage None epoch 14  val 0.1935  step 5865  0.7 min
  stage None epoch 15  val 0.1955  step 6256  0.8 min
  stage None epoch 16  val 0.1929  step 6647  0.8 min
  stage None epoch 17  val 0.1975  step 7038  0.9 min
  stage None epoch 18  val 0.1965  step 7429  0.9 min
  stage None epoch 19  val 0.1941  step 7820  1.0 min
  stage None epoch 20  val 0.2035  step 8211  1.0 min
  stage None epoch 21  val 0.1983  step 8602  1.1 min
  stage None epoch 22  val 0.2031  step 8993  1.1 min
  stage None epoch 23  val 0.1977  step 9384  1.2 min
  stage None epoch 24  val 0.1945  step 9775  1.2 min
  stage None epoch 25  val 0.1963  step 10166  1.3 min
  stage None epoch 26  val 0.1973  step 10557  1.3 min
  stage None epoch 27  val 0.1955  step 10948  1.4 min
  stage None epoch 28  val 0.1967  step 11339  1.4 min
  stage None epoch 29  val 0.2041  step 11730  1.5 min
done runs/kt2/chain_T8_p7/direct-compact_rf-L4-D256-lr0.001-s2: val 0.2040
=== [7] balanced T=7 seed=0 latent (16:48)
runs/kt2/balanced_T7_p7/latent-compact_rf-base-aisd-L4-D256-lr0.001-s0 | 3,230,464 params | cuda | stages [(0, 3), (1, 3), (2, 3), (3, 3), (4, 3), (5, 3), (6, 3), (7, 6)]
  stage 0 epoch 0  val 1.0000  step 391  0.1 min
  stage 0 epoch 1  val 1.0000  step 782  0.2 min
  stage 0 epoch 2  val 1.0000  step 1173  0.3 min
  stage 1 epoch 0  val 0.2661  step 1564  0.4 min
  stage 1 epoch 1  val 0.5868  step 1955  0.5 min
  stage 1 epoch 2  val 1.0000  step 2346  0.6 min
  stage 2 epoch 0  val 0.1807  step 2737  0.7 min
  stage 2 epoch 1  val 0.2277  step 3128  0.9 min
  stage 2 epoch 2  val 0.2687  step 3519  1.0 min
  stage 3 epoch 0  val 0.1395  step 3910  1.1 min
  stage 3 epoch 1  val 0.1647  step 4301  1.3 min
  stage 3 epoch 2  val 0.1659  step 4692  1.4 min
  stage 4 epoch 0  val 0.1869  step 5083  1.6 min
  stage 4 epoch 1  val 0.1913  step 5474  1.8 min
  stage 4 epoch 2  val 0.1855  step 5865  1.9 min
  stage 5 epoch 0  val 0.1671  step 6256  2.1 min
  stage 5 epoch 1  val 0.1595  step 6647  2.3 min
  stage 5 epoch 2  val 0.1661  step 7038  2.5 min
  stage 6 epoch 0  val 0.1821  step 7429  2.7 min
  stage 6 epoch 1  val 0.1825  step 7820  3.0 min
  stage 6 epoch 2  val 0.1851  step 8211  3.2 min
  stage 7 epoch 0  val 0.1877  step 8602  3.4 min
  stage 7 epoch 1  val 0.1817  step 8993  3.7 min
  stage 7 epoch 2  val 0.1867  step 9384  3.9 min
  stage 7 epoch 3  val 0.1883  step 9775  4.1 min
  stage 7 epoch 4  val 0.1893  step 10166  4.4 min
  stage 7 epoch 5  val 0.1939  step 10557  4.6 min
done runs/kt2/balanced_T7_p7/latent-compact_rf-base-aisd-L4-D256-lr0.001-s0: val 0.1938 zero-latent val 0.1902
=== [7] balanced T=7 seed=0 pause, 27 epochs (16:53)
runs/kt2/balanced_T7_p7/pause-compact_rf-L4-D256-lr0.001-s0 | 3,230,464 params | cuda | stages [(None, 27)]
  stage None epoch 0  val 0.1871  step 391  0.1 min
  stage None epoch 1  val 0.1827  step 782  0.1 min
  stage None epoch 2  val 0.1871  step 1173  0.2 min
  stage None epoch 3  val 0.1857  step 1564  0.2 min
  stage None epoch 4  val 0.1941  step 1955  0.3 min
  stage None epoch 5  val 0.1885  step 2346  0.3 min
  stage None epoch 6  val 0.1903  step 2737  0.4 min
  stage None epoch 7  val 0.1867  step 3128  0.4 min
  stage None epoch 8  val 0.1837  step 3519  0.5 min
  stage None epoch 9  val 0.1821  step 3910  0.5 min
  stage None epoch 10  val 0.1865  step 4301  0.6 min
  stage None epoch 11  val 0.1877  step 4692  0.6 min
  stage None epoch 12  val 0.1869  step 5083  0.7 min
  stage None epoch 13  val 0.1871  step 5474  0.7 min
  stage None epoch 14  val 0.1887  step 5865  0.8 min
  stage None epoch 15  val 0.1885  step 6256  0.8 min
  stage None epoch 16  val 0.1871  step 6647  0.9 min
  stage None epoch 17  val 0.1863  step 7038  0.9 min
  stage None epoch 18  val 0.1879  step 7429  1.0 min
  stage None epoch 19  val 0.1873  step 7820  1.0 min
  stage None epoch 20  val 0.1921  step 8211  1.1 min
  stage None epoch 21  val 0.1865  step 8602  1.1 min
  stage None epoch 22  val 0.1885  step 8993  1.2 min
  stage None epoch 23  val 0.1813  step 9384  1.2 min
  stage None epoch 24  val 0.1847  step 9775  1.3 min
  stage None epoch 25  val 0.1851  step 10166  1.3 min
  stage None epoch 26  val 0.1893  step 10557  1.4 min
done runs/kt2/balanced_T7_p7/pause-compact_rf-L4-D256-lr0.001-s0: val 0.1940
=== [7] balanced T=7 seed=0 direct (16:55)
runs/kt2/balanced_T7_p7/direct-compact_rf-L4-D256-lr0.001-s0 | 3,230,464 params | cuda | stages [(None, 30)]
  stage None epoch 0  val 0.1871  step 391  0.1 min
  stage None epoch 1  val 0.1841  step 782  0.1 min
  stage None epoch 2  val 0.1871  step 1173  0.2 min
  stage None epoch 3  val 0.1865  step 1564  0.2 min
  stage None epoch 4  val 0.1849  step 1955  0.3 min
  stage None epoch 5  val 0.1869  step 2346  0.3 min
  stage None epoch 6  val 0.1847  step 2737  0.4 min
  stage None epoch 7  val 0.1895  step 3128  0.4 min
  stage None epoch 8  val 0.1915  step 3519  0.5 min
  stage None epoch 9  val 0.1837  step 3910  0.5 min
  stage None epoch 10  val 0.1853  step 4301  0.6 min
  stage None epoch 11  val 0.1871  step 4692  0.6 min
  stage None epoch 12  val 0.1879  step 5083  0.7 min
  stage None epoch 13  val 0.1857  step 5474  0.7 min
  stage None epoch 14  val 0.1847  step 5865  0.8 min
  stage None epoch 15  val 0.1885  step 6256  0.8 min
  stage None epoch 16  val 0.1871  step 6647  0.8 min
  stage None epoch 17  val 0.1863  step 7038  0.9 min
  stage None epoch 18  val 0.1853  step 7429  0.9 min
  stage None epoch 19  val 0.1867  step 7820  1.0 min
  stage None epoch 20  val 0.1921  step 8211  1.0 min
  stage None epoch 21  val 0.1843  step 8602  1.1 min
  stage None epoch 22  val 0.1871  step 8993  1.1 min
  stage None epoch 23  val 0.1851  step 9384  1.2 min
  stage None epoch 24  val 0.1913  step 9775  1.2 min
  stage None epoch 25  val 0.1815  step 10166  1.3 min
  stage None epoch 26  val 0.1805  step 10557  1.3 min
  stage None epoch 27  val 0.1851  step 10948  1.4 min
  stage None epoch 28  val 0.1833  step 11339  1.4 min
  stage None epoch 29  val 0.1865  step 11730  1.5 min
done runs/kt2/balanced_T7_p7/direct-compact_rf-L4-D256-lr0.001-s0: val 0.1920
=== [8] balanced T=7 seed=1 latent (16:56)
runs/kt2/balanced_T7_p7/latent-compact_rf-base-aisd-L4-D256-lr0.001-s1 | 3,230,464 params | cuda | stages [(0, 3), (1, 3), (2, 3), (3, 3), (4, 3), (5, 3), (6, 3), (7, 6)]
  stage 0 epoch 0  val 0.2999  step 391  0.1 min
  stage 0 epoch 1  val 1.0000  step 782  0.2 min
  stage 0 epoch 2  val 1.0000  step 1173  0.3 min
  stage 1 epoch 0  val 0.9750  step 1564  0.4 min
  stage 1 epoch 1  val 1.0000  step 1955  0.5 min
  stage 1 epoch 2  val 1.0000  step 2346  0.6 min
  stage 2 epoch 0  val 0.5682  step 2737  0.7 min
  stage 2 epoch 1  val 0.9974  step 3128  0.9 min
  stage 2 epoch 2  val 1.0000  step 3519  1.0 min
  stage 3 epoch 0  val 0.3565  step 3910  1.1 min
  stage 3 epoch 1  val 0.9978  step 4301  1.3 min
  stage 3 epoch 2  val 1.0000  step 4692  1.4 min
  stage 4 epoch 0  val 0.2757  step 5083  1.6 min
  stage 4 epoch 1  val 0.3427  step 5474  1.8 min
  stage 4 epoch 2  val 0.6505  step 5865  1.9 min
  stage 5 epoch 0  val 0.4012  step 6256  2.1 min
  stage 5 epoch 1  val 0.5066  step 6647  2.3 min
  stage 5 epoch 2  val 0.9826  step 7038  2.5 min
  stage 6 epoch 0  val 0.1891  step 7429  2.7 min
  stage 6 epoch 1  val 0.1841  step 7820  3.0 min
  stage 6 epoch 2  val 0.2123  step 8211  3.2 min
  stage 7 epoch 0  val 0.1883  step 8602  3.4 min
  stage 7 epoch 1  val 0.1853  step 8993  3.7 min
  stage 7 epoch 2  val 0.1867  step 9384  3.9 min
  stage 7 epoch 3  val 0.1875  step 9775  4.1 min
  stage 7 epoch 4  val 0.1867  step 10166  4.4 min
  stage 7 epoch 5  val 0.1909  step 10557  4.6 min
done runs/kt2/balanced_T7_p7/latent-compact_rf-base-aisd-L4-D256-lr0.001-s1: val 0.1908 zero-latent val 0.1906
=== [8] balanced T=7 seed=1 pause, 27 epochs (17:01)
runs/kt2/balanced_T7_p7/pause-compact_rf-L4-D256-lr0.001-s1 | 3,230,464 params | cuda | stages [(None, 27)]
  stage None epoch 0  val 0.1861  step 391  0.1 min
  stage None epoch 1  val 0.1851  step 782  0.1 min
  stage None epoch 2  val 0.1885  step 1173  0.2 min
  stage None epoch 3  val 0.1741  step 1564  0.2 min
  stage None epoch 4  val 0.1865  step 1955  0.3 min
  stage None epoch 5  val 0.1879  step 2346  0.3 min
  stage None epoch 6  val 0.1851  step 2737  0.4 min
  stage None epoch 7  val 0.1847  step 3128  0.5 min
  stage None epoch 8  val 0.1881  step 3519  0.5 min
  stage None epoch 9  val 0.1861  step 3910  0.6 min
  stage None epoch 10  val 0.1877  step 4301  0.6 min
  stage None epoch 11  val 0.1871  step 4692  0.6 min
  stage None epoch 12  val 0.1829  step 5083  0.7 min
  stage None epoch 13  val 0.1887  step 5474  0.7 min
  stage None epoch 14  val 0.1867  step 5865  0.8 min
  stage None epoch 15  val 0.1871  step 6256  0.8 min
  stage None epoch 16  val 0.1851  step 6647  0.9 min
  stage None epoch 17  val 0.1879  step 7038  1.0 min
  stage None epoch 18  val 0.1883  step 7429  1.0 min
  stage None epoch 19  val 0.1893  step 7820  1.1 min
  stage None epoch 20  val 0.1889  step 8211  1.1 min
  stage None epoch 21  val 0.1875  step 8602  1.2 min
  stage None epoch 22  val 0.1861  step 8993  1.2 min
  stage None epoch 23  val 0.1883  step 9384  1.3 min
  stage None epoch 24  val 0.1877  step 9775  1.3 min
  stage None epoch 25  val 0.1809  step 10166  1.4 min
  stage None epoch 26  val 0.1853  step 10557  1.4 min
done runs/kt2/balanced_T7_p7/pause-compact_rf-L4-D256-lr0.001-s1: val 0.1892
=== [8] balanced T=7 seed=1 direct (17:02)
runs/kt2/balanced_T7_p7/direct-compact_rf-L4-D256-lr0.001-s1 | 3,230,464 params | cuda | stages [(None, 30)]
  stage None epoch 0  val 0.1853  step 391  0.1 min
  stage None epoch 1  val 0.1885  step 782  0.1 min
  stage None epoch 2  val 0.1887  step 1173  0.2 min
  stage None epoch 3  val 0.1775  step 1564  0.2 min
  stage None epoch 4  val 0.1731  step 1955  0.3 min
  stage None epoch 5  val 0.1875  step 2346  0.3 min
  stage None epoch 6  val 0.1875  step 2737  0.4 min
  stage None epoch 7  val 0.1859  step 3128  0.4 min
  stage None epoch 8  val 0.1891  step 3519  0.5 min
  stage None epoch 9  val 0.1827  step 3910  0.5 min
  stage None epoch 10  val 0.1831  step 4301  0.5 min
  stage None epoch 11  val 0.1767  step 4692  0.6 min
  stage None epoch 12  val 0.1807  step 5083  0.6 min
  stage None epoch 13  val 0.1885  step 5474  0.7 min
  stage None epoch 14  val 0.1803  step 5865  0.7 min
  stage None epoch 15  val 0.1873  step 6256  0.8 min
  stage None epoch 16  val 0.1833  step 6647  0.8 min
  stage None epoch 17  val 0.1881  step 7038  0.9 min
  stage None epoch 18  val 0.1883  step 7429  0.9 min
  stage None epoch 19  val 0.1801  step 7820  1.0 min
  stage None epoch 20  val 0.1893  step 8211  1.0 min
  stage None epoch 21  val 0.1867  step 8602  1.1 min
  stage None epoch 22  val 0.1875  step 8993  1.1 min
  stage None epoch 23  val 0.1889  step 9384  1.2 min
  stage None epoch 24  val 0.1885  step 9775  1.2 min
  stage None epoch 25  val 0.1833  step 10166  1.3 min
  stage None epoch 26  val 0.1831  step 10557  1.3 min
  stage None epoch 27  val 0.1881  step 10948  1.3 min
  stage None epoch 28  val 0.1825  step 11339  1.4 min
  stage None epoch 29  val 0.1873  step 11730  1.4 min
done runs/kt2/balanced_T7_p7/direct-compact_rf-L4-D256-lr0.001-s1: val 0.1892
=== [9] balanced T=7 seed=2 latent (17:04)
runs/kt2/balanced_T7_p7/latent-compact_rf-base-aisd-L4-D256-lr0.001-s2 | 3,230,464 params | cuda | stages [(0, 3), (1, 3), (2, 3), (3, 3), (4, 3), (5, 3), (6, 3), (7, 6)]
  stage 0 epoch 0  val 1.0000  step 391  0.1 min
  stage 0 epoch 1  val 1.0000  step 782  0.2 min
  stage 0 epoch 2  val 1.0000  step 1173  0.3 min
  stage 1 epoch 0  val 0.2651  step 1564  0.4 min
  stage 1 epoch 1  val 0.9694  step 1955  0.5 min
  stage 1 epoch 2  val 0.9998  step 2346  0.6 min
  stage 2 epoch 0  val 0.2357  step 2737  0.7 min
  stage 2 epoch 1  val 0.3007  step 3128  0.9 min
  stage 2 epoch 2  val 1.0000  step 3519  1.0 min
  stage 3 epoch 0  val 0.2013  step 3910  1.1 min
  stage 3 epoch 1  val 0.2009  step 4301  1.3 min
  stage 3 epoch 2  val 0.2147  step 4692  1.4 min
  stage 4 epoch 0  val 0.1739  step 5083  1.6 min
  stage 4 epoch 1  val 0.2143  step 5474  1.8 min
  stage 4 epoch 2  val 0.2357  step 5865  1.9 min
  stage 5 epoch 0  val 0.1683  step 6256  2.1 min
  stage 5 epoch 1  val 0.1821  step 6647  2.3 min
  stage 5 epoch 2  val 0.1889  step 7038  2.5 min
  stage 6 epoch 0  val 0.1865  step 7429  2.7 min
  stage 6 epoch 1  val 0.1829  step 7820  2.9 min
  stage 6 epoch 2  val 0.1797  step 8211  3.1 min
  stage 7 epoch 0  val 0.1859  step 8602  3.4 min
  stage 7 epoch 1  val 0.1851  step 8993  3.6 min
  stage 7 epoch 2  val 0.1815  step 9384  3.9 min
  stage 7 epoch 3  val 0.1887  step 9775  4.1 min
  stage 7 epoch 4  val 0.1881  step 10166  4.4 min
  stage 7 epoch 5  val 0.1851  step 10557  4.6 min
done runs/kt2/balanced_T7_p7/latent-compact_rf-base-aisd-L4-D256-lr0.001-s2: val 0.1886 zero-latent val 0.1894
=== [9] balanced T=7 seed=2 pause, 27 epochs (17:08)
runs/kt2/balanced_T7_p7/pause-compact_rf-L4-D256-lr0.001-s2 | 3,230,464 params | cuda | stages [(None, 27)]
  stage None epoch 0  val 0.1799  step 391  0.1 min
  stage None epoch 1  val 0.1875  step 782  0.1 min
  stage None epoch 2  val 0.1903  step 1173  0.2 min
  stage None epoch 3  val 0.1885  step 1564  0.2 min
  stage None epoch 4  val 0.1867  step 1955  0.3 min
  stage None epoch 5  val 0.1847  step 2346  0.3 min
  stage None epoch 6  val 0.1845  step 2737  0.4 min
  stage None epoch 7  val 0.1865  step 3128  0.4 min
  stage None epoch 8  val 0.1847  step 3519  0.5 min
  stage None epoch 9  val 0.1857  step 3910  0.5 min
  stage None epoch 10  val 0.1921  step 4301  0.6 min
  stage None epoch 11  val 0.1871  step 4692  0.6 min
  stage None epoch 12  val 0.1853  step 5083  0.7 min
  stage None epoch 13  val 0.1877  step 5474  0.7 min
  stage None epoch 14  val 0.1857  step 5865  0.8 min
  stage None epoch 15  val 0.1895  step 6256  0.8 min
  stage None epoch 16  val 0.1861  step 6647  0.9 min
  stage None epoch 17  val 0.1915  step 7038  0.9 min
  stage None epoch 18  val 0.1903  step 7429  1.0 min
  stage None epoch 19  val 0.1881  step 7820  1.0 min
  stage None epoch 20  val 0.1877  step 8211  1.1 min
  stage None epoch 21  val 0.1915  step 8602  1.1 min
  stage None epoch 22  val 0.1927  step 8993  1.2 min
  stage None epoch 23  val 0.1889  step 9384  1.2 min
  stage None epoch 24  val 0.1875  step 9775  1.3 min
  stage None epoch 25  val 0.1905  step 10166  1.3 min
  stage None epoch 26  val 0.1869  step 10557  1.4 min
done runs/kt2/balanced_T7_p7/pause-compact_rf-L4-D256-lr0.001-s2: val 0.1926
=== [9] balanced T=7 seed=2 direct (17:10)
runs/kt2/balanced_T7_p7/direct-compact_rf-L4-D256-lr0.001-s2 | 3,230,464 params | cuda | stages [(None, 30)]
  stage None epoch 0  val 0.1783  step 391  0.1 min
  stage None epoch 1  val 0.1881  step 782  0.1 min
  stage None epoch 2  val 0.1813  step 1173  0.2 min
  stage None epoch 3  val 0.1891  step 1564  0.2 min
  stage None epoch 4  val 0.1879  step 1955  0.3 min
  stage None epoch 5  val 0.1847  step 2346  0.3 min
  stage None epoch 6  val 0.1841  step 2737  0.3 min
  stage None epoch 7  val 0.1851  step 3128  0.4 min
  stage None epoch 8  val 0.1875  step 3519  0.4 min
  stage None epoch 9  val 0.1847  step 3910  0.5 min
  stage None epoch 10  val 0.1867  step 4301  0.5 min
  stage None epoch 11  val 0.1841  step 4692  0.6 min
  stage None epoch 12  val 0.1851  step 5083  0.6 min
  stage None epoch 13  val 0.1889  step 5474  0.7 min
  stage None epoch 14  val 0.1917  step 5865  0.7 min
  stage None epoch 15  val 0.1825  step 6256  0.8 min
  stage None epoch 16  val 0.1759  step 6647  0.8 min
  stage None epoch 17  val 0.1867  step 7038  0.9 min
  stage None epoch 18  val 0.1873  step 7429  0.9 min
  stage None epoch 19  val 0.1849  step 7820  1.0 min
  stage None epoch 20  val 0.1871  step 8211  1.0 min
  stage None epoch 21  val 0.1863  step 8602  1.0 min
  stage None epoch 22  val 0.1873  step 8993  1.1 min
  stage None epoch 23  val 0.1841  step 9384  1.1 min
  stage None epoch 24  val 0.1833  step 9775  1.2 min
  stage None epoch 25  val 0.1857  step 10166  1.2 min
  stage None epoch 26  val 0.1887  step 10557  1.3 min
  stage None epoch 27  val 0.1835  step 10948  1.3 min
  stage None epoch 28  val 0.1851  step 11339  1.4 min
  stage None epoch 29  val 0.1823  step 11730  1.4 min
done runs/kt2/balanced_T7_p7/direct-compact_rf-L4-D256-lr0.001-s2: val 0.1916
p=7 balanced T=7 L=4 trace=compact_rf  ->  fail
  latent       0.191 [0.18,0.20] (0.194 0.191 0.189)              need >= 0.900  NO
  zero-latent  0.190 [0.19,0.19] (0.190 0.191 0.189)              need <= 0.243  ok
  pause        0.192 [0.19,0.20] (0.194 0.189 0.193)              need <= 0.291  ok
  direct       0.191 [0.19,0.19] (0.192 0.189 0.192)
  latent epochs [27, 27, 27], pause epochs [27, 27, 27]
p=7 chain T=4 L=4 trace=compact_rf  ->  fail
  latent       0.489 [0.00,1.00] (1.000 0.251 0.215)              need >= 0.900  NO
  zero-latent  0.180 [0.14,0.23] (0.165 0.200 0.177)              need <= 0.243  ok
  pause        0.211 [0.16,0.26] (0.233 0.198 0.203)              need <= 0.313  ok
  direct       0.213 [0.18,0.25] (0.205 0.229 0.205)
  latent epochs [18, 18, 18], pause epochs [18, 18, 18]
p=7 chain T=8 L=4 trace=compact_rf  ->  fail
  latent       0.209 [0.17,0.24] (0.193 0.220 0.214)              need >= 0.900  NO
  zero-latent  0.205 [0.17,0.24] (0.188 0.220 0.207)              need <= 0.243  ok
  pause        0.223 [0.16,0.28] (0.250 0.206 0.213)              need <= 0.316  ok
  direct       0.216 [0.19,0.25] (0.217 0.228 0.204)
  latent epochs [30, 30, 30], pause epochs [30, 30, 30]

all numbers are validation accuracy; mean [95% t-interval over seeds] (per-seed values)
chain cell passing: no; balanced T=7 passing: no
KILL TEST 2: FAIL
plan decision rule: latent training fails -> 2 latents per reduction, then a slower curriculum; after two failed tries stop, or fall back to a finite-automaton task
