=== chain T=8 seed=0 latent, mastery curriculum (04:18)
runs/kt2_retry2/chain_T8_p7/latent-compact_rf-base-aisd-L4-D256-lr0.0003-s0 | 3,230,464 params | cuda | stages [(0, 12), (1, 12), (2, 12), (3, 12), (4, 12), (5, 12), (6, 12), (7, 12), (8, 20)]
  stage 0 epoch 0  val 1.0000  step 391  0.1 min
  stage 0 epoch 1  val 0.9866  step 782  0.2 min
  stage 0 epoch 2  val 0.9976  step 1173  0.3 min
  stage 0 mastered after 3 epochs; advancing
  stage 1 epoch 0  val 0.9952  step 1564  0.4 min
  stage 1 epoch 1  val 1.0000  step 1955  0.6 min
  stage 1 epoch 2  val 1.0000  step 2346  0.7 min
  stage 1 mastered after 3 epochs; advancing
  stage 2 epoch 0  val 0.3441  step 2737  0.8 min
  stage 2 epoch 1  val 0.4086  step 3128  1.0 min
  stage 2 epoch 2  val 0.3842  step 3519  1.1 min
  stage 2 epoch 3  val 0.3922  step 3910  1.3 min
  stage 2 epoch 4  val 0.3930  step 4301  1.4 min
  stage 2 epoch 5  val 0.4070  step 4692  1.6 min
  stage 2 epoch 6  val 0.4532  step 5083  1.7 min
  stage 2 epoch 7  val 0.4924  step 5474  1.9 min
  stage 2 epoch 8  val 0.5960  step 5865  2.0 min
  stage 2 epoch 9  val 0.6727  step 6256  2.1 min
  stage 2 epoch 10  val 0.7595  step 6647  2.3 min
  stage 2 epoch 11  val 0.8201  step 7038  2.4 min
  stage 2 not mastered within 12 epochs; stopping this run
done runs/kt2_retry2/chain_T8_p7/latent-compact_rf-base-aisd-L4-D256-lr0.0003-s0: val 0.0552 zero-latent val 0.0322
=== chain T=8 seed=0 pause, 18 epochs (04:21)
runs/kt2_retry2/chain_T8_p7/pause-compact_rf-L4-D256-lr0.0003-s0 | 3,230,464 params | cuda | stages [(None, 18)]
  stage None epoch 0  val 0.1949  step 391  0.1 min
  stage None epoch 1  val 0.2041  step 782  0.1 min
  stage None epoch 2  val 0.2157  step 1173  0.2 min
  stage None epoch 3  val 0.2073  step 1564  0.2 min
  stage None epoch 4  val 0.2087  step 1955  0.3 min
  stage None epoch 5  val 0.2135  step 2346  0.3 min
  stage None epoch 6  val 0.2139  step 2737  0.4 min
  stage None epoch 7  val 0.2061  step 3128  0.4 min
  stage None epoch 8  val 0.2113  step 3519  0.5 min
  stage None epoch 9  val 0.2133  step 3910  0.5 min
  stage None epoch 10  val 0.2069  step 4301  0.6 min
  stage None epoch 11  val 0.2107  step 4692  0.6 min
  stage None epoch 12  val 0.2123  step 5083  0.7 min
  stage None epoch 13  val 0.2091  step 5474  0.7 min
  stage None epoch 14  val 0.2125  step 5865  0.8 min
  stage None epoch 15  val 0.2127  step 6256  0.8 min
  stage None epoch 16  val 0.2149  step 6647  0.9 min
  stage None epoch 17  val 0.2109  step 7038  0.9 min
done runs/kt2_retry2/chain_T8_p7/pause-compact_rf-L4-D256-lr0.0003-s0: val 0.2156
=== chain T=8 seed=1 latent, mastery curriculum (04:22)
runs/kt2_retry2/chain_T8_p7/latent-compact_rf-base-aisd-L4-D256-lr0.0003-s1 | 3,230,464 params | cuda | stages [(0, 12), (1, 12), (2, 12), (3, 12), (4, 12), (5, 12), (6, 12), (7, 12), (8, 20)]
  stage 0 epoch 0  val 0.9840  step 391  0.1 min
  stage 0 epoch 1  val 1.0000  step 782  0.2 min
  stage 0 epoch 2  val 0.9950  step 1173  0.3 min
  stage 0 mastered after 3 epochs; advancing
  stage 1 epoch 0  val 1.0000  step 1564  0.4 min
  stage 1 epoch 1  val 1.0000  step 1955  0.6 min
  stage 1 epoch 2  val 0.9580  step 2346  0.7 min
  stage 1 epoch 3  val 0.9914  step 2737  0.8 min
  stage 1 epoch 4  val 1.0000  step 3128  0.9 min
  stage 1 mastered after 5 epochs; advancing
  stage 2 epoch 0  val 0.9868  step 3519  1.1 min
  stage 2 epoch 1  val 0.9996  step 3910  1.2 min
  stage 2 epoch 2  val 0.9686  step 4301  1.4 min
  stage 2 epoch 3  val 1.0000  step 4692  1.5 min
  stage 2 epoch 4  val 1.0000  step 5083  1.6 min
  stage 2 mastered after 5 epochs; advancing
  stage 3 epoch 0  val 0.9782  step 5474  1.8 min
  stage 3 epoch 1  val 1.0000  step 5865  2.0 min
  stage 3 epoch 2  val 1.0000  step 6256  2.1 min
  stage 3 mastered after 3 epochs; advancing
  stage 4 epoch 0  val 0.9910  step 6647  2.3 min
  stage 4 epoch 1  val 0.9694  step 7038  2.5 min
  stage 4 epoch 2  val 0.9966  step 7429  2.7 min
  stage 4 epoch 3  val 0.9996  step 7820  2.9 min
  stage 4 mastered after 4 epochs; advancing
  stage 5 epoch 0  val 0.9952  step 8211  3.1 min
  stage 5 epoch 1  val 0.9730  step 8602  3.3 min
  stage 5 epoch 2  val 0.9982  step 8993  3.5 min
  stage 5 epoch 3  val 0.9842  step 9384  3.7 min
  stage 5 mastered after 4 epochs; advancing
  stage 6 epoch 0  val 0.9550  step 9775  4.0 min
  stage 6 epoch 1  val 0.9944  step 10166  4.2 min
  stage 6 epoch 2  val 1.0000  step 10557  4.5 min
  stage 6 mastered after 3 epochs; advancing
  stage 7 epoch 0  val 0.9940  step 10948  4.7 min
  stage 7 epoch 1  val 0.9990  step 11339  5.0 min
  stage 7 epoch 2  val 0.9988  step 11730  5.2 min
  stage 7 mastered after 3 epochs; advancing
  stage 8 epoch 0  val 0.9966  step 12121  5.5 min
  stage 8 epoch 1  val 0.9846  step 12512  5.8 min
  stage 8 epoch 2  val 0.9994  step 12903  6.1 min
  stage 8 epoch 3  val 0.9974  step 13294  6.4 min
  stage 8 epoch 4  val 0.9986  step 13685  6.7 min
  stage 8 epoch 5  val 0.9908  step 14076  6.9 min
  stage 8 epoch 6  val 0.9946  step 14467  7.2 min
  stage 8 epoch 7  val 0.9996  step 14858  7.5 min
  stage 8 epoch 8  val 0.9994  step 15249  7.8 min
  stage 8 epoch 9  val 1.0000  step 15640  8.1 min
  stage 8 epoch 10  val 1.0000  step 16031  8.4 min
  stage 8 epoch 11  val 1.0000  step 16422  8.6 min
  stage 8 epoch 12  val 1.0000  step 16813  8.9 min
  stage 8 epoch 13  val 1.0000  step 17204  9.2 min
  stage 8 epoch 14  val 1.0000  step 17595  9.5 min
  stage 8 epoch 15  val 1.0000  step 17986  9.8 min
  stage 8 epoch 16  val 1.0000  step 18377  10.1 min
  stage 8 epoch 17  val 1.0000  step 18768  10.4 min
  stage 8 epoch 18  val 1.0000  step 19159  10.6 min
  stage 8 epoch 19  val 1.0000  step 19550  10.9 min
done runs/kt2_retry2/chain_T8_p7/latent-compact_rf-base-aisd-L4-D256-lr0.0003-s1: val 1.0000 zero-latent val 0.1722
=== chain T=8 seed=1 pause, 50 epochs (04:33)
runs/kt2_retry2/chain_T8_p7/pause-compact_rf-L4-D256-lr0.0003-s1 | 3,230,464 params | cuda | stages [(None, 50)]
  stage None epoch 0  val 0.1883  step 391  0.1 min
  stage None epoch 1  val 0.2091  step 782  0.1 min
  stage None epoch 2  val 0.2121  step 1173  0.2 min
  stage None epoch 3  val 0.2111  step 1564  0.2 min
  stage None epoch 4  val 0.2147  step 1955  0.3 min
  stage None epoch 5  val 0.2057  step 2346  0.3 min
  stage None epoch 6  val 0.2155  step 2737  0.4 min
  stage None epoch 7  val 0.2127  step 3128  0.4 min
  stage None epoch 8  val 0.2135  step 3519  0.5 min
  stage None epoch 9  val 0.2169  step 3910  0.5 min
  stage None epoch 10  val 0.2139  step 4301  0.6 min
  stage None epoch 11  val 0.2149  step 4692  0.6 min
  stage None epoch 12  val 0.2115  step 5083  0.7 min
  stage None epoch 13  val 0.2127  step 5474  0.7 min
  stage None epoch 14  val 0.2101  step 5865  0.8 min
  stage None epoch 15  val 0.2223  step 6256  0.8 min
  stage None epoch 16  val 0.2119  step 6647  0.9 min
  stage None epoch 17  val 0.2171  step 7038  0.9 min
  stage None epoch 18  val 0.2195  step 7429  1.0 min
  stage None epoch 19  val 0.2179  step 7820  1.1 min
  stage None epoch 20  val 0.2185  step 8211  1.1 min
  stage None epoch 21  val 0.2197  step 8602  1.2 min
  stage None epoch 22  val 0.2247  step 8993  1.2 min
  stage None epoch 23  val 0.2275  step 9384  1.3 min
  stage None epoch 24  val 0.2159  step 9775  1.3 min
  stage None epoch 25  val 0.2217  step 10166  1.4 min
  stage None epoch 26  val 0.2207  step 10557  1.4 min
  stage None epoch 27  val 0.2245  step 10948  1.5 min
  stage None epoch 28  val 0.2185  step 11339  1.5 min
  stage None epoch 29  val 0.2195  step 11730  1.6 min
  stage None epoch 30  val 0.2147  step 12121  1.6 min
  stage None epoch 31  val 0.2199  step 12512  1.7 min
  stage None epoch 32  val 0.2231  step 12903  1.7 min
  stage None epoch 33  val 0.2219  step 13294  1.8 min
  stage None epoch 34  val 0.2293  step 13685  1.8 min
  stage None epoch 35  val 0.2157  step 14076  1.9 min
  stage None epoch 36  val 0.2231  step 14467  1.9 min
  stage None epoch 37  val 0.2193  step 14858  2.0 min
  stage None epoch 38  val 0.2189  step 15249  2.0 min
  stage None epoch 39  val 0.2229  step 15640  2.1 min
  stage None epoch 40  val 0.2203  step 16031  2.1 min
  stage None epoch 41  val 0.2157  step 16422  2.2 min
  stage None epoch 42  val 0.2151  step 16813  2.2 min
  stage None epoch 43  val 0.2269  step 17204  2.3 min
  stage None epoch 44  val 0.2189  step 17595  2.3 min
  stage None epoch 45  val 0.2223  step 17986  2.4 min
  stage None epoch 46  val 0.2159  step 18377  2.4 min
  stage None epoch 47  val 0.2275  step 18768  2.5 min
  stage None epoch 48  val 0.2213  step 19159  2.5 min
  stage None epoch 49  val 0.2189  step 19550  2.6 min
done runs/kt2_retry2/chain_T8_p7/pause-compact_rf-L4-D256-lr0.0003-s1: val 0.2294
=== chain T=8 seed=2 latent, mastery curriculum (04:35)
runs/kt2_retry2/chain_T8_p7/latent-compact_rf-base-aisd-L4-D256-lr0.0003-s2 | 3,230,464 params | cuda | stages [(0, 12), (1, 12), (2, 12), (3, 12), (4, 12), (5, 12), (6, 12), (7, 12), (8, 20)]
  stage 0 epoch 0  val 0.3019  step 391  0.1 min
  stage 0 epoch 1  val 1.0000  step 782  0.2 min
  stage 0 epoch 2  val 0.9888  step 1173  0.3 min
  stage 0 mastered after 3 epochs; advancing
  stage 1 epoch 0  val 0.9964  step 1564  0.4 min
  stage 1 epoch 1  val 1.0000  step 1955  0.6 min
  stage 1 epoch 2  val 1.0000  step 2346  0.7 min
  stage 1 mastered after 3 epochs; advancing
  stage 2 epoch 0  val 0.2665  step 2737  0.8 min
  stage 2 epoch 1  val 0.9978  step 3128  1.0 min
  stage 2 epoch 2  val 0.9998  step 3519  1.1 min
  stage 2 mastered after 3 epochs; advancing
  stage 3 epoch 0  val 0.9802  step 3910  1.3 min
  stage 3 epoch 1  val 0.9980  step 4301  1.4 min
  stage 3 epoch 2  val 0.9996  step 4692  1.6 min
  stage 3 mastered after 3 epochs; advancing
  stage 4 epoch 0  val 0.7577  step 5083  1.8 min
  stage 4 epoch 1  val 0.9940  step 5474  2.0 min
  stage 4 epoch 2  val 0.9976  step 5865  2.2 min
  stage 4 mastered after 3 epochs; advancing
  stage 5 epoch 0  val 0.9908  step 6256  2.4 min
  stage 5 epoch 1  val 0.9992  step 6647  2.6 min
  stage 5 epoch 2  val 0.9986  step 7038  2.8 min
  stage 5 mastered after 3 epochs; advancing
  stage 6 epoch 0  val 0.9196  step 7429  3.0 min
  stage 6 epoch 1  val 0.9920  step 7820  3.3 min
  stage 6 epoch 2  val 0.9426  step 8211  3.5 min
  stage 6 epoch 3  val 1.0000  step 8602  3.7 min
  stage 6 epoch 4  val 0.9960  step 8993  4.0 min
  stage 6 mastered after 5 epochs; advancing
  stage 7 epoch 0  val 0.9792  step 9384  4.2 min
  stage 7 epoch 1  val 0.9946  step 9775  4.5 min
  stage 7 epoch 2  val 0.9976  step 10166  4.8 min
  stage 7 mastered after 3 epochs; advancing
  stage 8 epoch 0  val 0.2917  step 10557  5.1 min
  stage 8 epoch 1  val 0.3277  step 10948  5.3 min
  stage 8 epoch 2  val 0.2635  step 11339  5.6 min
  stage 8 epoch 3  val 0.2977  step 11730  5.9 min
  stage 8 epoch 4  val 0.2731  step 12121  6.2 min
  stage 8 epoch 5  val 0.3081  step 12512  6.5 min
  stage 8 epoch 6  val 0.3085  step 12903  6.8 min
  stage 8 epoch 7  val 0.3119  step 13294  7.0 min
  stage 8 epoch 8  val 0.3145  step 13685  7.3 min
  stage 8 epoch 9  val 0.3233  step 14076  7.6 min
  stage 8 epoch 10  val 0.3237  step 14467  7.9 min
  stage 8 epoch 11  val 0.3253  step 14858  8.2 min
  stage 8 epoch 12  val 0.3241  step 15249  8.5 min
  stage 8 epoch 13  val 0.3251  step 15640  8.8 min
  stage 8 epoch 14  val 0.3299  step 16031  9.0 min
  stage 8 epoch 15  val 0.3321  step 16422  9.3 min
  stage 8 epoch 16  val 0.3237  step 16813  9.6 min
  stage 8 epoch 17  val 0.3335  step 17204  9.9 min
  stage 8 epoch 18  val 0.3317  step 17595  10.2 min
  stage 8 epoch 19  val 0.3365  step 17986  10.5 min
done runs/kt2_retry2/chain_T8_p7/latent-compact_rf-base-aisd-L4-D256-lr0.0003-s2: val 0.3364 zero-latent val 0.1862
=== chain T=8 seed=2 pause, 46 epochs (04:46)
runs/kt2_retry2/chain_T8_p7/pause-compact_rf-L4-D256-lr0.0003-s2 | 3,230,464 params | cuda | stages [(None, 46)]
  stage None epoch 0  val 0.1949  step 391  0.1 min
  stage None epoch 1  val 0.2123  step 782  0.1 min
  stage None epoch 2  val 0.2185  step 1173  0.2 min
  stage None epoch 3  val 0.2119  step 1564  0.2 min
  stage None epoch 4  val 0.2137  step 1955  0.3 min
  stage None epoch 5  val 0.2133  step 2346  0.3 min
  stage None epoch 6  val 0.2159  step 2737  0.4 min
  stage None epoch 7  val 0.2175  step 3128  0.4 min
  stage None epoch 8  val 0.2241  step 3519  0.5 min
  stage None epoch 9  val 0.2241  step 3910  0.5 min
  stage None epoch 10  val 0.2185  step 4301  0.6 min
  stage None epoch 11  val 0.2195  step 4692  0.6 min
  stage None epoch 12  val 0.2283  step 5083  0.7 min
  stage None epoch 13  val 0.2187  step 5474  0.7 min
  stage None epoch 14  val 0.2171  step 5865  0.8 min
  stage None epoch 15  val 0.2167  step 6256  0.8 min
  stage None epoch 16  val 0.2209  step 6647  0.9 min
  stage None epoch 17  val 0.2219  step 7038  1.0 min
  stage None epoch 18  val 0.2159  step 7429  1.0 min
  stage None epoch 19  val 0.2169  step 7820  1.1 min
  stage None epoch 20  val 0.2235  step 8211  1.1 min
  stage None epoch 21  val 0.2183  step 8602  1.2 min
  stage None epoch 22  val 0.2193  step 8993  1.2 min
  stage None epoch 23  val 0.2181  step 9384  1.3 min
  stage None epoch 24  val 0.2175  step 9775  1.3 min
  stage None epoch 25  val 0.2207  step 10166  1.4 min
  stage None epoch 26  val 0.2185  step 10557  1.4 min
  stage None epoch 27  val 0.2217  step 10948  1.5 min
  stage None epoch 28  val 0.2253  step 11339  1.5 min
  stage None epoch 29  val 0.2197  step 11730  1.6 min
  stage None epoch 30  val 0.2171  step 12121  1.6 min
  stage None epoch 31  val 0.2169  step 12512  1.7 min
  stage None epoch 32  val 0.2151  step 12903  1.7 min
  stage None epoch 33  val 0.2217  step 13294  1.8 min
  stage None epoch 34  val 0.2159  step 13685  1.8 min
  stage None epoch 35  val 0.2187  step 14076  1.9 min
  stage None epoch 36  val 0.2181  step 14467  1.9 min
  stage None epoch 37  val 0.2215  step 14858  2.0 min
  stage None epoch 38  val 0.2149  step 15249  2.0 min
  stage None epoch 39  val 0.2211  step 15640  2.1 min
  stage None epoch 40  val 0.2211  step 16031  2.1 min
  stage None epoch 41  val 0.2187  step 16422  2.2 min
  stage None epoch 42  val 0.2239  step 16813  2.2 min
  stage None epoch 43  val 0.2217  step 17204  2.3 min
  stage None epoch 44  val 0.2189  step 17595  2.3 min
  stage None epoch 45  val 0.2125  step 17986  2.4 min
done runs/kt2_retry2/chain_T8_p7/pause-compact_rf-L4-D256-lr0.0003-s2: val 0.2282
=== balanced T=7 seed=0 latent, mastery curriculum (04:48)
runs/kt2_retry2/balanced_T7_p7/latent-compact_rf-base-aisd-L4-D256-lr0.0003-s0 | 3,230,464 params | cuda | stages [(0, 12), (1, 12), (2, 12), (3, 12), (4, 12), (5, 12), (6, 12), (7, 20)]
  stage 0 epoch 0  val 1.0000  step 391  0.1 min
  stage 0 epoch 1  val 1.0000  step 782  0.2 min
  stage 0 epoch 2  val 1.0000  step 1173  0.3 min
  stage 0 mastered after 3 epochs; advancing
  stage 1 epoch 0  val 0.4634  step 1564  0.4 min
  stage 1 epoch 1  val 0.9414  step 1955  0.5 min
  stage 1 epoch 2  val 0.9882  step 2346  0.6 min
  stage 1 epoch 3  val 0.9978  step 2737  0.7 min
  stage 1 mastered after 4 epochs; advancing
  stage 2 epoch 0  val 0.9956  step 3128  0.9 min
  stage 2 epoch 1  val 0.9946  step 3519  1.0 min
  stage 2 epoch 2  val 1.0000  step 3910  1.1 min
  stage 2 mastered after 3 epochs; advancing
  stage 3 epoch 0  val 0.9956  step 4301  1.3 min
  stage 3 epoch 1  val 0.9956  step 4692  1.4 min
  stage 3 epoch 2  val 0.9992  step 5083  1.5 min
  stage 3 mastered after 3 epochs; advancing
  stage 4 epoch 0  val 0.9950  step 5474  1.7 min
  stage 4 epoch 1  val 0.9962  step 5865  1.9 min
  stage 4 epoch 2  val 0.9988  step 6256  2.0 min
  stage 4 mastered after 3 epochs; advancing
  stage 5 epoch 0  val 0.9988  step 6647  2.2 min
  stage 5 epoch 1  val 0.9950  step 7038  2.4 min
  stage 5 epoch 2  val 0.9988  step 7429  2.6 min
  stage 5 mastered after 3 epochs; advancing
  stage 6 epoch 0  val 0.9964  step 7820  2.8 min
  stage 6 epoch 1  val 0.9978  step 8211  3.1 min
  stage 6 epoch 2  val 1.0000  step 8602  3.3 min
  stage 6 mastered after 3 epochs; advancing
  stage 7 epoch 0  val 0.9952  step 8993  3.5 min
  stage 7 epoch 1  val 0.9998  step 9384  3.7 min
  stage 7 epoch 2  val 0.9966  step 9775  4.0 min
  stage 7 epoch 3  val 0.9986  step 10166  4.2 min
  stage 7 epoch 4  val 0.9996  step 10557  4.5 min
  stage 7 epoch 5  val 0.9998  step 10948  4.7 min
  stage 7 epoch 6  val 1.0000  step 11339  4.9 min
  stage 7 epoch 7  val 0.9998  step 11730  5.2 min
  stage 7 epoch 8  val 0.9984  step 12121  5.4 min
  stage 7 epoch 9  val 1.0000  step 12512  5.7 min
  stage 7 epoch 10  val 1.0000  step 12903  5.9 min
  stage 7 epoch 11  val 1.0000  step 13294  6.1 min
  stage 7 epoch 12  val 1.0000  step 13685  6.4 min
  stage 7 epoch 13  val 1.0000  step 14076  6.6 min
  stage 7 epoch 14  val 1.0000  step 14467  6.9 min
  stage 7 epoch 15  val 1.0000  step 14858  7.1 min
  stage 7 epoch 16  val 1.0000  step 15249  7.3 min
  stage 7 epoch 17  val 1.0000  step 15640  7.6 min
  stage 7 epoch 18  val 1.0000  step 16031  7.8 min
  stage 7 epoch 19  val 1.0000  step 16422  8.1 min
done runs/kt2_retry2/balanced_T7_p7/latent-compact_rf-base-aisd-L4-D256-lr0.0003-s0: val 1.0000 zero-latent val 0.1422
=== balanced T=7 seed=0 pause, 42 epochs (04:56)
runs/kt2_retry2/balanced_T7_p7/pause-compact_rf-L4-D256-lr0.0003-s0 | 3,230,464 params | cuda | stages [(None, 42)]
  stage None epoch 0  val 0.1825  step 391  0.1 min
  stage None epoch 1  val 0.1885  step 782  0.1 min
  stage None epoch 2  val 0.1807  step 1173  0.2 min
  stage None epoch 3  val 0.1865  step 1564  0.2 min
  stage None epoch 4  val 0.1909  step 1955  0.3 min
  stage None epoch 5  val 0.1887  step 2346  0.3 min
  stage None epoch 6  val 0.1871  step 2737  0.4 min
  stage None epoch 7  val 0.1861  step 3128  0.4 min
  stage None epoch 8  val 0.1905  step 3519  0.5 min
  stage None epoch 9  val 0.1857  step 3910  0.5 min
  stage None epoch 10  val 0.1841  step 4301  0.6 min
  stage None epoch 11  val 0.1881  step 4692  0.6 min
  stage None epoch 12  val 0.1861  step 5083  0.7 min
  stage None epoch 13  val 0.1849  step 5474  0.7 min
  stage None epoch 14  val 0.1869  step 5865  0.8 min
  stage None epoch 15  val 0.1915  step 6256  0.8 min
  stage None epoch 16  val 0.1869  step 6647  0.9 min
  stage None epoch 17  val 0.1837  step 7038  0.9 min
  stage None epoch 18  val 0.1843  step 7429  1.0 min
  stage None epoch 19  val 0.1885  step 7820  1.0 min
  stage None epoch 20  val 0.1859  step 8211  1.1 min
  stage None epoch 21  val 0.1871  step 8602  1.1 min
  stage None epoch 22  val 0.1893  step 8993  1.2 min
  stage None epoch 23  val 0.1785  step 9384  1.2 min
  stage None epoch 24  val 0.1847  step 9775  1.3 min
  stage None epoch 25  val 0.1919  step 10166  1.3 min
  stage None epoch 26  val 0.1957  step 10557  1.4 min
  stage None epoch 27  val 0.1863  step 10948  1.4 min
  stage None epoch 28  val 0.1891  step 11339  1.5 min
  stage None epoch 29  val 0.1899  step 11730  1.5 min
  stage None epoch 30  val 0.1957  step 12121  1.6 min
  stage None epoch 31  val 0.1927  step 12512  1.6 min
  stage None epoch 32  val 0.1931  step 12903  1.7 min
  stage None epoch 33  val 0.1943  step 13294  1.7 min
  stage None epoch 34  val 0.1879  step 13685  1.8 min
  stage None epoch 35  val 0.1947  step 14076  1.8 min
  stage None epoch 36  val 0.1989  step 14467  1.9 min
  stage None epoch 37  val 0.1953  step 14858  1.9 min
  stage None epoch 38  val 0.2011  step 15249  2.0 min
  stage None epoch 39  val 0.1965  step 15640  2.0 min
  stage None epoch 40  val 0.1921  step 16031  2.1 min
  stage None epoch 41  val 0.1959  step 16422  2.1 min
done runs/kt2_retry2/balanced_T7_p7/pause-compact_rf-L4-D256-lr0.0003-s0: val 0.2010
=== balanced T=7 seed=1 latent, mastery curriculum (04:59)
runs/kt2_retry2/balanced_T7_p7/latent-compact_rf-base-aisd-L4-D256-lr0.0003-s1 | 3,230,464 params | cuda | stages [(0, 12), (1, 12), (2, 12), (3, 12), (4, 12), (5, 12), (6, 12), (7, 20)]
  stage 0 epoch 0  val 0.9844  step 391  0.1 min
  stage 0 epoch 1  val 1.0000  step 782  0.2 min
  stage 0 epoch 2  val 1.0000  step 1173  0.3 min
  stage 0 mastered after 3 epochs; advancing
  stage 1 epoch 0  val 0.5704  step 1564  0.4 min
  stage 1 epoch 1  val 0.9482  step 1955  0.5 min
  stage 1 epoch 2  val 0.9866  step 2346  0.6 min
  stage 1 epoch 3  val 0.9908  step 2737  0.7 min
  stage 1 mastered after 4 epochs; advancing
  stage 2 epoch 0  val 0.9936  step 3128  0.8 min
  stage 2 epoch 1  val 0.9958  step 3519  1.0 min
  stage 2 epoch 2  val 0.9964  step 3910  1.1 min
  stage 2 mastered after 3 epochs; advancing
  stage 3 epoch 0  val 0.9750  step 4301  1.2 min
  stage 3 epoch 1  val 0.9926  step 4692  1.4 min
  stage 3 epoch 2  val 0.9960  step 5083  1.5 min
  stage 3 mastered after 3 epochs; advancing
  stage 4 epoch 0  val 0.9908  step 5474  1.7 min
  stage 4 epoch 1  val 0.9876  step 5865  1.9 min
  stage 4 epoch 2  val 0.9960  step 6256  2.0 min
  stage 4 mastered after 3 epochs; advancing
  stage 5 epoch 0  val 0.9968  step 6647  2.2 min
  stage 5 epoch 1  val 0.9994  step 7038  2.4 min
  stage 5 epoch 2  val 0.9954  step 7429  2.6 min
  stage 5 mastered after 3 epochs; advancing
  stage 6 epoch 0  val 0.9988  step 7820  2.8 min
  stage 6 epoch 1  val 0.9962  step 8211  3.0 min
  stage 6 epoch 2  val 0.9984  step 8602  3.3 min
  stage 6 mastered after 3 epochs; advancing
  stage 7 epoch 0  val 0.9940  step 8993  3.5 min
  stage 7 epoch 1  val 0.9988  step 9384  3.8 min
  stage 7 epoch 2  val 0.9978  step 9775  4.0 min
  stage 7 epoch 3  val 0.9988  step 10166  4.2 min
  stage 7 epoch 4  val 0.9988  step 10557  4.5 min
  stage 7 epoch 5  val 1.0000  step 10948  4.7 min
  stage 7 epoch 6  val 0.9972  step 11339  5.0 min
  stage 7 epoch 7  val 0.9998  step 11730  5.2 min
  stage 7 epoch 8  val 0.9984  step 12121  5.4 min
  stage 7 epoch 9  val 0.9956  step 12512  5.7 min
  stage 7 epoch 10  val 1.0000  step 12903  5.9 min
  stage 7 epoch 11  val 1.0000  step 13294  6.2 min
  stage 7 epoch 12  val 1.0000  step 13685  6.4 min
  stage 7 epoch 13  val 1.0000  step 14076  6.6 min
  stage 7 epoch 14  val 1.0000  step 14467  6.9 min
  stage 7 epoch 15  val 1.0000  step 14858  7.1 min
  stage 7 epoch 16  val 1.0000  step 15249  7.4 min
  stage 7 epoch 17  val 1.0000  step 15640  7.6 min
  stage 7 epoch 18  val 1.0000  step 16031  7.8 min
  stage 7 epoch 19  val 1.0000  step 16422  8.1 min
done runs/kt2_retry2/balanced_T7_p7/latent-compact_rf-base-aisd-L4-D256-lr0.0003-s1: val 1.0000 zero-latent val 0.1430
=== balanced T=7 seed=1 pause, 42 epochs (05:07)
runs/kt2_retry2/balanced_T7_p7/pause-compact_rf-L4-D256-lr0.0003-s1 | 3,230,464 params | cuda | stages [(None, 42)]
  stage None epoch 0  val 0.1805  step 391  0.1 min
  stage None epoch 1  val 0.1869  step 782  0.1 min
  stage None epoch 2  val 0.1791  step 1173  0.2 min
  stage None epoch 3  val 0.1809  step 1564  0.2 min
  stage None epoch 4  val 0.1727  step 1955  0.3 min
  stage None epoch 5  val 0.1889  step 2346  0.3 min
  stage None epoch 6  val 0.1879  step 2737  0.4 min
  stage None epoch 7  val 0.1863  step 3128  0.4 min
  stage None epoch 8  val 0.1861  step 3519  0.5 min
  stage None epoch 9  val 0.1839  step 3910  0.5 min
  stage None epoch 10  val 0.1895  step 4301  0.6 min
  stage None epoch 11  val 0.1825  step 4692  0.6 min
  stage None epoch 12  val 0.1913  step 5083  0.7 min
  stage None epoch 13  val 0.1907  step 5474  0.7 min
  stage None epoch 14  val 0.1901  step 5865  0.8 min
  stage None epoch 15  val 0.1909  step 6256  0.8 min
  stage None epoch 16  val 0.1855  step 6647  0.9 min
  stage None epoch 17  val 0.1873  step 7038  1.0 min
  stage None epoch 18  val 0.1899  step 7429  1.0 min
  stage None epoch 19  val 0.1799  step 7820  1.1 min
  stage None epoch 20  val 0.1891  step 8211  1.1 min
  stage None epoch 21  val 0.1917  step 8602  1.2 min
  stage None epoch 22  val 0.1897  step 8993  1.2 min
  stage None epoch 23  val 0.1849  step 9384  1.3 min
  stage None epoch 24  val 0.1899  step 9775  1.3 min
  stage None epoch 25  val 0.1905  step 10166  1.4 min
  stage None epoch 26  val 0.1891  step 10557  1.4 min
  stage None epoch 27  val 0.1933  step 10948  1.5 min
  stage None epoch 28  val 0.1889  step 11339  1.5 min
  stage None epoch 29  val 0.1901  step 11730  1.6 min
  stage None epoch 30  val 0.1891  step 12121  1.6 min
  stage None epoch 31  val 0.1903  step 12512  1.7 min
  stage None epoch 32  val 0.1941  step 12903  1.7 min
  stage None epoch 33  val 0.1935  step 13294  1.8 min
  stage None epoch 34  val 0.1889  step 13685  1.8 min
  stage None epoch 35  val 0.1967  step 14076  1.9 min
  stage None epoch 36  val 0.1945  step 14467  1.9 min
  stage None epoch 37  val 0.1943  step 14858  2.0 min
  stage None epoch 38  val 0.1993  step 15249  2.0 min
  stage None epoch 39  val 0.1941  step 15640  2.1 min
  stage None epoch 40  val 0.1947  step 16031  2.1 min
  stage None epoch 41  val 0.1955  step 16422  2.2 min
done runs/kt2_retry2/balanced_T7_p7/pause-compact_rf-L4-D256-lr0.0003-s1: val 0.1992
=== balanced T=7 seed=2 latent, mastery curriculum (05:09)
runs/kt2_retry2/balanced_T7_p7/latent-compact_rf-base-aisd-L4-D256-lr0.0003-s2 | 3,230,464 params | cuda | stages [(0, 12), (1, 12), (2, 12), (3, 12), (4, 12), (5, 12), (6, 12), (7, 20)]
  stage 0 epoch 0  val 0.9784  step 391  0.1 min
  stage 0 epoch 1  val 0.9994  step 782  0.2 min
  stage 0 epoch 2  val 1.0000  step 1173  0.3 min
  stage 0 mastered after 3 epochs; advancing
  stage 1 epoch 0  val 0.9894  step 1564  0.4 min
  stage 1 epoch 1  val 0.9920  step 1955  0.5 min
  stage 1 epoch 2  val 1.0000  step 2346  0.6 min
  stage 1 mastered after 3 epochs; advancing
  stage 2 epoch 0  val 0.9934  step 2737  0.7 min
  stage 2 epoch 1  val 0.9812  step 3128  0.9 min
  stage 2 epoch 2  val 0.9910  step 3519  1.0 min
  stage 2 mastered after 3 epochs; advancing
  stage 3 epoch 0  val 0.9932  step 3910  1.1 min
  stage 3 epoch 1  val 0.9940  step 4301  1.3 min
  stage 3 epoch 2  val 0.9896  step 4692  1.4 min
  stage 3 mastered after 3 epochs; advancing
  stage 4 epoch 0  val 0.9934  step 5083  1.6 min
  stage 4 epoch 1  val 0.9954  step 5474  1.8 min
  stage 4 epoch 2  val 0.9960  step 5865  1.9 min
  stage 4 mastered after 3 epochs; advancing
  stage 5 epoch 0  val 0.9966  step 6256  2.1 min
  stage 5 epoch 1  val 0.9974  step 6647  2.3 min
  stage 5 epoch 2  val 0.9986  step 7038  2.5 min
  stage 5 mastered after 3 epochs; advancing
  stage 6 epoch 0  val 0.9984  step 7429  2.7 min
  stage 6 epoch 1  val 0.9980  step 7820  2.9 min
  stage 6 epoch 2  val 0.9986  step 8211  3.2 min
  stage 6 mastered after 3 epochs; advancing
  stage 7 epoch 0  val 0.9878  step 8602  3.4 min
  stage 7 epoch 1  val 0.9800  step 8993  3.6 min
  stage 7 epoch 2  val 0.9956  step 9384  3.9 min
  stage 7 epoch 3  val 0.9714  step 9775  4.1 min
  stage 7 epoch 4  val 0.9278  step 10166  4.4 min
  stage 7 epoch 5  val 0.9998  step 10557  4.6 min
  stage 7 epoch 6  val 0.9996  step 10948  4.9 min
  stage 7 epoch 7  val 1.0000  step 11339  5.1 min
  stage 7 epoch 8  val 0.9988  step 11730  5.4 min
  stage 7 epoch 9  val 1.0000  step 12121  5.6 min
  stage 7 epoch 10  val 0.9996  step 12512  5.8 min
  stage 7 epoch 11  val 1.0000  step 12903  6.1 min
  stage 7 epoch 12  val 1.0000  step 13294  6.3 min
  stage 7 epoch 13  val 1.0000  step 13685  6.6 min
  stage 7 epoch 14  val 1.0000  step 14076  6.8 min
  stage 7 epoch 15  val 1.0000  step 14467  7.1 min
  stage 7 epoch 16  val 1.0000  step 14858  7.3 min
  stage 7 epoch 17  val 1.0000  step 15249  7.5 min
  stage 7 epoch 18  val 1.0000  step 15640  7.8 min
  stage 7 epoch 19  val 1.0000  step 16031  8.0 min
done runs/kt2_retry2/balanced_T7_p7/latent-compact_rf-base-aisd-L4-D256-lr0.0003-s2: val 1.0000 zero-latent val 0.1420
=== balanced T=7 seed=2 pause, 41 epochs (05:17)
runs/kt2_retry2/balanced_T7_p7/pause-compact_rf-L4-D256-lr0.0003-s2 | 3,230,464 params | cuda | stages [(None, 41)]
  stage None epoch 0  val 0.1811  step 391  0.1 min
  stage None epoch 1  val 0.1873  step 782  0.1 min
  stage None epoch 2  val 0.1847  step 1173  0.2 min
  stage None epoch 3  val 0.1879  step 1564  0.2 min
  stage None epoch 4  val 0.1871  step 1955  0.3 min
  stage None epoch 5  val 0.1849  step 2346  0.3 min
  stage None epoch 6  val 0.1855  step 2737  0.3 min
  stage None epoch 7  val 0.1853  step 3128  0.4 min
  stage None epoch 8  val 0.1861  step 3519  0.4 min
  stage None epoch 9  val 0.1871  step 3910  0.5 min
  stage None epoch 10  val 0.1875  step 4301  0.5 min
  stage None epoch 11  val 0.1825  step 4692  0.6 min
  stage None epoch 12  val 0.1851  step 5083  0.6 min
  stage None epoch 13  val 0.1855  step 5474  0.7 min
  stage None epoch 14  val 0.1885  step 5865  0.7 min
  stage None epoch 15  val 0.1921  step 6256  0.8 min
  stage None epoch 16  val 0.1779  step 6647  0.8 min
  stage None epoch 17  val 0.1959  step 7038  0.9 min
  stage None epoch 18  val 0.1901  step 7429  0.9 min
  stage None epoch 19  val 0.1867  step 7820  1.0 min
  stage None epoch 20  val 0.1883  step 8211  1.0 min
  stage None epoch 21  val 0.1869  step 8602  1.1 min
  stage None epoch 22  val 0.1833  step 8993  1.1 min
  stage None epoch 23  val 0.1885  step 9384  1.2 min
  stage None epoch 24  val 0.1863  step 9775  1.2 min
  stage None epoch 25  val 0.1899  step 10166  1.3 min
  stage None epoch 26  val 0.1829  step 10557  1.3 min
  stage None epoch 27  val 0.1921  step 10948  1.4 min
  stage None epoch 28  val 0.1871  step 11339  1.4 min
  stage None epoch 29  val 0.1853  step 11730  1.4 min
  stage None epoch 30  val 0.1917  step 12121  1.5 min
  stage None epoch 31  val 0.1891  step 12512  1.5 min
  stage None epoch 32  val 0.1911  step 12903  1.6 min
  stage None epoch 33  val 0.1863  step 13294  1.6 min
  stage None epoch 34  val 0.1893  step 13685  1.7 min
  stage None epoch 35  val 0.1875  step 14076  1.7 min
  stage None epoch 36  val 0.1975  step 14467  1.8 min
  stage None epoch 37  val 0.1919  step 14858  1.8 min
  stage None epoch 38  val 0.1923  step 15249  1.9 min
  stage None epoch 39  val 0.1929  step 15640  1.9 min
  stage None epoch 40  val 0.1911  step 16031  2.0 min
done runs/kt2_retry2/balanced_T7_p7/pause-compact_rf-L4-D256-lr0.0003-s2: val 0.1974
p=7 balanced T=7 L=4 trace=compact_rf  ->  PASS
  latent       1.000 [1.00,1.00] (1.000 1.000 1.000)              need >= 0.900  ok
  zero-latent  0.142 [0.14,0.14] (0.142 0.143 0.142)              need <= 0.243  ok
  pause        0.199 [0.19,0.20] (0.201 0.199 0.197)              need <= 0.296  ok
  direct       0.196 [0.19,0.20] (0.197 0.196 0.195)
  latent epochs [42, 42, 41], pause epochs [42, 42, 41]
p=7 chain T=8 L=4 trace=compact_rf  ->  fail
  latent       0.464 [0.00,1.00] (0.055 1.000 0.336)              need >= 0.900  NO
  zero-latent  0.130 [0.00,0.34] (0.032 0.172 0.186)              need <= 0.243  ok
  pause        0.224 [0.21,0.24] (0.216 0.229 0.228)              need <= 0.329  ok
  direct       0.229 [0.22,0.24] (0.227 0.235 0.226)
  latent epochs [18, 50, 46], pause epochs [18, 50, 46]
  curriculum stopped (stage never mastered): seed 0 at stage 2

all numbers are validation accuracy; mean [95% t-interval over seeds] (per-seed values)
chain cell passing: no; balanced T=7 passing: yes
KILL TEST 2: FAIL
