=== [1] chain T=4 seed=0 latent (19:33)
runs/kt2_retry1/chain_T4_p7/latent-compact_rf-base-aisd-L4-D256-lr0.0003-s0 | 3,230,464 params | cuda | stages [(0, 6), (1, 6), (2, 6), (3, 6), (4, 6)]
  stage 0 epoch 0  val 0.9706  step 391  0.1 min
  stage 0 epoch 1  val 1.0000  step 782  0.1 min
  stage 0 epoch 2  val 1.0000  step 1173  0.2 min
  stage 0 epoch 3  val 1.0000  step 1564  0.3 min
  stage 0 epoch 4  val 1.0000  step 1955  0.3 min
  stage 0 epoch 5  val 1.0000  step 2346  0.4 min
  stage 1 epoch 0  val 0.9910  step 2737  0.4 min
  stage 1 epoch 1  val 0.9996  step 3128  0.5 min
  stage 1 epoch 2  val 1.0000  step 3519  0.6 min
  stage 1 epoch 3  val 1.0000  step 3910  0.7 min
  stage 1 epoch 4  val 1.0000  step 4301  0.8 min
  stage 1 epoch 5  val 1.0000  step 4692  0.8 min
  stage 2 epoch 0  val 0.9876  step 5083  0.9 min
  stage 2 epoch 1  val 0.9938  step 5474  1.0 min
  stage 2 epoch 2  val 0.9944  step 5865  1.1 min
  stage 2 epoch 3  val 1.0000  step 6256  1.2 min
  stage 2 epoch 4  val 1.0000  step 6647  1.3 min
  stage 2 epoch 5  val 1.0000  step 7038  1.4 min
  stage 3 epoch 0  val 0.9930  step 7429  1.5 min
  stage 3 epoch 1  val 0.9920  step 7820  1.6 min
  stage 3 epoch 2  val 1.0000  step 8211  1.8 min
  stage 3 epoch 3  val 1.0000  step 8602  1.9 min
  stage 3 epoch 4  val 1.0000  step 8993  2.0 min
  stage 3 epoch 5  val 1.0000  step 9384  2.1 min
  stage 4 epoch 0  val 0.9890  step 9775  2.3 min
  stage 4 epoch 1  val 0.9974  step 10166  2.4 min
  stage 4 epoch 2  val 1.0000  step 10557  2.5 min
  stage 4 epoch 3  val 1.0000  step 10948  2.7 min
  stage 4 epoch 4  val 1.0000  step 11339  2.8 min
  stage 4 epoch 5  val 1.0000  step 11730  3.0 min
done runs/kt2_retry1/chain_T4_p7/latent-compact_rf-base-aisd-L4-D256-lr0.0003-s0: val 1.0000 zero-latent val 0.1428
=== [1] chain T=4 seed=0 pause, 30 epochs (19:36)
runs/kt2_retry1/chain_T4_p7/pause-compact_rf-L4-D256-lr0.0003-s0 | 3,230,464 params | cuda | stages [(None, 30)]
  stage None epoch 0  val 0.1979  step 391  0.1 min
  stage None epoch 1  val 0.2011  step 782  0.1 min
  stage None epoch 2  val 0.2099  step 1173  0.2 min
  stage None epoch 3  val 0.2135  step 1564  0.2 min
  stage None epoch 4  val 0.2281  step 1955  0.3 min
  stage None epoch 5  val 0.2237  step 2346  0.3 min
  stage None epoch 6  val 0.2231  step 2737  0.3 min
  stage None epoch 7  val 0.2209  step 3128  0.4 min
  stage None epoch 8  val 0.2281  step 3519  0.4 min
  stage None epoch 9  val 0.2327  step 3910  0.5 min
  stage None epoch 10  val 0.2273  step 4301  0.5 min
  stage None epoch 11  val 0.2247  step 4692  0.6 min
  stage None epoch 12  val 0.2307  step 5083  0.6 min
  stage None epoch 13  val 0.2351  step 5474  0.7 min
  stage None epoch 14  val 0.2329  step 5865  0.7 min
  stage None epoch 15  val 0.2303  step 6256  0.8 min
  stage None epoch 16  val 0.2279  step 6647  0.8 min
  stage None epoch 17  val 0.2255  step 7038  0.9 min
  stage None epoch 18  val 0.2307  step 7429  0.9 min
  stage None epoch 19  val 0.2251  step 7820  1.0 min
  stage None epoch 20  val 0.2345  step 8211  1.0 min
  stage None epoch 21  val 0.2313  step 8602  1.1 min
  stage None epoch 22  val 0.2339  step 8993  1.1 min
  stage None epoch 23  val 0.2327  step 9384  1.2 min
  stage None epoch 24  val 0.2497  step 9775  1.2 min
  stage None epoch 25  val 0.2307  step 10166  1.3 min
  stage None epoch 26  val 0.2299  step 10557  1.3 min
  stage None epoch 27  val 0.2479  step 10948  1.4 min
  stage None epoch 28  val 0.2397  step 11339  1.4 min
  stage None epoch 29  val 0.2399  step 11730  1.5 min
done runs/kt2_retry1/chain_T4_p7/pause-compact_rf-L4-D256-lr0.0003-s0: val 0.2498
=== [1] chain T=4 seed=0 direct (19:38)
runs/kt2_retry1/chain_T4_p7/direct-compact_rf-L4-D256-lr0.0003-s0 | 3,230,464 params | cuda | stages [(None, 30)]
  stage None epoch 0  val 0.2003  step 391  0.1 min
  stage None epoch 1  val 0.1985  step 782  0.1 min
  stage None epoch 2  val 0.2087  step 1173  0.2 min
  stage None epoch 3  val 0.2085  step 1564  0.2 min
  stage None epoch 4  val 0.2119  step 1955  0.3 min
  stage None epoch 5  val 0.2189  step 2346  0.3 min
  stage None epoch 6  val 0.2219  step 2737  0.3 min
  stage None epoch 7  val 0.2215  step 3128  0.4 min
  stage None epoch 8  val 0.2251  step 3519  0.4 min
  stage None epoch 9  val 0.2265  step 3910  0.5 min
  stage None epoch 10  val 0.2217  step 4301  0.5 min
  stage None epoch 11  val 0.2189  step 4692  0.6 min
  stage None epoch 12  val 0.2189  step 5083  0.6 min
  stage None epoch 13  val 0.2079  step 5474  0.7 min
  stage None epoch 14  val 0.2201  step 5865  0.7 min
  stage None epoch 15  val 0.2273  step 6256  0.8 min
  stage None epoch 16  val 0.2179  step 6647  0.8 min
  stage None epoch 17  val 0.2215  step 7038  0.8 min
  stage None epoch 18  val 0.2227  step 7429  0.9 min
  stage None epoch 19  val 0.2223  step 7820  0.9 min
  stage None epoch 20  val 0.2211  step 8211  1.0 min
  stage None epoch 21  val 0.2249  step 8602  1.0 min
  stage None epoch 22  val 0.2243  step 8993  1.1 min
  stage None epoch 23  val 0.2347  step 9384  1.1 min
  stage None epoch 24  val 0.2323  step 9775  1.2 min
  stage None epoch 25  val 0.2309  step 10166  1.2 min
  stage None epoch 26  val 0.2327  step 10557  1.3 min
  stage None epoch 27  val 0.2365  step 10948  1.3 min
  stage None epoch 28  val 0.2373  step 11339  1.3 min
  stage None epoch 29  val 0.2333  step 11730  1.4 min
done runs/kt2_retry1/chain_T4_p7/direct-compact_rf-L4-D256-lr0.0003-s0: val 0.2372
=== [2] chain T=4 seed=1 latent (19:39)
runs/kt2_retry1/chain_T4_p7/latent-compact_rf-base-aisd-L4-D256-lr0.0003-s1 | 3,230,464 params | cuda | stages [(0, 6), (1, 6), (2, 6), (3, 6), (4, 6)]
  stage 0 epoch 0  val 1.0000  step 391  0.1 min
  stage 0 epoch 1  val 1.0000  step 782  0.1 min
  stage 0 epoch 2  val 0.9986  step 1173  0.2 min
  stage 0 epoch 3  val 1.0000  step 1564  0.3 min
  stage 0 epoch 4  val 1.0000  step 1955  0.3 min
  stage 0 epoch 5  val 1.0000  step 2346  0.4 min
  stage 1 epoch 0  val 0.9620  step 2737  0.4 min
  stage 1 epoch 1  val 0.9802  step 3128  0.5 min
  stage 1 epoch 2  val 1.0000  step 3519  0.6 min
  stage 1 epoch 3  val 1.0000  step 3910  0.7 min
  stage 1 epoch 4  val 1.0000  step 4301  0.8 min
  stage 1 epoch 5  val 1.0000  step 4692  0.8 min
  stage 2 epoch 0  val 0.9672  step 5083  0.9 min
  stage 2 epoch 1  val 0.9976  step 5474  1.0 min
  stage 2 epoch 2  val 0.9992  step 5865  1.1 min
  stage 2 epoch 3  val 1.0000  step 6256  1.2 min
  stage 2 epoch 4  val 1.0000  step 6647  1.3 min
  stage 2 epoch 5  val 1.0000  step 7038  1.4 min
  stage 3 epoch 0  val 0.9750  step 7429  1.5 min
  stage 3 epoch 1  val 0.9712  step 7820  1.7 min
  stage 3 epoch 2  val 0.9872  step 8211  1.8 min
  stage 3 epoch 3  val 0.9906  step 8602  1.9 min
  stage 3 epoch 4  val 0.9952  step 8993  2.0 min
  stage 3 epoch 5  val 0.9954  step 9384  2.1 min
  stage 4 epoch 0  val 0.9444  step 9775  2.3 min
  stage 4 epoch 1  val 0.9838  step 10166  2.4 min
  stage 4 epoch 2  val 0.9562  step 10557  2.6 min
  stage 4 epoch 3  val 0.9876  step 10948  2.7 min
  stage 4 epoch 4  val 0.9882  step 11339  2.8 min
  stage 4 epoch 5  val 0.9892  step 11730  3.0 min
done runs/kt2_retry1/chain_T4_p7/latent-compact_rf-base-aisd-L4-D256-lr0.0003-s1: val 0.9892 zero-latent val 0.1416
=== [2] chain T=4 seed=1 pause, 30 epochs (19:42)
runs/kt2_retry1/chain_T4_p7/pause-compact_rf-L4-D256-lr0.0003-s1 | 3,230,464 params | cuda | stages [(None, 30)]
  stage None epoch 0  val 0.2101  step 391  0.1 min
  stage None epoch 1  val 0.2139  step 782  0.1 min
  stage None epoch 2  val 0.2149  step 1173  0.2 min
  stage None epoch 3  val 0.2137  step 1564  0.2 min
  stage None epoch 4  val 0.2135  step 1955  0.3 min
  stage None epoch 5  val 0.2065  step 2346  0.3 min
  stage None epoch 6  val 0.2155  step 2737  0.4 min
  stage None epoch 7  val 0.2169  step 3128  0.4 min
  stage None epoch 8  val 0.2167  step 3519  0.5 min
  stage None epoch 9  val 0.2175  step 3910  0.5 min
  stage None epoch 10  val 0.2213  step 4301  0.6 min
  stage None epoch 11  val 0.2157  step 4692  0.6 min
  stage None epoch 12  val 0.2133  step 5083  0.7 min
  stage None epoch 13  val 0.2171  step 5474  0.7 min
  stage None epoch 14  val 0.2205  step 5865  0.8 min
  stage None epoch 15  val 0.2171  step 6256  0.8 min
  stage None epoch 16  val 0.2189  step 6647  0.9 min
  stage None epoch 17  val 0.2249  step 7038  0.9 min
  stage None epoch 18  val 0.2283  step 7429  1.0 min
  stage None epoch 19  val 0.2347  step 7820  1.0 min
  stage None epoch 20  val 0.2233  step 8211  1.1 min
  stage None epoch 21  val 0.2359  step 8602  1.1 min
  stage None epoch 22  val 0.2305  step 8993  1.1 min
  stage None epoch 23  val 0.2339  step 9384  1.2 min
  stage None epoch 24  val 0.2297  step 9775  1.2 min
  stage None epoch 25  val 0.2363  step 10166  1.3 min
  stage None epoch 26  val 0.2367  step 10557  1.3 min
  stage None epoch 27  val 0.2371  step 10948  1.4 min
  stage None epoch 28  val 0.2377  step 11339  1.4 min
  stage None epoch 29  val 0.2301  step 11730  1.5 min
done runs/kt2_retry1/chain_T4_p7/pause-compact_rf-L4-D256-lr0.0003-s1: val 0.2376
=== [2] chain T=4 seed=1 direct (19:44)
runs/kt2_retry1/chain_T4_p7/direct-compact_rf-L4-D256-lr0.0003-s1 | 3,230,464 params | cuda | stages [(None, 30)]
  stage None epoch 0  val 0.2147  step 391  0.1 min
  stage None epoch 1  val 0.2155  step 782  0.1 min
  stage None epoch 2  val 0.2129  step 1173  0.2 min
  stage None epoch 3  val 0.2177  step 1564  0.2 min
  stage None epoch 4  val 0.2301  step 1955  0.3 min
  stage None epoch 5  val 0.2291  step 2346  0.3 min
  stage None epoch 6  val 0.2323  step 2737  0.3 min
  stage None epoch 7  val 0.2337  step 3128  0.4 min
  stage None epoch 8  val 0.2473  step 3519  0.4 min
  stage None epoch 9  val 0.2529  step 3910  0.5 min
  stage None epoch 10  val 0.2763  step 4301  0.5 min
  stage None epoch 11  val 0.2761  step 4692  0.6 min
  stage None epoch 12  val 0.2867  step 5083  0.6 min
  stage None epoch 13  val 0.2887  step 5474  0.7 min
  stage None epoch 14  val 0.2907  step 5865  0.7 min
  stage None epoch 15  val 0.2897  step 6256  0.8 min
  stage None epoch 16  val 0.2919  step 6647  0.8 min
  stage None epoch 17  val 0.2923  step 7038  0.9 min
  stage None epoch 18  val 0.3169  step 7429  0.9 min
  stage None epoch 19  val 0.3173  step 7820  1.0 min
  stage None epoch 20  val 0.3239  step 8211  1.0 min
  stage None epoch 21  val 0.3301  step 8602  1.1 min
  stage None epoch 22  val 0.3365  step 8993  1.1 min
  stage None epoch 23  val 0.3393  step 9384  1.1 min
  stage None epoch 24  val 0.3349  step 9775  1.2 min
  stage None epoch 25  val 0.3339  step 10166  1.2 min
  stage None epoch 26  val 0.3375  step 10557  1.3 min
  stage None epoch 27  val 0.3443  step 10948  1.3 min
  stage None epoch 28  val 0.3395  step 11339  1.4 min
  stage None epoch 29  val 0.3437  step 11730  1.4 min
done runs/kt2_retry1/chain_T4_p7/direct-compact_rf-L4-D256-lr0.0003-s1: val 0.3442
=== [3] chain T=4 seed=2 latent (19:45)
runs/kt2_retry1/chain_T4_p7/latent-compact_rf-base-aisd-L4-D256-lr0.0003-s2 | 3,230,464 params | cuda | stages [(0, 6), (1, 6), (2, 6), (3, 6), (4, 6)]
  stage 0 epoch 0  val 0.9786  step 391  0.1 min
  stage 0 epoch 1  val 0.9982  step 782  0.1 min
  stage 0 epoch 2  val 1.0000  step 1173  0.2 min
  stage 0 epoch 3  val 1.0000  step 1564  0.2 min
  stage 0 epoch 4  val 1.0000  step 1955  0.3 min
  stage 0 epoch 5  val 1.0000  step 2346  0.4 min
  stage 1 epoch 0  val 0.9918  step 2737  0.4 min
  stage 1 epoch 1  val 1.0000  step 3128  0.5 min
  stage 1 epoch 2  val 0.9998  step 3519  0.6 min
  stage 1 epoch 3  val 1.0000  step 3910  0.7 min
  stage 1 epoch 4  val 1.0000  step 4301  0.8 min
  stage 1 epoch 5  val 1.0000  step 4692  0.8 min
  stage 2 epoch 0  val 0.9970  step 5083  0.9 min
  stage 2 epoch 1  val 0.9986  step 5474  1.0 min
  stage 2 epoch 2  val 1.0000  step 5865  1.1 min
  stage 2 epoch 3  val 1.0000  step 6256  1.2 min
  stage 2 epoch 4  val 1.0000  step 6647  1.3 min
  stage 2 epoch 5  val 1.0000  step 7038  1.4 min
  stage 3 epoch 0  val 0.9966  step 7429  1.5 min
  stage 3 epoch 1  val 0.9988  step 7820  1.6 min
  stage 3 epoch 2  val 1.0000  step 8211  1.8 min
  stage 3 epoch 3  val 1.0000  step 8602  1.9 min
  stage 3 epoch 4  val 1.0000  step 8993  2.0 min
  stage 3 epoch 5  val 1.0000  step 9384  2.1 min
  stage 4 epoch 0  val 0.9970  step 9775  2.3 min
  stage 4 epoch 1  val 0.9940  step 10166  2.4 min
  stage 4 epoch 2  val 1.0000  step 10557  2.5 min
  stage 4 epoch 3  val 1.0000  step 10948  2.7 min
  stage 4 epoch 4  val 1.0000  step 11339  2.8 min
  stage 4 epoch 5  val 1.0000  step 11730  3.0 min
done runs/kt2_retry1/chain_T4_p7/latent-compact_rf-base-aisd-L4-D256-lr0.0003-s2: val 1.0000 zero-latent val 0.1424
=== [3] chain T=4 seed=2 pause, 30 epochs (19:48)
runs/kt2_retry1/chain_T4_p7/pause-compact_rf-L4-D256-lr0.0003-s2 | 3,230,464 params | cuda | stages [(None, 30)]
  stage None epoch 0  val 0.2155  step 391  0.1 min
  stage None epoch 1  val 0.2135  step 782  0.1 min
  stage None epoch 2  val 0.2133  step 1173  0.2 min
  stage None epoch 3  val 0.2139  step 1564  0.2 min
  stage None epoch 4  val 0.2159  step 1955  0.3 min
  stage None epoch 5  val 0.2155  step 2346  0.3 min
  stage None epoch 6  val 0.2133  step 2737  0.4 min
  stage None epoch 7  val 0.2147  step 3128  0.4 min
  stage None epoch 8  val 0.2173  step 3519  0.5 min
  stage None epoch 9  val 0.2163  step 3910  0.5 min
  stage None epoch 10  val 0.2163  step 4301  0.5 min
  stage None epoch 11  val 0.2163  step 4692  0.6 min
  stage None epoch 12  val 0.2121  step 5083  0.6 min
  stage None epoch 13  val 0.2167  step 5474  0.7 min
  stage None epoch 14  val 0.2151  step 5865  0.7 min
  stage None epoch 15  val 0.2163  step 6256  0.8 min
  stage None epoch 16  val 0.2213  step 6647  0.8 min
  stage None epoch 17  val 0.2237  step 7038  0.9 min
  stage None epoch 18  val 0.2173  step 7429  0.9 min
  stage None epoch 19  val 0.2199  step 7820  1.0 min
  stage None epoch 20  val 0.2235  step 8211  1.0 min
  stage None epoch 21  val 0.2203  step 8602  1.1 min
  stage None epoch 22  val 0.2319  step 8993  1.1 min
  stage None epoch 23  val 0.2295  step 9384  1.2 min
  stage None epoch 24  val 0.2281  step 9775  1.2 min
  stage None epoch 25  val 0.2275  step 10166  1.3 min
  stage None epoch 26  val 0.2343  step 10557  1.3 min
  stage None epoch 27  val 0.2347  step 10948  1.4 min
  stage None epoch 28  val 0.2353  step 11339  1.4 min
  stage None epoch 29  val 0.2313  step 11730  1.5 min
done runs/kt2_retry1/chain_T4_p7/pause-compact_rf-L4-D256-lr0.0003-s2: val 0.2352
=== [3] chain T=4 seed=2 direct (19:50)
runs/kt2_retry1/chain_T4_p7/direct-compact_rf-L4-D256-lr0.0003-s2 | 3,230,464 params | cuda | stages [(None, 30)]
  stage None epoch 0  val 0.1975  step 391  0.1 min
  stage None epoch 1  val 0.1983  step 782  0.1 min
  stage None epoch 2  val 0.2071  step 1173  0.2 min
  stage None epoch 3  val 0.2053  step 1564  0.2 min
  stage None epoch 4  val 0.2123  step 1955  0.3 min
  stage None epoch 5  val 0.2151  step 2346  0.3 min
  stage None epoch 6  val 0.2189  step 2737  0.3 min
  stage None epoch 7  val 0.2193  step 3128  0.4 min
  stage None epoch 8  val 0.2239  step 3519  0.4 min
  stage None epoch 9  val 0.2241  step 3910  0.5 min
  stage None epoch 10  val 0.2175  step 4301  0.5 min
  stage None epoch 11  val 0.2213  step 4692  0.6 min
  stage None epoch 12  val 0.2251  step 5083  0.6 min
  stage None epoch 13  val 0.2277  step 5474  0.7 min
  stage None epoch 14  val 0.2287  step 5865  0.7 min
  stage None epoch 15  val 0.2221  step 6256  0.8 min
  stage None epoch 16  val 0.2303  step 6647  0.8 min
  stage None epoch 17  val 0.2305  step 7038  0.9 min
  stage None epoch 18  val 0.2327  step 7429  0.9 min
  stage None epoch 19  val 0.2225  step 7820  0.9 min
  stage None epoch 20  val 0.2251  step 8211  1.0 min
  stage None epoch 21  val 0.2225  step 8602  1.0 min
  stage None epoch 22  val 0.2277  step 8993  1.1 min
  stage None epoch 23  val 0.2281  step 9384  1.1 min
  stage None epoch 24  val 0.2267  step 9775  1.2 min
  stage None epoch 25  val 0.2261  step 10166  1.2 min
  stage None epoch 26  val 0.2353  step 10557  1.3 min
  stage None epoch 27  val 0.2339  step 10948  1.3 min
  stage None epoch 28  val 0.2363  step 11339  1.3 min
  stage None epoch 29  val 0.2285  step 11730  1.4 min
done runs/kt2_retry1/chain_T4_p7/direct-compact_rf-L4-D256-lr0.0003-s2: val 0.2362
=== [4] chain T=8 seed=0 latent (19:51)
runs/kt2_retry1/chain_T8_p7/latent-compact_rf-base-aisd-L4-D256-lr0.0003-s0 | 3,230,464 params | cuda | stages [(0, 6), (1, 6), (2, 6), (3, 6), (4, 6), (5, 6), (6, 6), (7, 6), (8, 6)]
  stage 0 epoch 0  val 0.9896  step 391  0.1 min
  stage 0 epoch 1  val 0.9102  step 782  0.2 min
  stage 0 epoch 2  val 1.0000  step 1173  0.3 min
  stage 0 epoch 3  val 0.9994  step 1564  0.4 min
  stage 0 epoch 4  val 1.0000  step 1955  0.5 min
  stage 0 epoch 5  val 1.0000  step 2346  0.6 min
  stage 1 epoch 0  val 0.9972  step 2737  0.7 min
  stage 1 epoch 1  val 1.0000  step 3128  0.9 min
  stage 1 epoch 2  val 1.0000  step 3519  1.0 min
  stage 1 epoch 3  val 1.0000  step 3910  1.1 min
  stage 1 epoch 4  val 1.0000  step 4301  1.2 min
  stage 1 epoch 5  val 1.0000  step 4692  1.3 min
  stage 2 epoch 0  val 0.9980  step 5083  1.5 min
  stage 2 epoch 1  val 0.9986  step 5474  1.6 min
  stage 2 epoch 2  val 1.0000  step 5865  1.8 min
  stage 2 epoch 3  val 1.0000  step 6256  1.9 min
  stage 2 epoch 4  val 1.0000  step 6647  2.1 min
  stage 2 epoch 5  val 1.0000  step 7038  2.2 min
  stage 3 epoch 0  val 0.2237  step 7429  2.4 min
  stage 3 epoch 1  val 0.9990  step 7820  2.5 min
  stage 3 epoch 2  val 0.9992  step 8211  2.7 min
  stage 3 epoch 3  val 1.0000  step 8602  2.8 min
  stage 3 epoch 4  val 1.0000  step 8993  3.0 min
  stage 3 epoch 5  val 1.0000  step 9384  3.2 min
  stage 4 epoch 0  val 0.9926  step 9775  3.4 min
  stage 4 epoch 1  val 0.9992  step 10166  3.5 min
  stage 4 epoch 2  val 0.9990  step 10557  3.7 min
  stage 4 epoch 3  val 1.0000  step 10948  3.9 min
  stage 4 epoch 4  val 1.0000  step 11339  4.1 min
  stage 4 epoch 5  val 1.0000  step 11730  4.3 min
  stage 5 epoch 0  val 0.9998  step 12121  4.5 min
  stage 5 epoch 1  val 0.9914  step 12512  4.7 min
  stage 5 epoch 2  val 0.9998  step 12903  4.9 min
  stage 5 epoch 3  val 1.0000  step 13294  5.1 min
  stage 5 epoch 4  val 1.0000  step 13685  5.4 min
  stage 5 epoch 5  val 1.0000  step 14076  5.6 min
  stage 6 epoch 0  val 0.9942  step 14467  5.8 min
  stage 6 epoch 1  val 0.9982  step 14858  6.0 min
  stage 6 epoch 2  val 1.0000  step 15249  6.3 min
  stage 6 epoch 3  val 1.0000  step 15640  6.5 min
  stage 6 epoch 4  val 1.0000  step 16031  6.7 min
  stage 6 epoch 5  val 1.0000  step 16422  7.0 min
  stage 7 epoch 0  val 0.9944  step 16813  7.2 min
  stage 7 epoch 1  val 0.9936  step 17204  7.5 min
  stage 7 epoch 2  val 0.9998  step 17595  7.7 min
  stage 7 epoch 3  val 1.0000  step 17986  8.0 min
  stage 7 epoch 4  val 1.0000  step 18377  8.3 min
  stage 7 epoch 5  val 1.0000  step 18768  8.5 min
  stage 8 epoch 0  val 1.0000  step 19159  8.8 min
  stage 8 epoch 1  val 1.0000  step 19550  9.1 min
  stage 8 epoch 2  val 1.0000  step 19941  9.4 min
  stage 8 epoch 3  val 1.0000  step 20332  9.6 min
  stage 8 epoch 4  val 1.0000  step 20723  10.0 min
  stage 8 epoch 5  val 1.0000  step 21114  10.3 min
done runs/kt2_retry1/chain_T8_p7/latent-compact_rf-base-aisd-L4-D256-lr0.0003-s0: val 1.0000 zero-latent val 0.1428
=== [4] chain T=8 seed=0 pause, 54 epochs (20:01)
runs/kt2_retry1/chain_T8_p7/pause-compact_rf-L4-D256-lr0.0003-s0 | 3,230,464 params | cuda | stages [(None, 54)]
  stage None epoch 0  val 0.1905  step 391  0.1 min
  stage None epoch 1  val 0.1973  step 782  0.1 min
  stage None epoch 2  val 0.1953  step 1173  0.2 min
  stage None epoch 3  val 0.1961  step 1564  0.2 min
  stage None epoch 4  val 0.1991  step 1955  0.3 min
  stage None epoch 5  val 0.1963  step 2346  0.3 min
  stage None epoch 6  val 0.1983  step 2737  0.4 min
  stage None epoch 7  val 0.1957  step 3128  0.4 min
  stage None epoch 8  val 0.1975  step 3519  0.5 min
  stage None epoch 9  val 0.1983  step 3910  0.5 min
  stage None epoch 10  val 0.1945  step 4301  0.6 min
  stage None epoch 11  val 0.1977  step 4692  0.6 min
  stage None epoch 12  val 0.1975  step 5083  0.7 min
  stage None epoch 13  val 0.1975  step 5474  0.7 min
  stage None epoch 14  val 0.1977  step 5865  0.8 min
  stage None epoch 15  val 0.1975  step 6256  0.9 min
  stage None epoch 16  val 0.1967  step 6647  0.9 min
  stage None epoch 17  val 0.1957  step 7038  1.0 min
  stage None epoch 18  val 0.1983  step 7429  1.0 min
  stage None epoch 19  val 0.2003  step 7820  1.1 min
  stage None epoch 20  val 0.1949  step 8211  1.1 min
  stage None epoch 21  val 0.1963  step 8602  1.2 min
  stage None epoch 22  val 0.1885  step 8993  1.2 min
  stage None epoch 23  val 0.1953  step 9384  1.3 min
  stage None epoch 24  val 0.1975  step 9775  1.3 min
  stage None epoch 25  val 0.1979  step 10166  1.4 min
  stage None epoch 26  val 0.1997  step 10557  1.4 min
  stage None epoch 27  val 0.1987  step 10948  1.5 min
  stage None epoch 28  val 0.1971  step 11339  1.5 min
  stage None epoch 29  val 0.1995  step 11730  1.6 min
  stage None epoch 30  val 0.2067  step 12121  1.6 min
  stage None epoch 31  val 0.2087  step 12512  1.7 min
  stage None epoch 32  val 0.2203  step 12903  1.7 min
  stage None epoch 33  val 0.2123  step 13294  1.8 min
  stage None epoch 34  val 0.2147  step 13685  1.9 min
  stage None epoch 35  val 0.2139  step 14076  1.9 min
  stage None epoch 36  val 0.2081  step 14467  2.0 min
  stage None epoch 37  val 0.2203  step 14858  2.0 min
  stage None epoch 38  val 0.2251  step 15249  2.1 min
  stage None epoch 39  val 0.2221  step 15640  2.1 min
  stage None epoch 40  val 0.2157  step 16031  2.2 min
  stage None epoch 41  val 0.2181  step 16422  2.2 min
  stage None epoch 42  val 0.2163  step 16813  2.3 min
  stage None epoch 43  val 0.2211  step 17204  2.3 min
  stage None epoch 44  val 0.2219  step 17595  2.4 min
  stage None epoch 45  val 0.2251  step 17986  2.4 min
  stage None epoch 46  val 0.2313  step 18377  2.5 min
  stage None epoch 47  val 0.2209  step 18768  2.5 min
  stage None epoch 48  val 0.2265  step 19159  2.6 min
  stage None epoch 49  val 0.2257  step 19550  2.6 min
  stage None epoch 50  val 0.2141  step 19941  2.7 min
  stage None epoch 51  val 0.2215  step 20332  2.7 min
  stage None epoch 52  val 0.2211  step 20723  2.8 min
  stage None epoch 53  val 0.2257  step 21114  2.8 min
done runs/kt2_retry1/chain_T8_p7/pause-compact_rf-L4-D256-lr0.0003-s0: val 0.2314
=== [4] chain T=8 seed=0 direct (20:04)
runs/kt2_retry1/chain_T8_p7/direct-compact_rf-L4-D256-lr0.0003-s0 | 3,230,464 params | cuda | stages [(None, 30)]
  stage None epoch 0  val 0.1947  step 391  0.1 min
  stage None epoch 1  val 0.2043  step 782  0.1 min
  stage None epoch 2  val 0.2101  step 1173  0.2 min
  stage None epoch 3  val 0.2111  step 1564  0.2 min
  stage None epoch 4  val 0.2147  step 1955  0.3 min
  stage None epoch 5  val 0.2059  step 2346  0.3 min
  stage None epoch 6  val 0.2161  step 2737  0.4 min
  stage None epoch 7  val 0.2087  step 3128  0.4 min
  stage None epoch 8  val 0.2155  step 3519  0.5 min
  stage None epoch 9  val 0.2149  step 3910  0.5 min
  stage None epoch 10  val 0.2123  step 4301  0.6 min
  stage None epoch 11  val 0.2217  step 4692  0.6 min
  stage None epoch 12  val 0.2171  step 5083  0.7 min
  stage None epoch 13  val 0.2183  step 5474  0.7 min
  stage None epoch 14  val 0.2187  step 5865  0.8 min
  stage None epoch 15  val 0.2177  step 6256  0.8 min
  stage None epoch 16  val 0.2179  step 6647  0.8 min
  stage None epoch 17  val 0.2265  step 7038  0.9 min
  stage None epoch 18  val 0.2257  step 7429  0.9 min
  stage None epoch 19  val 0.2207  step 7820  1.0 min
  stage None epoch 20  val 0.2205  step 8211  1.0 min
  stage None epoch 21  val 0.2213  step 8602  1.1 min
  stage None epoch 22  val 0.2205  step 8993  1.1 min
  stage None epoch 23  val 0.2179  step 9384  1.2 min
  stage None epoch 24  val 0.2195  step 9775  1.2 min
  stage None epoch 25  val 0.2231  step 10166  1.3 min
  stage None epoch 26  val 0.2203  step 10557  1.3 min
  stage None epoch 27  val 0.2199  step 10948  1.4 min
  stage None epoch 28  val 0.2257  step 11339  1.4 min
  stage None epoch 29  val 0.2189  step 11730  1.5 min
done runs/kt2_retry1/chain_T8_p7/direct-compact_rf-L4-D256-lr0.0003-s0: val 0.2266
=== [5] chain T=8 seed=1 latent (20:06)
runs/kt2_retry1/chain_T8_p7/latent-compact_rf-base-aisd-L4-D256-lr0.0003-s1 | 3,230,464 params | cuda | stages [(0, 6), (1, 6), (2, 6), (3, 6), (4, 6), (5, 6), (6, 6), (7, 6), (8, 6)]
  stage 0 epoch 0  val 1.0000  step 391  0.1 min
  stage 0 epoch 1  val 1.0000  step 782  0.2 min
  stage 0 epoch 2  val 1.0000  step 1173  0.3 min
  stage 0 epoch 3  val 1.0000  step 1564  0.4 min
  stage 0 epoch 4  val 1.0000  step 1955  0.5 min
  stage 0 epoch 5  val 1.0000  step 2346  0.6 min
  stage 1 epoch 0  val 0.9980  step 2737  0.7 min
  stage 1 epoch 1  val 0.9946  step 3128  0.9 min
  stage 1 epoch 2  val 1.0000  step 3519  1.0 min
  stage 1 epoch 3  val 1.0000  step 3910  1.1 min
  stage 1 epoch 4  val 1.0000  step 4301  1.2 min
  stage 1 epoch 5  val 1.0000  step 4692  1.4 min
  stage 2 epoch 0  val 0.9984  step 5083  1.5 min
  stage 2 epoch 1  val 0.9968  step 5474  1.7 min
  stage 2 epoch 2  val 1.0000  step 5865  1.8 min
  stage 2 epoch 3  val 1.0000  step 6256  1.9 min
  stage 2 epoch 4  val 1.0000  step 6647  2.1 min
  stage 2 epoch 5  val 1.0000  step 7038  2.2 min
  stage 3 epoch 0  val 0.9926  step 7429  2.4 min
  stage 3 epoch 1  val 0.9998  step 7820  2.6 min
  stage 3 epoch 2  val 1.0000  step 8211  2.7 min
  stage 3 epoch 3  val 1.0000  step 8602  2.9 min
  stage 3 epoch 4  val 1.0000  step 8993  3.1 min
  stage 3 epoch 5  val 1.0000  step 9384  3.2 min
  stage 4 epoch 0  val 0.9896  step 9775  3.4 min
  stage 4 epoch 1  val 0.9996  step 10166  3.6 min
  stage 4 epoch 2  val 1.0000  step 10557  3.8 min
  stage 4 epoch 3  val 1.0000  step 10948  4.0 min
  stage 4 epoch 4  val 1.0000  step 11339  4.2 min
  stage 4 epoch 5  val 1.0000  step 11730  4.3 min
  stage 5 epoch 0  val 0.9966  step 12121  4.5 min
  stage 5 epoch 1  val 0.9982  step 12512  4.8 min
  stage 5 epoch 2  val 0.9964  step 12903  5.0 min
  stage 5 epoch 3  val 1.0000  step 13294  5.2 min
  stage 5 epoch 4  val 1.0000  step 13685  5.4 min
  stage 5 epoch 5  val 1.0000  step 14076  5.6 min
  stage 6 epoch 0  val 0.9940  step 14467  5.8 min
  stage 6 epoch 1  val 1.0000  step 14858  6.1 min
  stage 6 epoch 2  val 1.0000  step 15249  6.3 min
  stage 6 epoch 3  val 1.0000  step 15640  6.5 min
  stage 6 epoch 4  val 1.0000  step 16031  6.8 min
  stage 6 epoch 5  val 1.0000  step 16422  7.0 min
  stage 7 epoch 0  val 0.9566  step 16813  7.3 min
  stage 7 epoch 1  val 0.9960  step 17204  7.5 min
  stage 7 epoch 2  val 1.0000  step 17595  7.8 min
  stage 7 epoch 3  val 1.0000  step 17986  8.1 min
  stage 7 epoch 4  val 1.0000  step 18377  8.3 min
  stage 7 epoch 5  val 1.0000  step 18768  8.6 min
  stage 8 epoch 0  val 0.3565  step 19159  8.9 min
  stage 8 epoch 1  val 0.3623  step 19550  9.1 min
  stage 8 epoch 2  val 0.3579  step 19941  9.4 min
  stage 8 epoch 3  val 0.3611  step 20332  9.7 min
  stage 8 epoch 4  val 0.3585  step 20723  10.0 min
  stage 8 epoch 5  val 0.3639  step 21114  10.3 min
done runs/kt2_retry1/chain_T8_p7/latent-compact_rf-base-aisd-L4-D256-lr0.0003-s1: val 0.3638 zero-latent val 0.1398
=== [5] chain T=8 seed=1 pause, 54 epochs (20:16)
runs/kt2_retry1/chain_T8_p7/pause-compact_rf-L4-D256-lr0.0003-s1 | 3,230,464 params | cuda | stages [(None, 54)]
  stage None epoch 0  val 0.1885  step 391  0.1 min
  stage None epoch 1  val 0.1961  step 782  0.1 min
  stage None epoch 2  val 0.2153  step 1173  0.2 min
  stage None epoch 3  val 0.2171  step 1564  0.2 min
  stage None epoch 4  val 0.2193  step 1955  0.3 min
  stage None epoch 5  val 0.2139  step 2346  0.3 min
  stage None epoch 6  val 0.2169  step 2737  0.4 min
  stage None epoch 7  val 0.2209  step 3128  0.4 min
  stage None epoch 8  val 0.2153  step 3519  0.5 min
  stage None epoch 9  val 0.2201  step 3910  0.5 min
  stage None epoch 10  val 0.2169  step 4301  0.6 min
  stage None epoch 11  val 0.2173  step 4692  0.6 min
  stage None epoch 12  val 0.2127  step 5083  0.7 min
  stage None epoch 13  val 0.2191  step 5474  0.7 min
  stage None epoch 14  val 0.2125  step 5865  0.8 min
  stage None epoch 15  val 0.2219  step 6256  0.8 min
  stage None epoch 16  val 0.2145  step 6647  0.9 min
  stage None epoch 17  val 0.2223  step 7038  0.9 min
  stage None epoch 18  val 0.2225  step 7429  1.0 min
  stage None epoch 19  val 0.2219  step 7820  1.0 min
  stage None epoch 20  val 0.2213  step 8211  1.1 min
  stage None epoch 21  val 0.2279  step 8602  1.1 min
  stage None epoch 22  val 0.2281  step 8993  1.2 min
  stage None epoch 23  val 0.2281  step 9384  1.2 min
  stage None epoch 24  val 0.2199  step 9775  1.3 min
  stage None epoch 25  val 0.2179  step 10166  1.3 min
  stage None epoch 26  val 0.2211  step 10557  1.4 min
  stage None epoch 27  val 0.2203  step 10948  1.4 min
  stage None epoch 28  val 0.2141  step 11339  1.5 min
  stage None epoch 29  val 0.2209  step 11730  1.5 min
  stage None epoch 30  val 0.2211  step 12121  1.6 min
  stage None epoch 31  val 0.2181  step 12512  1.6 min
  stage None epoch 32  val 0.2255  step 12903  1.7 min
  stage None epoch 33  val 0.2235  step 13294  1.7 min
  stage None epoch 34  val 0.2331  step 13685  1.8 min
  stage None epoch 35  val 0.2261  step 14076  1.8 min
  stage None epoch 36  val 0.2277  step 14467  1.9 min
  stage None epoch 37  val 0.2215  step 14858  1.9 min
  stage None epoch 38  val 0.2343  step 15249  2.0 min
  stage None epoch 39  val 0.2223  step 15640  2.0 min
  stage None epoch 40  val 0.2201  step 16031  2.1 min
  stage None epoch 41  val 0.2243  step 16422  2.1 min
  stage None epoch 42  val 0.2215  step 16813  2.2 min
  stage None epoch 43  val 0.2249  step 17204  2.2 min
  stage None epoch 44  val 0.2195  step 17595  2.3 min
  stage None epoch 45  val 0.2257  step 17986  2.3 min
  stage None epoch 46  val 0.2199  step 18377  2.4 min
  stage None epoch 47  val 0.2249  step 18768  2.4 min
  stage None epoch 48  val 0.2303  step 19159  2.5 min
  stage None epoch 49  val 0.2165  step 19550  2.5 min
  stage None epoch 50  val 0.2247  step 19941  2.6 min
  stage None epoch 51  val 0.2347  step 20332  2.7 min
  stage None epoch 52  val 0.2313  step 20723  2.7 min
  stage None epoch 53  val 0.2281  step 21114  2.8 min
done runs/kt2_retry1/chain_T8_p7/pause-compact_rf-L4-D256-lr0.0003-s1: val 0.2346
=== [5] chain T=8 seed=1 direct (20:19)
runs/kt2_retry1/chain_T8_p7/direct-compact_rf-L4-D256-lr0.0003-s1 | 3,230,464 params | cuda | stages [(None, 30)]
  stage None epoch 0  val 0.1915  step 391  0.1 min
  stage None epoch 1  val 0.1895  step 782  0.1 min
  stage None epoch 2  val 0.1987  step 1173  0.2 min
  stage None epoch 3  val 0.1949  step 1564  0.2 min
  stage None epoch 4  val 0.1963  step 1955  0.3 min
  stage None epoch 5  val 0.2067  step 2346  0.3 min
  stage None epoch 6  val 0.2175  step 2737  0.4 min
  stage None epoch 7  val 0.2095  step 3128  0.4 min
  stage None epoch 8  val 0.2113  step 3519  0.5 min
  stage None epoch 9  val 0.2195  step 3910  0.5 min
  stage None epoch 10  val 0.2119  step 4301  0.6 min
  stage None epoch 11  val 0.2179  step 4692  0.6 min
  stage None epoch 12  val 0.2233  step 5083  0.7 min
  stage None epoch 13  val 0.2177  step 5474  0.7 min
  stage None epoch 14  val 0.2215  step 5865  0.7 min
  stage None epoch 15  val 0.2305  step 6256  0.8 min
  stage None epoch 16  val 0.2139  step 6647  0.8 min
  stage None epoch 17  val 0.2269  step 7038  0.9 min
  stage None epoch 18  val 0.2249  step 7429  0.9 min
  stage None epoch 19  val 0.2213  step 7820  1.0 min
  stage None epoch 20  val 0.2215  step 8211  1.0 min
  stage None epoch 21  val 0.2189  step 8602  1.1 min
  stage None epoch 22  val 0.2271  step 8993  1.1 min
  stage None epoch 23  val 0.2287  step 9384  1.2 min
  stage None epoch 24  val 0.2179  step 9775  1.2 min
  stage None epoch 25  val 0.2249  step 10166  1.3 min
  stage None epoch 26  val 0.2347  step 10557  1.3 min
  stage None epoch 27  val 0.2145  step 10948  1.4 min
  stage None epoch 28  val 0.2269  step 11339  1.4 min
  stage None epoch 29  val 0.2257  step 11730  1.5 min
done runs/kt2_retry1/chain_T8_p7/direct-compact_rf-L4-D256-lr0.0003-s1: val 0.2346
=== [6] chain T=8 seed=2 latent (20:20)
runs/kt2_retry1/chain_T8_p7/latent-compact_rf-base-aisd-L4-D256-lr0.0003-s2 | 3,230,464 params | cuda | stages [(0, 6), (1, 6), (2, 6), (3, 6), (4, 6), (5, 6), (6, 6), (7, 6), (8, 6)]
  stage 0 epoch 0  val 0.9924  step 391  0.1 min
  stage 0 epoch 1  val 1.0000  step 782  0.2 min
  stage 0 epoch 2  val 0.9992  step 1173  0.3 min
  stage 0 epoch 3  val 1.0000  step 1564  0.4 min
  stage 0 epoch 4  val 1.0000  step 1955  0.5 min
  stage 0 epoch 5  val 1.0000  step 2346  0.6 min
  stage 1 epoch 0  val 0.9928  step 2737  0.7 min
  stage 1 epoch 1  val 1.0000  step 3128  0.9 min
  stage 1 epoch 2  val 1.0000  step 3519  1.0 min
  stage 1 epoch 3  val 1.0000  step 3910  1.1 min
  stage 1 epoch 4  val 1.0000  step 4301  1.2 min
  stage 1 epoch 5  val 1.0000  step 4692  1.3 min
  stage 2 epoch 0  val 0.9938  step 5083  1.5 min
  stage 2 epoch 1  val 0.9984  step 5474  1.6 min
  stage 2 epoch 2  val 1.0000  step 5865  1.8 min
  stage 2 epoch 3  val 1.0000  step 6256  1.9 min
  stage 2 epoch 4  val 1.0000  step 6647  2.1 min
  stage 2 epoch 5  val 1.0000  step 7038  2.2 min
  stage 3 epoch 0  val 0.6557  step 7429  2.4 min
  stage 3 epoch 1  val 0.9796  step 7820  2.5 min
  stage 3 epoch 2  val 0.9938  step 8211  2.7 min
  stage 3 epoch 3  val 0.9992  step 8602  2.8 min
  stage 3 epoch 4  val 1.0000  step 8993  3.0 min
  stage 3 epoch 5  val 1.0000  step 9384  3.2 min
  stage 4 epoch 0  val 0.9890  step 9775  3.4 min
  stage 4 epoch 1  val 0.9988  step 10166  3.5 min
  stage 4 epoch 2  val 1.0000  step 10557  3.7 min
  stage 4 epoch 3  val 1.0000  step 10948  3.9 min
  stage 4 epoch 4  val 1.0000  step 11339  4.1 min
  stage 4 epoch 5  val 1.0000  step 11730  4.3 min
  stage 5 epoch 0  val 0.9954  step 12121  4.5 min
  stage 5 epoch 1  val 0.9992  step 12512  4.7 min
  stage 5 epoch 2  val 0.9998  step 12903  4.9 min
  stage 5 epoch 3  val 1.0000  step 13294  5.1 min
  stage 5 epoch 4  val 1.0000  step 13685  5.3 min
  stage 5 epoch 5  val 1.0000  step 14076  5.5 min
  stage 6 epoch 0  val 0.2301  step 14467  5.8 min
  stage 6 epoch 1  val 0.9994  step 14858  6.0 min
  stage 6 epoch 2  val 1.0000  step 15249  6.3 min
  stage 6 epoch 3  val 1.0000  step 15640  6.5 min
  stage 6 epoch 4  val 0.9998  step 16031  6.7 min
  stage 6 epoch 5  val 1.0000  step 16422  7.0 min
  stage 7 epoch 0  val 0.9968  step 16813  7.2 min
  stage 7 epoch 1  val 0.9992  step 17204  7.5 min
  stage 7 epoch 2  val 1.0000  step 17595  7.7 min
  stage 7 epoch 3  val 0.9998  step 17986  8.0 min
  stage 7 epoch 4  val 1.0000  step 18377  8.2 min
  stage 7 epoch 5  val 1.0000  step 18768  8.5 min
  stage 8 epoch 0  val 0.2577  step 19159  8.8 min
  stage 8 epoch 1  val 0.2917  step 19550  9.1 min
  stage 8 epoch 2  val 0.2925  step 19941  9.3 min
  stage 8 epoch 3  val 0.2915  step 20332  9.6 min
  stage 8 epoch 4  val 0.2915  step 20723  9.9 min
  stage 8 epoch 5  val 0.2905  step 21114  10.2 min
done runs/kt2_retry1/chain_T8_p7/latent-compact_rf-base-aisd-L4-D256-lr0.0003-s2: val 0.2924 zero-latent val 0.1484
=== [6] chain T=8 seed=2 pause, 54 epochs (20:31)
runs/kt2_retry1/chain_T8_p7/pause-compact_rf-L4-D256-lr0.0003-s2 | 3,230,464 params | cuda | stages [(None, 54)]
  stage None epoch 0  val 0.1947  step 391  0.1 min
  stage None epoch 1  val 0.2149  step 782  0.1 min
  stage None epoch 2  val 0.2197  step 1173  0.2 min
  stage None epoch 3  val 0.2125  step 1564  0.2 min
  stage None epoch 4  val 0.2161  step 1955  0.3 min
  stage None epoch 5  val 0.2155  step 2346  0.3 min
  stage None epoch 6  val 0.2169  step 2737  0.4 min
  stage None epoch 7  val 0.2149  step 3128  0.4 min
  stage None epoch 8  val 0.2169  step 3519  0.5 min
  stage None epoch 9  val 0.2183  step 3910  0.5 min
  stage None epoch 10  val 0.2169  step 4301  0.6 min
  stage None epoch 11  val 0.2155  step 4692  0.6 min
  stage None epoch 12  val 0.2157  step 5083  0.7 min
  stage None epoch 13  val 0.2125  step 5474  0.7 min
  stage None epoch 14  val 0.2169  step 5865  0.8 min
  stage None epoch 15  val 0.2141  step 6256  0.8 min
  stage None epoch 16  val 0.2181  step 6647  0.9 min
  stage None epoch 17  val 0.2141  step 7038  0.9 min
  stage None epoch 18  val 0.2123  step 7429  1.0 min
  stage None epoch 19  val 0.2205  step 7820  1.0 min
  stage None epoch 20  val 0.2199  step 8211  1.1 min
  stage None epoch 21  val 0.2177  step 8602  1.1 min
  stage None epoch 22  val 0.2267  step 8993  1.2 min
  stage None epoch 23  val 0.2201  step 9384  1.2 min
  stage None epoch 24  val 0.2199  step 9775  1.3 min
  stage None epoch 25  val 0.2285  step 10166  1.3 min
  stage None epoch 26  val 0.2235  step 10557  1.4 min
  stage None epoch 27  val 0.2253  step 10948  1.4 min
  stage None epoch 28  val 0.2101  step 11339  1.5 min
  stage None epoch 29  val 0.2213  step 11730  1.5 min
  stage None epoch 30  val 0.2219  step 12121  1.6 min
  stage None epoch 31  val 0.2201  step 12512  1.6 min
  stage None epoch 32  val 0.2193  step 12903  1.7 min
  stage None epoch 33  val 0.2277  step 13294  1.7 min
  stage None epoch 34  val 0.2197  step 13685  1.8 min
  stage None epoch 35  val 0.2197  step 14076  1.8 min
  stage None epoch 36  val 0.2211  step 14467  1.9 min
  stage None epoch 37  val 0.2249  step 14858  1.9 min
  stage None epoch 38  val 0.2217  step 15249  2.0 min
  stage None epoch 39  val 0.2277  step 15640  2.0 min
  stage None epoch 40  val 0.2231  step 16031  2.1 min
  stage None epoch 41  val 0.2285  step 16422  2.1 min
  stage None epoch 42  val 0.2299  step 16813  2.2 min
  stage None epoch 43  val 0.2219  step 17204  2.2 min
  stage None epoch 44  val 0.2231  step 17595  2.3 min
  stage None epoch 45  val 0.2195  step 17986  2.3 min
  stage None epoch 46  val 0.2261  step 18377  2.4 min
  stage None epoch 47  val 0.2245  step 18768  2.4 min
  stage None epoch 48  val 0.2227  step 19159  2.5 min
  stage None epoch 49  val 0.2167  step 19550  2.5 min
  stage None epoch 50  val 0.2183  step 19941  2.6 min
  stage None epoch 51  val 0.2217  step 20332  2.6 min
  stage None epoch 52  val 0.2253  step 20723  2.7 min
  stage None epoch 53  val 0.2275  step 21114  2.7 min
done runs/kt2_retry1/chain_T8_p7/pause-compact_rf-L4-D256-lr0.0003-s2: val 0.2298
=== [6] chain T=8 seed=2 direct (20:33)
runs/kt2_retry1/chain_T8_p7/direct-compact_rf-L4-D256-lr0.0003-s2 | 3,230,464 params | cuda | stages [(None, 30)]
  stage None epoch 0  val 0.1947  step 391  0.1 min
  stage None epoch 1  val 0.1947  step 782  0.1 min
  stage None epoch 2  val 0.1959  step 1173  0.2 min
  stage None epoch 3  val 0.1975  step 1564  0.2 min
  stage None epoch 4  val 0.1949  step 1955  0.3 min
  stage None epoch 5  val 0.1975  step 2346  0.3 min
  stage None epoch 6  val 0.1971  step 2737  0.4 min
  stage None epoch 7  val 0.1955  step 3128  0.4 min
  stage None epoch 8  val 0.1943  step 3519  0.5 min
  stage None epoch 9  val 0.1975  step 3910  0.5 min
  stage None epoch 10  val 0.1963  step 4301  0.6 min
  stage None epoch 11  val 0.1995  step 4692  0.6 min
  stage None epoch 12  val 0.1989  step 5083  0.7 min
  stage None epoch 13  val 0.2073  step 5474  0.7 min
  stage None epoch 14  val 0.2081  step 5865  0.8 min
  stage None epoch 15  val 0.2049  step 6256  0.8 min
  stage None epoch 16  val 0.2173  step 6647  0.8 min
  stage None epoch 17  val 0.2115  step 7038  0.9 min
  stage None epoch 18  val 0.2123  step 7429  0.9 min
  stage None epoch 19  val 0.2173  step 7820  1.0 min
  stage None epoch 20  val 0.2211  step 8211  1.0 min
  stage None epoch 21  val 0.2187  step 8602  1.1 min
  stage None epoch 22  val 0.2261  step 8993  1.1 min
  stage None epoch 23  val 0.2201  step 9384  1.2 min
  stage None epoch 24  val 0.2193  step 9775  1.2 min
  stage None epoch 25  val 0.2229  step 10166  1.3 min
  stage None epoch 26  val 0.2195  step 10557  1.3 min
  stage None epoch 27  val 0.2181  step 10948  1.4 min
  stage None epoch 28  val 0.2239  step 11339  1.4 min
  stage None epoch 29  val 0.2221  step 11730  1.5 min
done runs/kt2_retry1/chain_T8_p7/direct-compact_rf-L4-D256-lr0.0003-s2: val 0.2262
=== [7] balanced T=7 seed=0 latent (20:35)
runs/kt2_retry1/balanced_T7_p7/latent-compact_rf-base-aisd-L4-D256-lr0.0003-s0 | 3,230,464 params | cuda | stages [(0, 6), (1, 6), (2, 6), (3, 6), (4, 6), (5, 6), (6, 6), (7, 6)]
  stage 0 epoch 0  val 0.9918  step 391  0.1 min
  stage 0 epoch 1  val 1.0000  step 782  0.2 min
  stage 0 epoch 2  val 0.9978  step 1173  0.3 min
  stage 0 epoch 3  val 1.0000  step 1564  0.4 min
  stage 0 epoch 4  val 0.9990  step 1955  0.4 min
  stage 0 epoch 5  val 1.0000  step 2346  0.5 min
  stage 1 epoch 0  val 0.2323  step 2737  0.6 min
  stage 1 epoch 1  val 0.8762  step 3128  0.7 min
  stage 1 epoch 2  val 0.9886  step 3519  0.9 min
  stage 1 epoch 3  val 0.9994  step 3910  1.0 min
  stage 1 epoch 4  val 0.9982  step 4301  1.1 min
  stage 1 epoch 5  val 1.0000  step 4692  1.2 min
  stage 2 epoch 0  val 0.4822  step 5083  1.3 min
  stage 2 epoch 1  val 0.9996  step 5474  1.4 min
  stage 2 epoch 2  val 0.9998  step 5865  1.6 min
  stage 2 epoch 3  val 1.0000  step 6256  1.7 min
  stage 2 epoch 4  val 1.0000  step 6647  1.8 min
  stage 2 epoch 5  val 1.0000  step 7038  1.9 min
  stage 3 epoch 0  val 0.1889  step 7429  2.1 min
  stage 3 epoch 1  val 0.2241  step 7820  2.2 min
  stage 3 epoch 2  val 0.2389  step 8211  2.4 min
  stage 3 epoch 3  val 0.2393  step 8602  2.5 min
  stage 3 epoch 4  val 0.2573  step 8993  2.7 min
  stage 3 epoch 5  val 0.2757  step 9384  2.8 min
  stage 4 epoch 0  val 0.2475  step 9775  3.0 min
  stage 4 epoch 1  val 0.2745  step 10166  3.2 min
  stage 4 epoch 2  val 0.2771  step 10557  3.3 min
  stage 4 epoch 3  val 0.2803  step 10948  3.5 min
  stage 4 epoch 4  val 0.2887  step 11339  3.7 min
  stage 4 epoch 5  val 0.3231  step 11730  3.8 min
  stage 5 epoch 0  val 0.3097  step 12121  4.0 min
  stage 5 epoch 1  val 0.3639  step 12512  4.2 min
  stage 5 epoch 2  val 0.4744  step 12903  4.4 min
  stage 5 epoch 3  val 0.5098  step 13294  4.6 min
  stage 5 epoch 4  val 0.5302  step 13685  4.8 min
  stage 5 epoch 5  val 0.5660  step 14076  5.0 min
  stage 6 epoch 0  val 0.5798  step 14467  5.2 min
  stage 6 epoch 1  val 0.9874  step 14858  5.4 min
  stage 6 epoch 2  val 0.9944  step 15249  5.6 min
  stage 6 epoch 3  val 0.9984  step 15640  5.8 min
  stage 6 epoch 4  val 1.0000  step 16031  6.0 min
  stage 6 epoch 5  val 1.0000  step 16422  6.2 min
  stage 7 epoch 0  val 0.9710  step 16813  6.5 min
  stage 7 epoch 1  val 0.9920  step 17204  6.7 min
  stage 7 epoch 2  val 0.9938  step 17595  7.0 min
  stage 7 epoch 3  val 0.9988  step 17986  7.2 min
  stage 7 epoch 4  val 1.0000  step 18377  7.4 min
  stage 7 epoch 5  val 1.0000  step 18768  7.7 min
done runs/kt2_retry1/balanced_T7_p7/latent-compact_rf-base-aisd-L4-D256-lr0.0003-s0: val 1.0000 zero-latent val 0.1460
=== [7] balanced T=7 seed=0 pause, 48 epochs (20:43)
runs/kt2_retry1/balanced_T7_p7/pause-compact_rf-L4-D256-lr0.0003-s0 | 3,230,464 params | cuda | stages [(None, 48)]
  stage None epoch 0  val 0.1823  step 391  0.1 min
  stage None epoch 1  val 0.1847  step 782  0.1 min
  stage None epoch 2  val 0.1871  step 1173  0.2 min
  stage None epoch 3  val 0.1867  step 1564  0.2 min
  stage None epoch 4  val 0.1899  step 1955  0.3 min
  stage None epoch 5  val 0.1899  step 2346  0.3 min
  stage None epoch 6  val 0.1911  step 2737  0.4 min
  stage None epoch 7  val 0.1883  step 3128  0.5 min
  stage None epoch 8  val 0.1919  step 3519  0.5 min
  stage None epoch 9  val 0.1899  step 3910  0.6 min
  stage None epoch 10  val 0.1847  step 4301  0.6 min
  stage None epoch 11  val 0.1843  step 4692  0.7 min
  stage None epoch 12  val 0.1845  step 5083  0.7 min
  stage None epoch 13  val 0.1881  step 5474  0.8 min
  stage None epoch 14  val 0.1907  step 5865  0.8 min
  stage None epoch 15  val 0.1871  step 6256  0.8 min
  stage None epoch 16  val 0.1891  step 6647  0.9 min
  stage None epoch 17  val 0.1883  step 7038  0.9 min
  stage None epoch 18  val 0.1859  step 7429  1.0 min
  stage None epoch 19  val 0.1913  step 7820  1.1 min
  stage None epoch 20  val 0.1909  step 8211  1.1 min
  stage None epoch 21  val 0.1897  step 8602  1.1 min
  stage None epoch 22  val 0.1911  step 8993  1.2 min
  stage None epoch 23  val 0.1883  step 9384  1.2 min
  stage None epoch 24  val 0.1973  step 9775  1.3 min
  stage None epoch 25  val 0.1905  step 10166  1.4 min
  stage None epoch 26  val 0.1983  step 10557  1.4 min
  stage None epoch 27  val 0.1931  step 10948  1.4 min
  stage None epoch 28  val 0.1941  step 11339  1.5 min
  stage None epoch 29  val 0.1935  step 11730  1.5 min
  stage None epoch 30  val 0.2003  step 12121  1.6 min
  stage None epoch 31  val 0.1991  step 12512  1.6 min
  stage None epoch 32  val 0.1953  step 12903  1.7 min
  stage None epoch 33  val 0.1975  step 13294  1.7 min
  stage None epoch 34  val 0.1939  step 13685  1.8 min
  stage None epoch 35  val 0.2049  step 14076  1.8 min
  stage None epoch 36  val 0.1985  step 14467  1.9 min
  stage None epoch 37  val 0.2015  step 14858  2.0 min
  stage None epoch 38  val 0.2019  step 15249  2.0 min
  stage None epoch 39  val 0.2009  step 15640  2.1 min
  stage None epoch 40  val 0.1961  step 16031  2.1 min
  stage None epoch 41  val 0.1961  step 16422  2.2 min
  stage None epoch 42  val 0.2009  step 16813  2.2 min
  stage None epoch 43  val 0.1973  step 17204  2.3 min
  stage None epoch 44  val 0.2007  step 17595  2.3 min
  stage None epoch 45  val 0.1953  step 17986  2.3 min
  stage None epoch 46  val 0.1941  step 18377  2.4 min
  stage None epoch 47  val 0.2009  step 18768  2.4 min
done runs/kt2_retry1/balanced_T7_p7/pause-compact_rf-L4-D256-lr0.0003-s0: val 0.2048
=== [7] balanced T=7 seed=0 direct (20:45)
runs/kt2_retry1/balanced_T7_p7/direct-compact_rf-L4-D256-lr0.0003-s0 | 3,230,464 params | cuda | stages [(None, 30)]
  stage None epoch 0  val 0.1827  step 391  0.1 min
  stage None epoch 1  val 0.1875  step 782  0.1 min
  stage None epoch 2  val 0.1879  step 1173  0.2 min
  stage None epoch 3  val 0.1865  step 1564  0.2 min
  stage None epoch 4  val 0.1923  step 1955  0.3 min
  stage None epoch 5  val 0.1881  step 2346  0.3 min
  stage None epoch 6  val 0.1865  step 2737  0.3 min
  stage None epoch 7  val 0.1879  step 3128  0.4 min
  stage None epoch 8  val 0.1975  step 3519  0.4 min
  stage None epoch 9  val 0.1837  step 3910  0.5 min
  stage None epoch 10  val 0.1863  step 4301  0.5 min
  stage None epoch 11  val 0.1885  step 4692  0.6 min
  stage None epoch 12  val 0.1823  step 5083  0.6 min
  stage None epoch 13  val 0.1879  step 5474  0.7 min
  stage None epoch 14  val 0.1881  step 5865  0.7 min
  stage None epoch 15  val 0.1897  step 6256  0.8 min
  stage None epoch 16  val 0.1867  step 6647  0.8 min
  stage None epoch 17  val 0.1859  step 7038  0.9 min
  stage None epoch 18  val 0.1933  step 7429  0.9 min
  stage None epoch 19  val 0.1881  step 7820  1.0 min
  stage None epoch 20  val 0.1879  step 8211  1.0 min
  stage None epoch 21  val 0.1873  step 8602  1.1 min
  stage None epoch 22  val 0.1911  step 8993  1.1 min
  stage None epoch 23  val 0.1861  step 9384  1.2 min
  stage None epoch 24  val 0.1887  step 9775  1.2 min
  stage None epoch 25  val 0.1935  step 10166  1.3 min
  stage None epoch 26  val 0.1937  step 10557  1.3 min
  stage None epoch 27  val 0.1909  step 10948  1.3 min
  stage None epoch 28  val 0.1919  step 11339  1.4 min
  stage None epoch 29  val 0.1935  step 11730  1.4 min
done runs/kt2_retry1/balanced_T7_p7/direct-compact_rf-L4-D256-lr0.0003-s0: val 0.1974
=== [8] balanced T=7 seed=1 latent (20:47)
runs/kt2_retry1/balanced_T7_p7/latent-compact_rf-base-aisd-L4-D256-lr0.0003-s1 | 3,230,464 params | cuda | stages [(0, 6), (1, 6), (2, 6), (3, 6), (4, 6), (5, 6), (6, 6), (7, 6)]
  stage 0 epoch 0  val 0.5214  step 391  0.1 min
  stage 0 epoch 1  val 1.0000  step 782  0.2 min
  stage 0 epoch 2  val 1.0000  step 1173  0.3 min
  stage 0 epoch 3  val 1.0000  step 1564  0.4 min
  stage 0 epoch 4  val 1.0000  step 1955  0.4 min
  stage 0 epoch 5  val 1.0000  step 2346  0.5 min
  stage 1 epoch 0  val 0.9808  step 2737  0.6 min
  stage 1 epoch 1  val 1.0000  step 3128  0.7 min
  stage 1 epoch 2  val 1.0000  step 3519  0.9 min
  stage 1 epoch 3  val 1.0000  step 3910  1.0 min
  stage 1 epoch 4  val 1.0000  step 4301  1.1 min
  stage 1 epoch 5  val 1.0000  step 4692  1.2 min
  stage 2 epoch 0  val 0.3121  step 5083  1.3 min
  stage 2 epoch 1  val 0.9952  step 5474  1.4 min
  stage 2 epoch 2  val 1.0000  step 5865  1.5 min
  stage 2 epoch 3  val 1.0000  step 6256  1.7 min
  stage 2 epoch 4  val 1.0000  step 6647  1.8 min
  stage 2 epoch 5  val 1.0000  step 7038  1.9 min
  stage 3 epoch 0  val 0.9914  step 7429  2.1 min
  stage 3 epoch 1  val 0.9996  step 7820  2.2 min
  stage 3 epoch 2  val 1.0000  step 8211  2.4 min
  stage 3 epoch 3  val 1.0000  step 8602  2.5 min
  stage 3 epoch 4  val 1.0000  step 8993  2.7 min
  stage 3 epoch 5  val 1.0000  step 9384  2.8 min
  stage 4 epoch 0  val 0.2293  step 9775  3.0 min
  stage 4 epoch 1  val 0.5828  step 10166  3.1 min
  stage 4 epoch 2  val 0.9628  step 10557  3.3 min
  stage 4 epoch 3  val 0.9978  step 10948  3.5 min
  stage 4 epoch 4  val 0.9974  step 11339  3.7 min
  stage 4 epoch 5  val 1.0000  step 11730  3.8 min
  stage 5 epoch 0  val 0.3980  step 12121  4.0 min
  stage 5 epoch 1  val 0.5162  step 12512  4.2 min
  stage 5 epoch 2  val 0.9876  step 12903  4.4 min
  stage 5 epoch 3  val 0.9996  step 13294  4.6 min
  stage 5 epoch 4  val 1.0000  step 13685  4.8 min
  stage 5 epoch 5  val 1.0000  step 14076  5.0 min
  stage 6 epoch 0  val 0.2605  step 14467  5.2 min
  stage 6 epoch 1  val 0.2663  step 14858  5.4 min
  stage 6 epoch 2  val 0.2669  step 15249  5.6 min
  stage 6 epoch 3  val 0.2679  step 15640  5.9 min
  stage 6 epoch 4  val 0.2729  step 16031  6.1 min
  stage 6 epoch 5  val 0.2787  step 16422  6.3 min
  stage 7 epoch 0  val 0.2281  step 16813  6.5 min
  stage 7 epoch 1  val 0.2647  step 17204  6.8 min
  stage 7 epoch 2  val 0.2639  step 17595  7.0 min
  stage 7 epoch 3  val 0.2635  step 17986  7.2 min
  stage 7 epoch 4  val 0.2659  step 18377  7.5 min
  stage 7 epoch 5  val 0.2739  step 18768  7.7 min
done runs/kt2_retry1/balanced_T7_p7/latent-compact_rf-base-aisd-L4-D256-lr0.0003-s1: val 0.2740 zero-latent val 0.1720
=== [8] balanced T=7 seed=1 pause, 48 epochs (20:54)
runs/kt2_retry1/balanced_T7_p7/pause-compact_rf-L4-D256-lr0.0003-s1 | 3,230,464 params | cuda | stages [(None, 48)]
  stage None epoch 0  val 0.1835  step 391  0.1 min
  stage None epoch 1  val 0.1871  step 782  0.1 min
  stage None epoch 2  val 0.1885  step 1173  0.2 min
  stage None epoch 3  val 0.1763  step 1564  0.2 min
  stage None epoch 4  val 0.1703  step 1955  0.3 min
  stage None epoch 5  val 0.1881  step 2346  0.3 min
  stage None epoch 6  val 0.1831  step 2737  0.4 min
  stage None epoch 7  val 0.1907  step 3128  0.4 min
  stage None epoch 8  val 0.1855  step 3519  0.5 min
  stage None epoch 9  val 0.1875  step 3910  0.5 min
  stage None epoch 10  val 0.1877  step 4301  0.6 min
  stage None epoch 11  val 0.1837  step 4692  0.6 min
  stage None epoch 12  val 0.1879  step 5083  0.7 min
  stage None epoch 13  val 0.1897  step 5474  0.7 min
  stage None epoch 14  val 0.1831  step 5865  0.8 min
  stage None epoch 15  val 0.1903  step 6256  0.8 min
  stage None epoch 16  val 0.1855  step 6647  0.9 min
  stage None epoch 17  val 0.1879  step 7038  0.9 min
  stage None epoch 18  val 0.1865  step 7429  1.0 min
  stage None epoch 19  val 0.1897  step 7820  1.0 min
  stage None epoch 20  val 0.1905  step 8211  1.0 min
  stage None epoch 21  val 0.1935  step 8602  1.1 min
  stage None epoch 22  val 0.1895  step 8993  1.1 min
  stage None epoch 23  val 0.1857  step 9384  1.2 min
  stage None epoch 24  val 0.1875  step 9775  1.2 min
  stage None epoch 25  val 0.1941  step 10166  1.3 min
  stage None epoch 26  val 0.1897  step 10557  1.3 min
  stage None epoch 27  val 0.1919  step 10948  1.4 min
  stage None epoch 28  val 0.1873  step 11339  1.4 min
  stage None epoch 29  val 0.1855  step 11730  1.5 min
  stage None epoch 30  val 0.1881  step 12121  1.5 min
  stage None epoch 31  val 0.1865  step 12512  1.6 min
  stage None epoch 32  val 0.1857  step 12903  1.6 min
  stage None epoch 33  val 0.1867  step 13294  1.7 min
  stage None epoch 34  val 0.1879  step 13685  1.7 min
  stage None epoch 35  val 0.1907  step 14076  1.8 min
  stage None epoch 36  val 0.1885  step 14467  1.8 min
  stage None epoch 37  val 0.1917  step 14858  1.9 min
  stage None epoch 38  val 0.1929  step 15249  1.9 min
  stage None epoch 39  val 0.1891  step 15640  2.0 min
  stage None epoch 40  val 0.1927  step 16031  2.0 min
  stage None epoch 41  val 0.1865  step 16422  2.1 min
  stage None epoch 42  val 0.1821  step 16813  2.1 min
  stage None epoch 43  val 0.1917  step 17204  2.2 min
  stage None epoch 44  val 0.1935  step 17595  2.2 min
  stage None epoch 45  val 0.1875  step 17986  2.3 min
  stage None epoch 46  val 0.1909  step 18377  2.3 min
  stage None epoch 47  val 0.1871  step 18768  2.4 min
done runs/kt2_retry1/balanced_T7_p7/pause-compact_rf-L4-D256-lr0.0003-s1: val 0.1940
=== [8] balanced T=7 seed=1 direct (20:57)
runs/kt2_retry1/balanced_T7_p7/direct-compact_rf-L4-D256-lr0.0003-s1 | 3,230,464 params | cuda | stages [(None, 30)]
  stage None epoch 0  val 0.1853  step 391  0.1 min
  stage None epoch 1  val 0.1869  step 782  0.1 min
  stage None epoch 2  val 0.1885  step 1173  0.2 min
  stage None epoch 3  val 0.1781  step 1564  0.2 min
  stage None epoch 4  val 0.1733  step 1955  0.3 min
  stage None epoch 5  val 0.1865  step 2346  0.3 min
  stage None epoch 6  val 0.1837  step 2737  0.4 min
  stage None epoch 7  val 0.1859  step 3128  0.4 min
  stage None epoch 8  val 0.1851  step 3519  0.5 min
  stage None epoch 9  val 0.1875  step 3910  0.5 min
  stage None epoch 10  val 0.1839  step 4301  0.6 min
  stage None epoch 11  val 0.1871  step 4692  0.6 min
  stage None epoch 12  val 0.1873  step 5083  0.7 min
  stage None epoch 13  val 0.1899  step 5474  0.7 min
  stage None epoch 14  val 0.1855  step 5865  0.8 min
  stage None epoch 15  val 0.1913  step 6256  0.8 min
  stage None epoch 16  val 0.1909  step 6647  0.8 min
  stage None epoch 17  val 0.1883  step 7038  0.9 min
  stage None epoch 18  val 0.1921  step 7429  0.9 min
  stage None epoch 19  val 0.1781  step 7820  1.0 min
  stage None epoch 20  val 0.1917  step 8211  1.0 min
  stage None epoch 21  val 0.1927  step 8602  1.1 min
  stage None epoch 22  val 0.1877  step 8993  1.1 min
  stage None epoch 23  val 0.1923  step 9384  1.2 min
  stage None epoch 24  val 0.1913  step 9775  1.2 min
  stage None epoch 25  val 0.1957  step 10166  1.3 min
  stage None epoch 26  val 0.1899  step 10557  1.3 min
  stage None epoch 27  val 0.1911  step 10948  1.4 min
  stage None epoch 28  val 0.1859  step 11339  1.4 min
  stage None epoch 29  val 0.1909  step 11730  1.5 min
done runs/kt2_retry1/balanced_T7_p7/direct-compact_rf-L4-D256-lr0.0003-s1: val 0.1956
=== [9] balanced T=7 seed=2 latent (20:58)
runs/kt2_retry1/balanced_T7_p7/latent-compact_rf-base-aisd-L4-D256-lr0.0003-s2 | 3,230,464 params | cuda | stages [(0, 6), (1, 6), (2, 6), (3, 6), (4, 6), (5, 6), (6, 6), (7, 6)]
  stage 0 epoch 0  val 0.9682  step 391  0.1 min
  stage 0 epoch 1  val 1.0000  step 782  0.2 min
  stage 0 epoch 2  val 0.9994  step 1173  0.3 min
  stage 0 epoch 3  val 1.0000  step 1564  0.4 min
  stage 0 epoch 4  val 1.0000  step 1955  0.4 min
  stage 0 epoch 5  val 1.0000  step 2346  0.5 min
  stage 1 epoch 0  val 0.8912  step 2737  0.6 min
  stage 1 epoch 1  val 0.9906  step 3128  0.7 min
  stage 1 epoch 2  val 1.0000  step 3519  0.9 min
  stage 1 epoch 3  val 1.0000  step 3910  1.0 min
  stage 1 epoch 4  val 1.0000  step 4301  1.1 min
  stage 1 epoch 5  val 1.0000  step 4692  1.2 min
  stage 2 epoch 0  val 0.9880  step 5083  1.3 min
  stage 2 epoch 1  val 0.9966  step 5474  1.4 min
  stage 2 epoch 2  val 1.0000  step 5865  1.5 min
  stage 2 epoch 3  val 1.0000  step 6256  1.7 min
  stage 2 epoch 4  val 1.0000  step 6647  1.8 min
  stage 2 epoch 5  val 1.0000  step 7038  1.9 min
  stage 3 epoch 0  val 0.2227  step 7429  2.1 min
  stage 3 epoch 1  val 0.2449  step 7820  2.2 min
  stage 3 epoch 2  val 0.2427  step 8211  2.4 min
  stage 3 epoch 3  val 0.2649  step 8602  2.5 min
  stage 3 epoch 4  val 0.2663  step 8993  2.7 min
  stage 3 epoch 5  val 0.2631  step 9384  2.8 min
  stage 4 epoch 0  val 0.2239  step 9775  3.0 min
  stage 4 epoch 1  val 0.2657  step 10166  3.2 min
  stage 4 epoch 2  val 0.2599  step 10557  3.3 min
  stage 4 epoch 3  val 0.2621  step 10948  3.5 min
  stage 4 epoch 4  val 0.2633  step 11339  3.7 min
  stage 4 epoch 5  val 0.2737  step 11730  3.8 min
  stage 5 epoch 0  val 0.2643  step 12121  4.0 min
  stage 5 epoch 1  val 0.2663  step 12512  4.2 min
  stage 5 epoch 2  val 0.2609  step 12903  4.4 min
  stage 5 epoch 3  val 0.2717  step 13294  4.6 min
  stage 5 epoch 4  val 0.2773  step 13685  4.8 min
  stage 5 epoch 5  val 0.2843  step 14076  5.0 min
  stage 6 epoch 0  val 0.2261  step 14467  5.2 min
  stage 6 epoch 1  val 0.2513  step 14858  5.4 min
  stage 6 epoch 2  val 0.2575  step 15249  5.7 min
  stage 6 epoch 3  val 0.2641  step 15640  5.9 min
  stage 6 epoch 4  val 0.2787  step 16031  6.1 min
  stage 6 epoch 5  val 0.2783  step 16422  6.3 min
  stage 7 epoch 0  val 0.2011  step 16813  6.5 min
  stage 7 epoch 1  val 0.2229  step 17204  6.8 min
  stage 7 epoch 2  val 0.2675  step 17595  7.0 min
  stage 7 epoch 3  val 0.2811  step 17986  7.2 min
  stage 7 epoch 4  val 0.2933  step 18377  7.5 min
  stage 7 epoch 5  val 0.3011  step 18768  7.7 min
done runs/kt2_retry1/balanced_T7_p7/latent-compact_rf-base-aisd-L4-D256-lr0.0003-s2: val 0.3010 zero-latent val 0.1442
=== [9] balanced T=7 seed=2 pause, 48 epochs (21:06)
runs/kt2_retry1/balanced_T7_p7/pause-compact_rf-L4-D256-lr0.0003-s2 | 3,230,464 params | cuda | stages [(None, 48)]
  stage None epoch 0  val 0.1845  step 391  0.1 min
  stage None epoch 1  val 0.1869  step 782  0.1 min
  stage None epoch 2  val 0.1855  step 1173  0.2 min
  stage None epoch 3  val 0.1895  step 1564  0.2 min
  stage None epoch 4  val 0.1881  step 1955  0.3 min
  stage None epoch 5  val 0.1857  step 2346  0.3 min
  stage None epoch 6  val 0.1859  step 2737  0.4 min
  stage None epoch 7  val 0.1863  step 3128  0.4 min
  stage None epoch 8  val 0.1879  step 3519  0.5 min
  stage None epoch 9  val 0.1879  step 3910  0.5 min
  stage None epoch 10  val 0.1883  step 4301  0.6 min
  stage None epoch 11  val 0.1863  step 4692  0.6 min
  stage None epoch 12  val 0.1865  step 5083  0.6 min
  stage None epoch 13  val 0.1851  step 5474  0.7 min
  stage None epoch 14  val 0.1879  step 5865  0.8 min
  stage None epoch 15  val 0.1903  step 6256  0.8 min
  stage None epoch 16  val 0.1795  step 6647  0.9 min
  stage None epoch 17  val 0.1933  step 7038  0.9 min
  stage None epoch 18  val 0.1891  step 7429  1.0 min
  stage None epoch 19  val 0.1903  step 7820  1.0 min
  stage None epoch 20  val 0.1851  step 8211  1.1 min
  stage None epoch 21  val 0.1861  step 8602  1.1 min
  stage None epoch 22  val 0.1923  step 8993  1.2 min
  stage None epoch 23  val 0.1881  step 9384  1.2 min
  stage None epoch 24  val 0.1889  step 9775  1.3 min
  stage None epoch 25  val 0.1897  step 10166  1.3 min
  stage None epoch 26  val 0.1911  step 10557  1.4 min
  stage None epoch 27  val 0.1975  step 10948  1.4 min
  stage None epoch 28  val 0.1859  step 11339  1.5 min
  stage None epoch 29  val 0.1957  step 11730  1.5 min
  stage None epoch 30  val 0.1997  step 12121  1.6 min
  stage None epoch 31  val 0.1937  step 12512  1.6 min
  stage None epoch 32  val 0.1993  step 12903  1.7 min
  stage None epoch 33  val 0.1933  step 13294  1.7 min
  stage None epoch 34  val 0.1903  step 13685  1.8 min
  stage None epoch 35  val 0.1899  step 14076  1.8 min
  stage None epoch 36  val 0.1941  step 14467  1.9 min
  stage None epoch 37  val 0.1885  step 14858  1.9 min
  stage None epoch 38  val 0.1923  step 15249  2.0 min
  stage None epoch 39  val 0.2031  step 15640  2.0 min
  stage None epoch 40  val 0.1953  step 16031  2.1 min
  stage None epoch 41  val 0.1979  step 16422  2.1 min
  stage None epoch 42  val 0.1997  step 16813  2.2 min
  stage None epoch 43  val 0.1915  step 17204  2.2 min
  stage None epoch 44  val 0.1967  step 17595  2.3 min
  stage None epoch 45  val 0.1967  step 17986  2.3 min
  stage None epoch 46  val 0.1973  step 18377  2.4 min
  stage None epoch 47  val 0.1997  step 18768  2.4 min
done runs/kt2_retry1/balanced_T7_p7/pause-compact_rf-L4-D256-lr0.0003-s2: val 0.2030
=== [9] balanced T=7 seed=2 direct (21:08)
runs/kt2_retry1/balanced_T7_p7/direct-compact_rf-L4-D256-lr0.0003-s2 | 3,230,464 params | cuda | stages [(None, 30)]
  stage None epoch 0  val 0.1771  step 391  0.1 min
  stage None epoch 1  val 0.1867  step 782  0.1 min
  stage None epoch 2  val 0.1839  step 1173  0.2 min
  stage None epoch 3  val 0.1889  step 1564  0.2 min
  stage None epoch 4  val 0.1881  step 1955  0.3 min
  stage None epoch 5  val 0.1867  step 2346  0.3 min
  stage None epoch 6  val 0.1867  step 2737  0.4 min
  stage None epoch 7  val 0.1855  step 3128  0.4 min
  stage None epoch 8  val 0.1833  step 3519  0.4 min
  stage None epoch 9  val 0.1929  step 3910  0.5 min
  stage None epoch 10  val 0.1879  step 4301  0.5 min
  stage None epoch 11  val 0.1849  step 4692  0.6 min
  stage None epoch 12  val 0.1867  step 5083  0.6 min
  stage None epoch 13  val 0.1889  step 5474  0.7 min
  stage None epoch 14  val 0.1883  step 5865  0.7 min
  stage None epoch 15  val 0.1893  step 6256  0.8 min
  stage None epoch 16  val 0.1793  step 6647  0.8 min
  stage None epoch 17  val 0.1897  step 7038  0.9 min
  stage None epoch 18  val 0.1953  step 7429  0.9 min
  stage None epoch 19  val 0.1853  step 7820  1.0 min
  stage None epoch 20  val 0.1907  step 8211  1.0 min
  stage None epoch 21  val 0.1907  step 8602  1.1 min
  stage None epoch 22  val 0.1921  step 8993  1.1 min
  stage None epoch 23  val 0.1899  step 9384  1.2 min
  stage None epoch 24  val 0.1895  step 9775  1.2 min
  stage None epoch 25  val 0.1901  step 10166  1.3 min
  stage None epoch 26  val 0.1897  step 10557  1.3 min
  stage None epoch 27  val 0.1933  step 10948  1.4 min
  stage None epoch 28  val 0.1903  step 11339  1.4 min
  stage None epoch 29  val 0.1913  step 11730  1.5 min
done runs/kt2_retry1/balanced_T7_p7/direct-compact_rf-L4-D256-lr0.0003-s2: val 0.1952
p=7 balanced T=7 L=4 trace=compact_rf  ->  fail
  latent       0.525 [0.00,1.00] (1.000 0.274 0.301)              need >= 0.900  NO
  zero-latent  0.154 [0.12,0.19] (0.146 0.172 0.144)              need <= 0.243  ok
  pause        0.201 [0.19,0.21] (0.205 0.194 0.203)              need <= 0.296  ok
  direct       0.196 [0.19,0.20] (0.197 0.196 0.195)
  latent epochs [48, 48, 48], pause epochs [48, 48, 48]
p=7 chain T=4 L=4 trace=compact_rf  ->  PASS
  latent       0.996 [0.98,1.00] (1.000 0.989 1.000)              need >= 0.900  ok
  zero-latent  0.142 [0.14,0.14] (0.143 0.142 0.142)              need <= 0.243  ok
  pause        0.241 [0.22,0.26] (0.250 0.238 0.235)              need <= 0.373  ok
  direct       0.273 [0.12,0.43] (0.237 0.344 0.236)
  latent epochs [30, 30, 30], pause epochs [30, 30, 30]
p=7 chain T=8 L=4 trace=compact_rf  ->  fail
  latent       0.552 [0.00,1.00] (1.000 0.364 0.292)              need >= 0.900  NO
  zero-latent  0.144 [0.13,0.15] (0.143 0.140 0.148)              need <= 0.243  ok
  pause        0.232 [0.23,0.24] (0.231 0.235 0.230)              need <= 0.329  ok
  direct       0.229 [0.22,0.24] (0.227 0.235 0.226)
  latent epochs [54, 54, 54], pause epochs [54, 54, 54]

all numbers are validation accuracy; mean [95% t-interval over seeds] (per-seed values)
chain cell passing: yes; balanced T=7 passing: no
KILL TEST 2: FAIL
balanced T=7 failed to learn: run the predefined fallback with  FALLBACK=1 bash sweep_kt2.sh
